   1               		.file	"Intensity_cntrl.c"
   2               	__SP_H__ = 0x3e
   3               	__SP_L__ = 0x3d
   4               	__SREG__ = 0x3f
   5               	__tmp_reg__ = 0
   6               	__zero_reg__ = 1
   8               		.text
   9               	.Ltext0:
 109               	.global	get_intensity
 111               	get_intensity:
   1:/Users/Roger/Library/Mobile Documents/com~apple~CloudDocs/Firmwares/XAVR/DOC_xavr/DOC_xavr/Intensity_cntrl.c **** //
   2:/Users/Roger/Library/Mobile Documents/com~apple~CloudDocs/Firmwares/XAVR/DOC_xavr/DOC_xavr/Intensity_cntrl.c **** //  Intensity_cntrl.c
   3:/Users/Roger/Library/Mobile Documents/com~apple~CloudDocs/Firmwares/XAVR/DOC_xavr/DOC_xavr/Intensity_cntrl.c **** //  DOC_xavr
   4:/Users/Roger/Library/Mobile Documents/com~apple~CloudDocs/Firmwares/XAVR/DOC_xavr/DOC_xavr/Intensity_cntrl.c **** //
   5:/Users/Roger/Library/Mobile Documents/com~apple~CloudDocs/Firmwares/XAVR/DOC_xavr/DOC_xavr/Intensity_cntrl.c **** //  Created by Roger on 2016-06-10.
   6:/Users/Roger/Library/Mobile Documents/com~apple~CloudDocs/Firmwares/XAVR/DOC_xavr/DOC_xavr/Intensity_cntrl.c **** //  Copyright © 2016 Roger. All rights reserved.
   7:/Users/Roger/Library/Mobile Documents/com~apple~CloudDocs/Firmwares/XAVR/DOC_xavr/DOC_xavr/Intensity_cntrl.c **** //
   8:/Users/Roger/Library/Mobile Documents/com~apple~CloudDocs/Firmwares/XAVR/DOC_xavr/DOC_xavr/Intensity_cntrl.c **** 
   9:/Users/Roger/Library/Mobile Documents/com~apple~CloudDocs/Firmwares/XAVR/DOC_xavr/DOC_xavr/Intensity_cntrl.c **** #include "Intensity_cntrl.h"
  10:/Users/Roger/Library/Mobile Documents/com~apple~CloudDocs/Firmwares/XAVR/DOC_xavr/DOC_xavr/Intensity_cntrl.c **** 
  11:/Users/Roger/Library/Mobile Documents/com~apple~CloudDocs/Firmwares/XAVR/DOC_xavr/DOC_xavr/Intensity_cntrl.c **** 
  12:/Users/Roger/Library/Mobile Documents/com~apple~CloudDocs/Firmwares/XAVR/DOC_xavr/DOC_xavr/Intensity_cntrl.c **** 
  13:/Users/Roger/Library/Mobile Documents/com~apple~CloudDocs/Firmwares/XAVR/DOC_xavr/DOC_xavr/Intensity_cntrl.c **** 
  14:/Users/Roger/Library/Mobile Documents/com~apple~CloudDocs/Firmwares/XAVR/DOC_xavr/DOC_xavr/Intensity_cntrl.c **** 
  15:/Users/Roger/Library/Mobile Documents/com~apple~CloudDocs/Firmwares/XAVR/DOC_xavr/DOC_xavr/Intensity_cntrl.c **** u8 get_intensity (void){
 113               	.LM0:
 114               	.LFBB1:
 115               	/* prologue: function */
 116               	/* frame size = 0 */
 117               	/* stack size = 0 */
 118               	.L__stack_usage = 0
  16:/Users/Roger/Library/Mobile Documents/com~apple~CloudDocs/Firmwares/XAVR/DOC_xavr/DOC_xavr/Intensity_cntrl.c **** 
  17:/Users/Roger/Library/Mobile Documents/com~apple~CloudDocs/Firmwares/XAVR/DOC_xavr/DOC_xavr/Intensity_cntrl.c ****     return 5;   //this is just a stub for now
  18:/Users/Roger/Library/Mobile Documents/com~apple~CloudDocs/Firmwares/XAVR/DOC_xavr/DOC_xavr/Intensity_cntrl.c **** }//read the initial intensity value from EEPROM
 120               	.LM1:
 121 0000 85E0      		ldi r24,lo8(5)
 122 0002 0895      		ret
 124               	.Lscope1:
 126               	.Letext0:
 127               		.ident	"GCC: (GNU) 4.9.3"
DEFINED SYMBOLS
                            *ABS*:0000000000000000 Intensity_cntrl.c
/var/folders/5n/sn67s4dx5cj3x2ns4qywc93r0000gn/T//ccyEXTJl.s:2      *ABS*:000000000000003e __SP_H__
/var/folders/5n/sn67s4dx5cj3x2ns4qywc93r0000gn/T//ccyEXTJl.s:3      *ABS*:000000000000003d __SP_L__
/var/folders/5n/sn67s4dx5cj3x2ns4qywc93r0000gn/T//ccyEXTJl.s:4      *ABS*:000000000000003f __SREG__
/var/folders/5n/sn67s4dx5cj3x2ns4qywc93r0000gn/T//ccyEXTJl.s:5      *ABS*:0000000000000000 __tmp_reg__
/var/folders/5n/sn67s4dx5cj3x2ns4qywc93r0000gn/T//ccyEXTJl.s:6      *ABS*:0000000000000001 __zero_reg__
/var/folders/5n/sn67s4dx5cj3x2ns4qywc93r0000gn/T//ccyEXTJl.s:111    .text:0000000000000000 get_intensity

NO UNDEFINED SYMBOLS
