Archive member included to satisfy reference by file (symbol)

/usr/local/Cellar/avr-gcc/4.9.3/lib/gcc/avr/4.9.3/avr5/libgcc.a(_muluhisi3.o)
                              Builds/ADC.o (__muluhisi3)
/usr/local/Cellar/avr-gcc/4.9.3/lib/gcc/avr/4.9.3/avr5/libgcc.a(_udivmodhi4.o)
                              Builds/timer.o (__udivmodhi4)
/usr/local/Cellar/avr-gcc/4.9.3/lib/gcc/avr/4.9.3/avr5/libgcc.a(_udivmodsi4.o)
                              Builds/ADC.o (__udivmodsi4)
/usr/local/Cellar/avr-gcc/4.9.3/lib/gcc/avr/4.9.3/avr5/libgcc.a(_exit.o)
                              /usr/local/Cellar/avr-gcc/4.9.3/lib/gcc/avr/4.9.3/../../../../avr/lib/avr5/crtm328p.o (exit)
/usr/local/Cellar/avr-gcc/4.9.3/lib/gcc/avr/4.9.3/avr5/libgcc.a(_copy_data.o)
                              Builds/timer.o (__do_copy_data)
/usr/local/Cellar/avr-gcc/4.9.3/lib/gcc/avr/4.9.3/avr5/libgcc.a(_clear_bss.o)
                              Builds/main.o (__do_clear_bss)
/usr/local/Cellar/avr-gcc/4.9.3/lib/gcc/avr/4.9.3/avr5/libgcc.a(_umulhisi3.o)
                              /usr/local/Cellar/avr-gcc/4.9.3/lib/gcc/avr/4.9.3/avr5/libgcc.a(_muluhisi3.o) (__umulhisi3)
/usr/local/Cellar/avr-gcc/4.9.3/lib/gcc/avr/4.9.3/../../../../avr/lib/avr5/libc.a(eerd_byte_atmega328p.o)
                              Builds/Intensity_cntrl.o (__eerd_byte_m328p)
/usr/local/Cellar/avr-gcc/4.9.3/lib/gcc/avr/4.9.3/../../../../avr/lib/avr5/libc.a(eewr_byte_atmega328p.o)
                              Builds/Intensity_cntrl.o (__eewr_byte_m328p)

Memory Configuration

Name             Origin             Length             Attributes
text             0x0000000000000000 0x0000000000020000 xr
data             0x0000000000800060 0x000000000000ffa0 rw !x
eeprom           0x0000000000810000 0x0000000000010000 rw !x
fuse             0x0000000000820000 0x0000000000000400 rw !x
lock             0x0000000000830000 0x0000000000000400 rw !x
signature        0x0000000000840000 0x0000000000000400 rw !x
*default*        0x0000000000000000 0xffffffffffffffff

Linker script and memory map

Address of section .data set to 0x800100
LOAD /usr/local/Cellar/avr-gcc/4.9.3/lib/gcc/avr/4.9.3/../../../../avr/lib/avr5/crtm328p.o
LOAD Builds/ADC.o
LOAD Builds/Intensity_cntrl.o
LOAD Builds/main.o
LOAD Builds/timer.o
LOAD /usr/local/Cellar/avr-gcc/4.9.3/lib/gcc/avr/4.9.3/../../../../avr/lib/avr5/libm.a
START GROUP
LOAD /usr/local/Cellar/avr-gcc/4.9.3/lib/gcc/avr/4.9.3/avr5/libgcc.a
LOAD /usr/local/Cellar/avr-gcc/4.9.3/lib/gcc/avr/4.9.3/../../../../avr/lib/avr5/libm.a
LOAD /usr/local/Cellar/avr-gcc/4.9.3/lib/gcc/avr/4.9.3/../../../../avr/lib/avr5/libc.a
END GROUP

.hash
 *(.hash)

.dynsym
 *(.dynsym)

.dynstr
 *(.dynstr)

.gnu.version
 *(.gnu.version)

.gnu.version_d
 *(.gnu.version_d)

.gnu.version_r
 *(.gnu.version_r)

.rel.init
 *(.rel.init)

.rela.init
 *(.rela.init)

.rel.text
 *(.rel.text)
 *(.rel.text.*)
 *(.rel.gnu.linkonce.t*)

.rela.text
 *(.rela.text)
 *(.rela.text.*)
 *(.rela.gnu.linkonce.t*)

.rel.fini
 *(.rel.fini)

.rela.fini
 *(.rela.fini)

.rel.rodata
 *(.rel.rodata)
 *(.rel.rodata.*)
 *(.rel.gnu.linkonce.r*)

.rela.rodata
 *(.rela.rodata)
 *(.rela.rodata.*)
 *(.rela.gnu.linkonce.r*)

.rel.data
 *(.rel.data)
 *(.rel.data.*)
 *(.rel.gnu.linkonce.d*)

.rela.data
 *(.rela.data)
 *(.rela.data.*)
 *(.rela.gnu.linkonce.d*)

.rel.ctors
 *(.rel.ctors)

.rela.ctors
 *(.rela.ctors)

.rel.dtors
 *(.rel.dtors)

.rela.dtors
 *(.rela.dtors)

.rel.got
 *(.rel.got)

.rela.got
 *(.rela.got)

.rel.bss
 *(.rel.bss)

.rela.bss
 *(.rela.bss)

.rel.plt
 *(.rel.plt)

.rela.plt
 *(.rela.plt)

.text           0x0000000000000000      0x610
 *(.vectors)
 .vectors       0x0000000000000000       0x68 /usr/local/Cellar/avr-gcc/4.9.3/lib/gcc/avr/4.9.3/../../../../avr/lib/avr5/crtm328p.o
                0x0000000000000000                __vectors
                0x0000000000000000                __vector_default
 *(.vectors)
 *(.progmem.gcc*)
                0x0000000000000068                . = ALIGN (0x2)
                0x0000000000000068                __trampolines_start = .
 *(.trampolines)
 .trampolines   0x0000000000000068        0x0 linker stubs
 *(.trampolines*)
                0x0000000000000068                __trampolines_end = .
 *(.progmem*)
                0x0000000000000068                . = ALIGN (0x2)
 *(.jumptables)
 *(.jumptables*)
 *(.lowtext)
 *(.lowtext*)
                0x0000000000000068                __ctors_start = .
 *(.ctors)
                0x0000000000000068                __ctors_end = .
                0x0000000000000068                __dtors_start = .
 *(.dtors)
                0x0000000000000068                __dtors_end = .
 SORT(*)(.ctors)
 SORT(*)(.dtors)
 *(.init0)
 .init0         0x0000000000000068        0x0 /usr/local/Cellar/avr-gcc/4.9.3/lib/gcc/avr/4.9.3/../../../../avr/lib/avr5/crtm328p.o
                0x0000000000000068                __init
 *(.init0)
 *(.init1)
 *(.init1)
 *(.init2)
 .init2         0x0000000000000068        0xc /usr/local/Cellar/avr-gcc/4.9.3/lib/gcc/avr/4.9.3/../../../../avr/lib/avr5/crtm328p.o
 *(.init2)
 *(.init3)
 *(.init3)
 *(.init4)
 .init4         0x0000000000000074       0x16 /usr/local/Cellar/avr-gcc/4.9.3/lib/gcc/avr/4.9.3/avr5/libgcc.a(_copy_data.o)
                0x0000000000000074                __do_copy_data
 .init4         0x000000000000008a       0x10 /usr/local/Cellar/avr-gcc/4.9.3/lib/gcc/avr/4.9.3/avr5/libgcc.a(_clear_bss.o)
                0x000000000000008a                __do_clear_bss
 *(.init4)
 *(.init5)
 *(.init5)
 *(.init6)
 *(.init6)
 *(.init7)
 *(.init7)
 *(.init8)
 *(.init8)
 *(.init9)
 .init9         0x000000000000009a        0x8 /usr/local/Cellar/avr-gcc/4.9.3/lib/gcc/avr/4.9.3/../../../../avr/lib/avr5/crtm328p.o
 *(.init9)
 *(.text)
 .text          0x00000000000000a2        0x4 /usr/local/Cellar/avr-gcc/4.9.3/lib/gcc/avr/4.9.3/../../../../avr/lib/avr5/crtm328p.o
                0x00000000000000a2                __vector_20
                0x00000000000000a2                __vector_1
                0x00000000000000a2                __vector_24
                0x00000000000000a2                __vector_12
                0x00000000000000a2                __bad_interrupt
                0x00000000000000a2                __vector_6
                0x00000000000000a2                __vector_23
                0x00000000000000a2                __vector_25
                0x00000000000000a2                __vector_11
                0x00000000000000a2                __vector_13
                0x00000000000000a2                __vector_17
                0x00000000000000a2                __vector_19
                0x00000000000000a2                __vector_7
                0x00000000000000a2                __vector_5
                0x00000000000000a2                __vector_4
                0x00000000000000a2                __vector_9
                0x00000000000000a2                __vector_2
                0x00000000000000a2                __vector_21
                0x00000000000000a2                __vector_15
                0x00000000000000a2                __vector_8
                0x00000000000000a2                __vector_10
                0x00000000000000a2                __vector_16
                0x00000000000000a2                __vector_18
                0x00000000000000a2                __vector_22
 .text          0x00000000000000a6       0x72 Builds/ADC.o
                0x00000000000000a6                init_ADC
                0x00000000000000b4                read_ADC
 .text          0x0000000000000118       0x1a Builds/Intensity_cntrl.o
                0x0000000000000118                set_intensity
                0x0000000000000122                get_intensity
 .text          0x0000000000000132       0x2c Builds/main.o
                0x0000000000000132                __vector_3
                0x0000000000000158                setsleepstat
 .text          0x000000000000015e      0x392 Builds/timer.o
                0x000000000000015e                timer0Init
                0x0000000000000176                initialize_intensity
                0x000000000000017c                next_digit
                0x0000000000000206                inc_seconds
                0x0000000000000264                timeequals0
                0x0000000000000272                shut_r_down
                0x00000000000002d0                display_batt
                0x00000000000002e6                display_volts
                0x0000000000000318                display_intensity
                0x000000000000033e                __vector_14
 .text          0x00000000000004f0        0x0 /usr/local/Cellar/avr-gcc/4.9.3/lib/gcc/avr/4.9.3/avr5/libgcc.a(_muluhisi3.o)
 .text          0x00000000000004f0        0x0 /usr/local/Cellar/avr-gcc/4.9.3/lib/gcc/avr/4.9.3/avr5/libgcc.a(_udivmodhi4.o)
 .text          0x00000000000004f0        0x0 /usr/local/Cellar/avr-gcc/4.9.3/lib/gcc/avr/4.9.3/avr5/libgcc.a(_udivmodsi4.o)
 .text          0x00000000000004f0        0x0 /usr/local/Cellar/avr-gcc/4.9.3/lib/gcc/avr/4.9.3/avr5/libgcc.a(_exit.o)
 .text          0x00000000000004f0        0x0 /usr/local/Cellar/avr-gcc/4.9.3/lib/gcc/avr/4.9.3/avr5/libgcc.a(_copy_data.o)
 .text          0x00000000000004f0        0x0 /usr/local/Cellar/avr-gcc/4.9.3/lib/gcc/avr/4.9.3/avr5/libgcc.a(_clear_bss.o)
 .text          0x00000000000004f0        0x0 /usr/local/Cellar/avr-gcc/4.9.3/lib/gcc/avr/4.9.3/avr5/libgcc.a(_umulhisi3.o)
 .text          0x00000000000004f0        0x0 /usr/local/Cellar/avr-gcc/4.9.3/lib/gcc/avr/4.9.3/../../../../avr/lib/avr5/libc.a(eerd_byte_atmega328p.o)
 .text          0x00000000000004f0        0x0 /usr/local/Cellar/avr-gcc/4.9.3/lib/gcc/avr/4.9.3/../../../../avr/lib/avr5/libc.a(eewr_byte_atmega328p.o)
                0x00000000000004f0                . = ALIGN (0x2)
 *(.text.*)
 .text.startup  0x00000000000004f0       0x50 Builds/main.o
                0x00000000000004f0                main
 .text.libgcc.mul
                0x0000000000000540       0x16 /usr/local/Cellar/avr-gcc/4.9.3/lib/gcc/avr/4.9.3/avr5/libgcc.a(_muluhisi3.o)
                0x0000000000000540                __muluhisi3
 .text.libgcc.div
                0x0000000000000556        0x0 /usr/local/Cellar/avr-gcc/4.9.3/lib/gcc/avr/4.9.3/avr5/libgcc.a(_muluhisi3.o)
 .text.libgcc   0x0000000000000556        0x0 /usr/local/Cellar/avr-gcc/4.9.3/lib/gcc/avr/4.9.3/avr5/libgcc.a(_muluhisi3.o)
 .text.libgcc.prologue
                0x0000000000000556        0x0 /usr/local/Cellar/avr-gcc/4.9.3/lib/gcc/avr/4.9.3/avr5/libgcc.a(_muluhisi3.o)
 .text.libgcc.builtins
                0x0000000000000556        0x0 /usr/local/Cellar/avr-gcc/4.9.3/lib/gcc/avr/4.9.3/avr5/libgcc.a(_muluhisi3.o)
 .text.libgcc.fmul
                0x0000000000000556        0x0 /usr/local/Cellar/avr-gcc/4.9.3/lib/gcc/avr/4.9.3/avr5/libgcc.a(_muluhisi3.o)
 .text.libgcc.fixed
                0x0000000000000556        0x0 /usr/local/Cellar/avr-gcc/4.9.3/lib/gcc/avr/4.9.3/avr5/libgcc.a(_muluhisi3.o)
 .text.libgcc.mul
                0x0000000000000556        0x0 /usr/local/Cellar/avr-gcc/4.9.3/lib/gcc/avr/4.9.3/avr5/libgcc.a(_udivmodhi4.o)
 .text.libgcc.div
                0x0000000000000556       0x28 /usr/local/Cellar/avr-gcc/4.9.3/lib/gcc/avr/4.9.3/avr5/libgcc.a(_udivmodhi4.o)
                0x0000000000000556                __udivmodhi4
 .text.libgcc   0x000000000000057e        0x0 /usr/local/Cellar/avr-gcc/4.9.3/lib/gcc/avr/4.9.3/avr5/libgcc.a(_udivmodhi4.o)
 .text.libgcc.prologue
                0x000000000000057e        0x0 /usr/local/Cellar/avr-gcc/4.9.3/lib/gcc/avr/4.9.3/avr5/libgcc.a(_udivmodhi4.o)
 .text.libgcc.builtins
                0x000000000000057e        0x0 /usr/local/Cellar/avr-gcc/4.9.3/lib/gcc/avr/4.9.3/avr5/libgcc.a(_udivmodhi4.o)
 .text.libgcc.fmul
                0x000000000000057e        0x0 /usr/local/Cellar/avr-gcc/4.9.3/lib/gcc/avr/4.9.3/avr5/libgcc.a(_udivmodhi4.o)
 .text.libgcc.fixed
                0x000000000000057e        0x0 /usr/local/Cellar/avr-gcc/4.9.3/lib/gcc/avr/4.9.3/avr5/libgcc.a(_udivmodhi4.o)
 .text.libgcc.mul
                0x000000000000057e        0x0 /usr/local/Cellar/avr-gcc/4.9.3/lib/gcc/avr/4.9.3/avr5/libgcc.a(_udivmodsi4.o)
 .text.libgcc.div
                0x000000000000057e       0x44 /usr/local/Cellar/avr-gcc/4.9.3/lib/gcc/avr/4.9.3/avr5/libgcc.a(_udivmodsi4.o)
                0x000000000000057e                __udivmodsi4
 .text.libgcc   0x00000000000005c2        0x0 /usr/local/Cellar/avr-gcc/4.9.3/lib/gcc/avr/4.9.3/avr5/libgcc.a(_udivmodsi4.o)
 .text.libgcc.prologue
                0x00000000000005c2        0x0 /usr/local/Cellar/avr-gcc/4.9.3/lib/gcc/avr/4.9.3/avr5/libgcc.a(_udivmodsi4.o)
 .text.libgcc.builtins
                0x00000000000005c2        0x0 /usr/local/Cellar/avr-gcc/4.9.3/lib/gcc/avr/4.9.3/avr5/libgcc.a(_udivmodsi4.o)
 .text.libgcc.fmul
                0x00000000000005c2        0x0 /usr/local/Cellar/avr-gcc/4.9.3/lib/gcc/avr/4.9.3/avr5/libgcc.a(_udivmodsi4.o)
 .text.libgcc.fixed
                0x00000000000005c2        0x0 /usr/local/Cellar/avr-gcc/4.9.3/lib/gcc/avr/4.9.3/avr5/libgcc.a(_udivmodsi4.o)
 .text.libgcc.mul
                0x00000000000005c2        0x0 /usr/local/Cellar/avr-gcc/4.9.3/lib/gcc/avr/4.9.3/avr5/libgcc.a(_exit.o)
 .text.libgcc.div
                0x00000000000005c2        0x0 /usr/local/Cellar/avr-gcc/4.9.3/lib/gcc/avr/4.9.3/avr5/libgcc.a(_exit.o)
 .text.libgcc   0x00000000000005c2        0x0 /usr/local/Cellar/avr-gcc/4.9.3/lib/gcc/avr/4.9.3/avr5/libgcc.a(_exit.o)
 .text.libgcc.prologue
                0x00000000000005c2        0x0 /usr/local/Cellar/avr-gcc/4.9.3/lib/gcc/avr/4.9.3/avr5/libgcc.a(_exit.o)
 .text.libgcc.builtins
                0x00000000000005c2        0x0 /usr/local/Cellar/avr-gcc/4.9.3/lib/gcc/avr/4.9.3/avr5/libgcc.a(_exit.o)
 .text.libgcc.fmul
                0x00000000000005c2        0x0 /usr/local/Cellar/avr-gcc/4.9.3/lib/gcc/avr/4.9.3/avr5/libgcc.a(_exit.o)
 .text.libgcc.fixed
                0x00000000000005c2        0x0 /usr/local/Cellar/avr-gcc/4.9.3/lib/gcc/avr/4.9.3/avr5/libgcc.a(_exit.o)
 .text.libgcc.mul
                0x00000000000005c2        0x0 /usr/local/Cellar/avr-gcc/4.9.3/lib/gcc/avr/4.9.3/avr5/libgcc.a(_copy_data.o)
 .text.libgcc.div
                0x00000000000005c2        0x0 /usr/local/Cellar/avr-gcc/4.9.3/lib/gcc/avr/4.9.3/avr5/libgcc.a(_copy_data.o)
 .text.libgcc   0x00000000000005c2        0x0 /usr/local/Cellar/avr-gcc/4.9.3/lib/gcc/avr/4.9.3/avr5/libgcc.a(_copy_data.o)
 .text.libgcc.prologue
                0x00000000000005c2        0x0 /usr/local/Cellar/avr-gcc/4.9.3/lib/gcc/avr/4.9.3/avr5/libgcc.a(_copy_data.o)
 .text.libgcc.builtins
                0x00000000000005c2        0x0 /usr/local/Cellar/avr-gcc/4.9.3/lib/gcc/avr/4.9.3/avr5/libgcc.a(_copy_data.o)
 .text.libgcc.fmul
                0x00000000000005c2        0x0 /usr/local/Cellar/avr-gcc/4.9.3/lib/gcc/avr/4.9.3/avr5/libgcc.a(_copy_data.o)
 .text.libgcc.fixed
                0x00000000000005c2        0x0 /usr/local/Cellar/avr-gcc/4.9.3/lib/gcc/avr/4.9.3/avr5/libgcc.a(_copy_data.o)
 .text.libgcc.mul
                0x00000000000005c2        0x0 /usr/local/Cellar/avr-gcc/4.9.3/lib/gcc/avr/4.9.3/avr5/libgcc.a(_clear_bss.o)
 .text.libgcc.div
                0x00000000000005c2        0x0 /usr/local/Cellar/avr-gcc/4.9.3/lib/gcc/avr/4.9.3/avr5/libgcc.a(_clear_bss.o)
 .text.libgcc   0x00000000000005c2        0x0 /usr/local/Cellar/avr-gcc/4.9.3/lib/gcc/avr/4.9.3/avr5/libgcc.a(_clear_bss.o)
 .text.libgcc.prologue
                0x00000000000005c2        0x0 /usr/local/Cellar/avr-gcc/4.9.3/lib/gcc/avr/4.9.3/avr5/libgcc.a(_clear_bss.o)
 .text.libgcc.builtins
                0x00000000000005c2        0x0 /usr/local/Cellar/avr-gcc/4.9.3/lib/gcc/avr/4.9.3/avr5/libgcc.a(_clear_bss.o)
 .text.libgcc.fmul
                0x00000000000005c2        0x0 /usr/local/Cellar/avr-gcc/4.9.3/lib/gcc/avr/4.9.3/avr5/libgcc.a(_clear_bss.o)
 .text.libgcc.fixed
                0x00000000000005c2        0x0 /usr/local/Cellar/avr-gcc/4.9.3/lib/gcc/avr/4.9.3/avr5/libgcc.a(_clear_bss.o)
 .text.libgcc.mul
                0x00000000000005c2       0x1e /usr/local/Cellar/avr-gcc/4.9.3/lib/gcc/avr/4.9.3/avr5/libgcc.a(_umulhisi3.o)
                0x00000000000005c2                __umulhisi3
 .text.libgcc.div
                0x00000000000005e0        0x0 /usr/local/Cellar/avr-gcc/4.9.3/lib/gcc/avr/4.9.3/avr5/libgcc.a(_umulhisi3.o)
 .text.libgcc   0x00000000000005e0        0x0 /usr/local/Cellar/avr-gcc/4.9.3/lib/gcc/avr/4.9.3/avr5/libgcc.a(_umulhisi3.o)
 .text.libgcc.prologue
                0x00000000000005e0        0x0 /usr/local/Cellar/avr-gcc/4.9.3/lib/gcc/avr/4.9.3/avr5/libgcc.a(_umulhisi3.o)
 .text.libgcc.builtins
                0x00000000000005e0        0x0 /usr/local/Cellar/avr-gcc/4.9.3/lib/gcc/avr/4.9.3/avr5/libgcc.a(_umulhisi3.o)
 .text.libgcc.fmul
                0x00000000000005e0        0x0 /usr/local/Cellar/avr-gcc/4.9.3/lib/gcc/avr/4.9.3/avr5/libgcc.a(_umulhisi3.o)
 .text.libgcc.fixed
                0x00000000000005e0        0x0 /usr/local/Cellar/avr-gcc/4.9.3/lib/gcc/avr/4.9.3/avr5/libgcc.a(_umulhisi3.o)
 .text.avr-libc
                0x00000000000005e0       0x10 /usr/local/Cellar/avr-gcc/4.9.3/lib/gcc/avr/4.9.3/../../../../avr/lib/avr5/libc.a(eerd_byte_atmega328p.o)
                0x00000000000005e0                __eerd_byte_m328p
 .text.avr-libc
                0x00000000000005f0       0x1c /usr/local/Cellar/avr-gcc/4.9.3/lib/gcc/avr/4.9.3/../../../../avr/lib/avr5/libc.a(eewr_byte_atmega328p.o)
                0x00000000000005f0                __eewr_byte_m328p
                0x00000000000005f2                __eewr_r18_m328p
                0x000000000000060c                . = ALIGN (0x2)
 *(.fini9)
 .fini9         0x000000000000060c        0x0 /usr/local/Cellar/avr-gcc/4.9.3/lib/gcc/avr/4.9.3/avr5/libgcc.a(_exit.o)
                0x000000000000060c                exit
                0x000000000000060c                _exit
 *(.fini9)
 *(.fini8)
 *(.fini8)
 *(.fini7)
 *(.fini7)
 *(.fini6)
 *(.fini6)
 *(.fini5)
 *(.fini5)
 *(.fini4)
 *(.fini4)
 *(.fini3)
 *(.fini3)
 *(.fini2)
 *(.fini2)
 *(.fini1)
 *(.fini1)
 *(.fini0)
 .fini0         0x000000000000060c        0x4 /usr/local/Cellar/avr-gcc/4.9.3/lib/gcc/avr/4.9.3/avr5/libgcc.a(_exit.o)
 *(.fini0)
                0x0000000000000610                _etext = .

.data           0x0000000000800100       0x12 load address 0x0000000000000610
                0x0000000000800100                PROVIDE (__data_start, .)
 *(.data)
 .data          0x0000000000800100        0x0 /usr/local/Cellar/avr-gcc/4.9.3/lib/gcc/avr/4.9.3/../../../../avr/lib/avr5/crtm328p.o
 .data          0x0000000000800100        0x0 Builds/ADC.o
 .data          0x0000000000800100        0x0 Builds/Intensity_cntrl.o
 .data          0x0000000000800100        0x0 Builds/main.o
 .data          0x0000000000800100       0x11 Builds/timer.o
                0x0000000000800102                numbers
 .data          0x0000000000800111        0x0 /usr/local/Cellar/avr-gcc/4.9.3/lib/gcc/avr/4.9.3/avr5/libgcc.a(_muluhisi3.o)
 .data          0x0000000000800111        0x0 /usr/local/Cellar/avr-gcc/4.9.3/lib/gcc/avr/4.9.3/avr5/libgcc.a(_udivmodhi4.o)
 .data          0x0000000000800111        0x0 /usr/local/Cellar/avr-gcc/4.9.3/lib/gcc/avr/4.9.3/avr5/libgcc.a(_udivmodsi4.o)
 .data          0x0000000000800111        0x0 /usr/local/Cellar/avr-gcc/4.9.3/lib/gcc/avr/4.9.3/avr5/libgcc.a(_exit.o)
 .data          0x0000000000800111        0x0 /usr/local/Cellar/avr-gcc/4.9.3/lib/gcc/avr/4.9.3/avr5/libgcc.a(_copy_data.o)
 .data          0x0000000000800111        0x0 /usr/local/Cellar/avr-gcc/4.9.3/lib/gcc/avr/4.9.3/avr5/libgcc.a(_clear_bss.o)
 .data          0x0000000000800111        0x0 /usr/local/Cellar/avr-gcc/4.9.3/lib/gcc/avr/4.9.3/avr5/libgcc.a(_umulhisi3.o)
 .data          0x0000000000800111        0x0 /usr/local/Cellar/avr-gcc/4.9.3/lib/gcc/avr/4.9.3/../../../../avr/lib/avr5/libc.a(eerd_byte_atmega328p.o)
 .data          0x0000000000800111        0x0 /usr/local/Cellar/avr-gcc/4.9.3/lib/gcc/avr/4.9.3/../../../../avr/lib/avr5/libc.a(eewr_byte_atmega328p.o)
 *(.data*)
 *(.rodata)
 *(.rodata*)
 *(.gnu.linkonce.d*)
                0x0000000000800112                . = ALIGN (0x2)
 *fill*         0x0000000000800111        0x1 
                0x0000000000800112                _edata = .
                0x0000000000800112                PROVIDE (__data_end, .)

.bss            0x0000000000800112        0xf
                0x0000000000800112                PROVIDE (__bss_start, .)
 *(.bss)
 .bss           0x0000000000800112        0x0 /usr/local/Cellar/avr-gcc/4.9.3/lib/gcc/avr/4.9.3/../../../../avr/lib/avr5/crtm328p.o
 .bss           0x0000000000800112        0x0 Builds/ADC.o
 .bss           0x0000000000800112        0x0 Builds/Intensity_cntrl.o
 .bss           0x0000000000800112        0x1 Builds/main.o
                0x0000000000800112                gotosleep
 .bss           0x0000000000800113        0xe Builds/timer.o
 .bss           0x0000000000800121        0x0 /usr/local/Cellar/avr-gcc/4.9.3/lib/gcc/avr/4.9.3/avr5/libgcc.a(_muluhisi3.o)
 .bss           0x0000000000800121        0x0 /usr/local/Cellar/avr-gcc/4.9.3/lib/gcc/avr/4.9.3/avr5/libgcc.a(_udivmodhi4.o)
 .bss           0x0000000000800121        0x0 /usr/local/Cellar/avr-gcc/4.9.3/lib/gcc/avr/4.9.3/avr5/libgcc.a(_udivmodsi4.o)
 .bss           0x0000000000800121        0x0 /usr/local/Cellar/avr-gcc/4.9.3/lib/gcc/avr/4.9.3/avr5/libgcc.a(_exit.o)
 .bss           0x0000000000800121        0x0 /usr/local/Cellar/avr-gcc/4.9.3/lib/gcc/avr/4.9.3/avr5/libgcc.a(_copy_data.o)
 .bss           0x0000000000800121        0x0 /usr/local/Cellar/avr-gcc/4.9.3/lib/gcc/avr/4.9.3/avr5/libgcc.a(_clear_bss.o)
 .bss           0x0000000000800121        0x0 /usr/local/Cellar/avr-gcc/4.9.3/lib/gcc/avr/4.9.3/avr5/libgcc.a(_umulhisi3.o)
 .bss           0x0000000000800121        0x0 /usr/local/Cellar/avr-gcc/4.9.3/lib/gcc/avr/4.9.3/../../../../avr/lib/avr5/libc.a(eerd_byte_atmega328p.o)
 .bss           0x0000000000800121        0x0 /usr/local/Cellar/avr-gcc/4.9.3/lib/gcc/avr/4.9.3/../../../../avr/lib/avr5/libc.a(eewr_byte_atmega328p.o)
 *(.bss*)
 *(COMMON)
                0x0000000000800121                PROVIDE (__bss_end, .)
                0x0000000000000610                __data_load_start = LOADADDR (.data)
                0x0000000000000622                __data_load_end = (__data_load_start + SIZEOF (.data))

.noinit         0x0000000000800121        0x0
                0x0000000000800121                PROVIDE (__noinit_start, .)
 *(.noinit*)
                0x0000000000800121                PROVIDE (__noinit_end, .)
                0x0000000000800121                _end = .
                0x0000000000800121                PROVIDE (__heap_start, .)

.eeprom         0x0000000000810000        0x0
 *(.eeprom*)
                0x0000000000810000                __eeprom_end = .

.fuse
 *(.fuse)
 *(.lfuse)
 *(.hfuse)
 *(.efuse)

.lock
 *(.lock*)

.signature
 *(.signature*)

.stab           0x0000000000000000     0x1f38
 *(.stab)
 .stab          0x0000000000000000      0x600 Builds/ADC.o
 .stab          0x0000000000000600      0x378 Builds/Intensity_cntrl.o
                                        0x5a0 (size before relaxing)
 .stab          0x0000000000000978      0x468 Builds/main.o
                                        0x6d8 (size before relaxing)
 .stab          0x0000000000000de0      0xa08 Builds/timer.o
                                        0xc9c (size before relaxing)
 .stab          0x00000000000017e8       0xcc /usr/local/Cellar/avr-gcc/4.9.3/lib/gcc/avr/4.9.3/avr5/libgcc.a(_muluhisi3.o)
                                         0xd8 (size before relaxing)
 .stab          0x00000000000018b4      0x15c /usr/local/Cellar/avr-gcc/4.9.3/lib/gcc/avr/4.9.3/avr5/libgcc.a(_udivmodhi4.o)
                                        0x168 (size before relaxing)
 .stab          0x0000000000001a10      0x228 /usr/local/Cellar/avr-gcc/4.9.3/lib/gcc/avr/4.9.3/avr5/libgcc.a(_udivmodsi4.o)
                                        0x234 (size before relaxing)
 .stab          0x0000000000001c38       0x6c /usr/local/Cellar/avr-gcc/4.9.3/lib/gcc/avr/4.9.3/avr5/libgcc.a(_exit.o)
                                         0x78 (size before relaxing)
 .stab          0x0000000000001ca4       0xd8 /usr/local/Cellar/avr-gcc/4.9.3/lib/gcc/avr/4.9.3/avr5/libgcc.a(_copy_data.o)
                                         0xe4 (size before relaxing)
 .stab          0x0000000000001d7c       0xb4 /usr/local/Cellar/avr-gcc/4.9.3/lib/gcc/avr/4.9.3/avr5/libgcc.a(_clear_bss.o)
                                         0xc0 (size before relaxing)
 .stab          0x0000000000001e30      0x108 /usr/local/Cellar/avr-gcc/4.9.3/lib/gcc/avr/4.9.3/avr5/libgcc.a(_umulhisi3.o)
                                        0x114 (size before relaxing)

.stabstr        0x0000000000000000     0x16cc
 *(.stabstr)
 .stabstr       0x0000000000000000     0x16cc Builds/ADC.o

.stab.excl
 *(.stab.excl)

.stab.exclstr
 *(.stab.exclstr)

.stab.index
 *(.stab.index)

.stab.indexstr
 *(.stab.indexstr)

.comment        0x0000000000000000       0x11
 *(.comment)
 .comment       0x0000000000000000       0x11 Builds/ADC.o
                                         0x12 (size before relaxing)
 .comment       0x0000000000000011       0x12 Builds/Intensity_cntrl.o
 .comment       0x0000000000000011       0x12 Builds/main.o
 .comment       0x0000000000000011       0x12 Builds/timer.o

.note.gnu.build-id
 *(.note.gnu.build-id)

.debug
 *(.debug)

.line
 *(.line)

.debug_srcinfo
 *(.debug_srcinfo)

.debug_sfnames
 *(.debug_sfnames)

.debug_aranges
 *(.debug_aranges)

.debug_pubnames
 *(.debug_pubnames)

.debug_info     0x0000000000000000      0x5f4
 *(.debug_info .gnu.linkonce.wi.*)
 .debug_info    0x0000000000000000      0x5f4 /usr/local/Cellar/avr-gcc/4.9.3/lib/gcc/avr/4.9.3/../../../../avr/lib/avr5/crtm328p.o

.debug_abbrev   0x0000000000000000      0x5a2
 *(.debug_abbrev)
 .debug_abbrev  0x0000000000000000      0x5a2 /usr/local/Cellar/avr-gcc/4.9.3/lib/gcc/avr/4.9.3/../../../../avr/lib/avr5/crtm328p.o

.debug_line     0x0000000000000000       0x1d
 *(.debug_line .debug_line.* .debug_line_end)
 .debug_line    0x0000000000000000       0x1d /usr/local/Cellar/avr-gcc/4.9.3/lib/gcc/avr/4.9.3/../../../../avr/lib/avr5/crtm328p.o

.debug_frame
 *(.debug_frame)

.debug_str      0x0000000000000000      0x208
 *(.debug_str)
 .debug_str     0x0000000000000000      0x208 /usr/local/Cellar/avr-gcc/4.9.3/lib/gcc/avr/4.9.3/../../../../avr/lib/avr5/crtm328p.o

.debug_loc
 *(.debug_loc)

.debug_macinfo
 *(.debug_macinfo)

.debug_weaknames
 *(.debug_weaknames)

.debug_funcnames
 *(.debug_funcnames)

.debug_typenames
 *(.debug_typenames)

.debug_varnames
 *(.debug_varnames)

.debug_pubtypes
 *(.debug_pubtypes)

.debug_ranges
 *(.debug_ranges)

.debug_macro
 *(.debug_macro)
OUTPUT(Builds/main.elf elf32-avr)
LOAD linker stubs

Cross Reference Table

Symbol                                            File
__bad_interrupt                                   /usr/local/Cellar/avr-gcc/4.9.3/lib/gcc/avr/4.9.3/../../../../avr/lib/avr5/crtm328p.o
__bss_end                                         /usr/local/Cellar/avr-gcc/4.9.3/lib/gcc/avr/4.9.3/avr5/libgcc.a(_clear_bss.o)
__bss_start                                       /usr/local/Cellar/avr-gcc/4.9.3/lib/gcc/avr/4.9.3/avr5/libgcc.a(_clear_bss.o)
__data_end                                        /usr/local/Cellar/avr-gcc/4.9.3/lib/gcc/avr/4.9.3/avr5/libgcc.a(_copy_data.o)
__data_load_start                                 /usr/local/Cellar/avr-gcc/4.9.3/lib/gcc/avr/4.9.3/avr5/libgcc.a(_copy_data.o)
__data_start                                      /usr/local/Cellar/avr-gcc/4.9.3/lib/gcc/avr/4.9.3/avr5/libgcc.a(_copy_data.o)
__do_clear_bss                                    /usr/local/Cellar/avr-gcc/4.9.3/lib/gcc/avr/4.9.3/avr5/libgcc.a(_clear_bss.o)
                                                  Builds/timer.o
                                                  Builds/main.o
__do_copy_data                                    /usr/local/Cellar/avr-gcc/4.9.3/lib/gcc/avr/4.9.3/avr5/libgcc.a(_copy_data.o)
                                                  Builds/timer.o
__eerd_byte_m328p                                 /usr/local/Cellar/avr-gcc/4.9.3/lib/gcc/avr/4.9.3/../../../../avr/lib/avr5/libc.a(eerd_byte_atmega328p.o)
                                                  Builds/Intensity_cntrl.o
__eewr_byte_m328p                                 /usr/local/Cellar/avr-gcc/4.9.3/lib/gcc/avr/4.9.3/../../../../avr/lib/avr5/libc.a(eewr_byte_atmega328p.o)
                                                  Builds/Intensity_cntrl.o
__eewr_r18_m328p                                  /usr/local/Cellar/avr-gcc/4.9.3/lib/gcc/avr/4.9.3/../../../../avr/lib/avr5/libc.a(eewr_byte_atmega328p.o)
__heap_end                                        /usr/local/Cellar/avr-gcc/4.9.3/lib/gcc/avr/4.9.3/../../../../avr/lib/avr5/crtm328p.o
__init                                            /usr/local/Cellar/avr-gcc/4.9.3/lib/gcc/avr/4.9.3/../../../../avr/lib/avr5/crtm328p.o
__muluhisi3                                       /usr/local/Cellar/avr-gcc/4.9.3/lib/gcc/avr/4.9.3/avr5/libgcc.a(_muluhisi3.o)
                                                  Builds/ADC.o
__stack                                           /usr/local/Cellar/avr-gcc/4.9.3/lib/gcc/avr/4.9.3/../../../../avr/lib/avr5/crtm328p.o
__udivmodhi4                                      /usr/local/Cellar/avr-gcc/4.9.3/lib/gcc/avr/4.9.3/avr5/libgcc.a(_udivmodhi4.o)
                                                  Builds/timer.o
__udivmodsi4                                      /usr/local/Cellar/avr-gcc/4.9.3/lib/gcc/avr/4.9.3/avr5/libgcc.a(_udivmodsi4.o)
                                                  Builds/ADC.o
__umulhisi3                                       /usr/local/Cellar/avr-gcc/4.9.3/lib/gcc/avr/4.9.3/avr5/libgcc.a(_umulhisi3.o)
                                                  /usr/local/Cellar/avr-gcc/4.9.3/lib/gcc/avr/4.9.3/avr5/libgcc.a(_muluhisi3.o)
__vector_1                                        /usr/local/Cellar/avr-gcc/4.9.3/lib/gcc/avr/4.9.3/../../../../avr/lib/avr5/crtm328p.o
__vector_10                                       /usr/local/Cellar/avr-gcc/4.9.3/lib/gcc/avr/4.9.3/../../../../avr/lib/avr5/crtm328p.o
__vector_11                                       /usr/local/Cellar/avr-gcc/4.9.3/lib/gcc/avr/4.9.3/../../../../avr/lib/avr5/crtm328p.o
__vector_12                                       /usr/local/Cellar/avr-gcc/4.9.3/lib/gcc/avr/4.9.3/../../../../avr/lib/avr5/crtm328p.o
__vector_13                                       /usr/local/Cellar/avr-gcc/4.9.3/lib/gcc/avr/4.9.3/../../../../avr/lib/avr5/crtm328p.o
__vector_14                                       Builds/timer.o
                                                  /usr/local/Cellar/avr-gcc/4.9.3/lib/gcc/avr/4.9.3/../../../../avr/lib/avr5/crtm328p.o
__vector_15                                       /usr/local/Cellar/avr-gcc/4.9.3/lib/gcc/avr/4.9.3/../../../../avr/lib/avr5/crtm328p.o
__vector_16                                       /usr/local/Cellar/avr-gcc/4.9.3/lib/gcc/avr/4.9.3/../../../../avr/lib/avr5/crtm328p.o
__vector_17                                       /usr/local/Cellar/avr-gcc/4.9.3/lib/gcc/avr/4.9.3/../../../../avr/lib/avr5/crtm328p.o
__vector_18                                       /usr/local/Cellar/avr-gcc/4.9.3/lib/gcc/avr/4.9.3/../../../../avr/lib/avr5/crtm328p.o
__vector_19                                       /usr/local/Cellar/avr-gcc/4.9.3/lib/gcc/avr/4.9.3/../../../../avr/lib/avr5/crtm328p.o
__vector_2                                        /usr/local/Cellar/avr-gcc/4.9.3/lib/gcc/avr/4.9.3/../../../../avr/lib/avr5/crtm328p.o
__vector_20                                       /usr/local/Cellar/avr-gcc/4.9.3/lib/gcc/avr/4.9.3/../../../../avr/lib/avr5/crtm328p.o
__vector_21                                       /usr/local/Cellar/avr-gcc/4.9.3/lib/gcc/avr/4.9.3/../../../../avr/lib/avr5/crtm328p.o
__vector_22                                       /usr/local/Cellar/avr-gcc/4.9.3/lib/gcc/avr/4.9.3/../../../../avr/lib/avr5/crtm328p.o
__vector_23                                       /usr/local/Cellar/avr-gcc/4.9.3/lib/gcc/avr/4.9.3/../../../../avr/lib/avr5/crtm328p.o
__vector_24                                       /usr/local/Cellar/avr-gcc/4.9.3/lib/gcc/avr/4.9.3/../../../../avr/lib/avr5/crtm328p.o
__vector_25                                       /usr/local/Cellar/avr-gcc/4.9.3/lib/gcc/avr/4.9.3/../../../../avr/lib/avr5/crtm328p.o
__vector_3                                        Builds/main.o
                                                  /usr/local/Cellar/avr-gcc/4.9.3/lib/gcc/avr/4.9.3/../../../../avr/lib/avr5/crtm328p.o
__vector_4                                        /usr/local/Cellar/avr-gcc/4.9.3/lib/gcc/avr/4.9.3/../../../../avr/lib/avr5/crtm328p.o
__vector_5                                        /usr/local/Cellar/avr-gcc/4.9.3/lib/gcc/avr/4.9.3/../../../../avr/lib/avr5/crtm328p.o
__vector_6                                        /usr/local/Cellar/avr-gcc/4.9.3/lib/gcc/avr/4.9.3/../../../../avr/lib/avr5/crtm328p.o
__vector_7                                        /usr/local/Cellar/avr-gcc/4.9.3/lib/gcc/avr/4.9.3/../../../../avr/lib/avr5/crtm328p.o
__vector_8                                        /usr/local/Cellar/avr-gcc/4.9.3/lib/gcc/avr/4.9.3/../../../../avr/lib/avr5/crtm328p.o
__vector_9                                        /usr/local/Cellar/avr-gcc/4.9.3/lib/gcc/avr/4.9.3/../../../../avr/lib/avr5/crtm328p.o
__vector_default                                  /usr/local/Cellar/avr-gcc/4.9.3/lib/gcc/avr/4.9.3/../../../../avr/lib/avr5/crtm328p.o
__vectors                                         /usr/local/Cellar/avr-gcc/4.9.3/lib/gcc/avr/4.9.3/../../../../avr/lib/avr5/crtm328p.o
_exit                                             /usr/local/Cellar/avr-gcc/4.9.3/lib/gcc/avr/4.9.3/avr5/libgcc.a(_exit.o)
display_batt                                      Builds/timer.o
display_intensity                                 Builds/timer.o
display_volts                                     Builds/timer.o
exit                                              /usr/local/Cellar/avr-gcc/4.9.3/lib/gcc/avr/4.9.3/avr5/libgcc.a(_exit.o)
                                                  /usr/local/Cellar/avr-gcc/4.9.3/lib/gcc/avr/4.9.3/../../../../avr/lib/avr5/crtm328p.o
get_intensity                                     Builds/Intensity_cntrl.o
                                                  Builds/main.o
gotosleep                                         Builds/main.o
inc_seconds                                       Builds/timer.o
init_ADC                                          Builds/ADC.o
                                                  Builds/main.o
initialize_intensity                              Builds/timer.o
                                                  Builds/main.o
main                                              Builds/main.o
                                                  /usr/local/Cellar/avr-gcc/4.9.3/lib/gcc/avr/4.9.3/../../../../avr/lib/avr5/crtm328p.o
next_digit                                        Builds/timer.o
numbers                                           Builds/timer.o
read_ADC                                          Builds/ADC.o
                                                  Builds/timer.o
set_intensity                                     Builds/Intensity_cntrl.o
                                                  Builds/timer.o
setsleepstat                                      Builds/main.o
                                                  Builds/timer.o
shut_r_down                                       Builds/timer.o
                                                  Builds/main.o
timeequals0                                       Builds/timer.o
timer0Init                                        Builds/timer.o
                                                  Builds/main.o
