   1               		.file	"main.c"
   2               	__SP_H__ = 0x3e
   3               	__SP_L__ = 0x3d
   4               	__SREG__ = 0x3f
   5               	__tmp_reg__ = 0
   6               	__zero_reg__ = 1
   8               		.text
   9               	.Ltext0:
 127               	.global	__vector_3
 129               	__vector_3:
   1:/Users/Roger/Library/Mobile Documents/com~apple~CloudDocs/Firmwares/XAVR/DOC_xavr/DOC_xavr/main.c **** /*
   2:/Users/Roger/Library/Mobile Documents/com~apple~CloudDocs/Firmwares/XAVR/DOC_xavr/DOC_xavr/main.c ****  * Doug-O-Clock.c
   3:/Users/Roger/Library/Mobile Documents/com~apple~CloudDocs/Firmwares/XAVR/DOC_xavr/DOC_xavr/main.c ****  *
   4:/Users/Roger/Library/Mobile Documents/com~apple~CloudDocs/Firmwares/XAVR/DOC_xavr/DOC_xavr/main.c ****  *
   5:/Users/Roger/Library/Mobile Documents/com~apple~CloudDocs/Firmwares/XAVR/DOC_xavr/DOC_xavr/main.c ****  *This is the first rev of firmware to drive the timer for Doug's plane-clock.  It's a 4x7-Segment 
   6:/Users/Roger/Library/Mobile Documents/com~apple~CloudDocs/Firmwares/XAVR/DOC_xavr/DOC_xavr/main.c ****  *The inputs are button and an analog input to give an indication of battery voltage (could also us
   7:/Users/Roger/Library/Mobile Documents/com~apple~CloudDocs/Firmwares/XAVR/DOC_xavr/DOC_xavr/main.c ****  *
   8:/Users/Roger/Library/Mobile Documents/com~apple~CloudDocs/Firmwares/XAVR/DOC_xavr/DOC_xavr/main.c ****  * Created: 5/23/16 7:35:33 PM
   9:/Users/Roger/Library/Mobile Documents/com~apple~CloudDocs/Firmwares/XAVR/DOC_xavr/DOC_xavr/main.c ****  * Author : Roger
  10:/Users/Roger/Library/Mobile Documents/com~apple~CloudDocs/Firmwares/XAVR/DOC_xavr/DOC_xavr/main.c ****  */ 
  11:/Users/Roger/Library/Mobile Documents/com~apple~CloudDocs/Firmwares/XAVR/DOC_xavr/DOC_xavr/main.c **** 
  12:/Users/Roger/Library/Mobile Documents/com~apple~CloudDocs/Firmwares/XAVR/DOC_xavr/DOC_xavr/main.c **** 
  13:/Users/Roger/Library/Mobile Documents/com~apple~CloudDocs/Firmwares/XAVR/DOC_xavr/DOC_xavr/main.c **** #include <avr/io.h>
  14:/Users/Roger/Library/Mobile Documents/com~apple~CloudDocs/Firmwares/XAVR/DOC_xavr/DOC_xavr/main.c **** #include "DOC_head.h"
  15:/Users/Roger/Library/Mobile Documents/com~apple~CloudDocs/Firmwares/XAVR/DOC_xavr/DOC_xavr/main.c **** #include <avr/interrupt.h>
  16:/Users/Roger/Library/Mobile Documents/com~apple~CloudDocs/Firmwares/XAVR/DOC_xavr/DOC_xavr/main.c **** #include <avr/sleep.h>
  17:/Users/Roger/Library/Mobile Documents/com~apple~CloudDocs/Firmwares/XAVR/DOC_xavr/DOC_xavr/main.c **** #include "timer.h"
  18:/Users/Roger/Library/Mobile Documents/com~apple~CloudDocs/Firmwares/XAVR/DOC_xavr/DOC_xavr/main.c **** #include "adc.h"
  19:/Users/Roger/Library/Mobile Documents/com~apple~CloudDocs/Firmwares/XAVR/DOC_xavr/DOC_xavr/main.c **** #include "intensity_cntrl.h"
  20:/Users/Roger/Library/Mobile Documents/com~apple~CloudDocs/Firmwares/XAVR/DOC_xavr/DOC_xavr/main.c **** 
  21:/Users/Roger/Library/Mobile Documents/com~apple~CloudDocs/Firmwares/XAVR/DOC_xavr/DOC_xavr/main.c **** 
  22:/Users/Roger/Library/Mobile Documents/com~apple~CloudDocs/Firmwares/XAVR/DOC_xavr/DOC_xavr/main.c **** 
  23:/Users/Roger/Library/Mobile Documents/com~apple~CloudDocs/Firmwares/XAVR/DOC_xavr/DOC_xavr/main.c **** volatile u8 gotosleep = 0;
  24:/Users/Roger/Library/Mobile Documents/com~apple~CloudDocs/Firmwares/XAVR/DOC_xavr/DOC_xavr/main.c **** 
  25:/Users/Roger/Library/Mobile Documents/com~apple~CloudDocs/Firmwares/XAVR/DOC_xavr/DOC_xavr/main.c **** 
  26:/Users/Roger/Library/Mobile Documents/com~apple~CloudDocs/Firmwares/XAVR/DOC_xavr/DOC_xavr/main.c **** //servicing the ISR for button press PCINT0 to wake things up, nothing to do here.
  27:/Users/Roger/Library/Mobile Documents/com~apple~CloudDocs/Firmwares/XAVR/DOC_xavr/DOC_xavr/main.c **** ISR(PCINT0_vect){
 131               	.LM0:
 132               	.LFBB1:
 133 0000 1F92      		push r1
 134 0002 0F92      		push r0
 135 0004 0FB6      		in r0,__SREG__
 136 0006 0F92      		push r0
 137 0008 1124      		clr __zero_reg__
 138 000a 8F93      		push r24
 139 000c 9F93      		push r25
 140               	/* prologue: Signal */
 141               	/* frame size = 0 */
 142               	/* stack size = 5 */
 143               	.L__stack_usage = 5
  28:/Users/Roger/Library/Mobile Documents/com~apple~CloudDocs/Firmwares/XAVR/DOC_xavr/DOC_xavr/main.c **** 	asm ("nop");
 145               	.LM1:
 146               	/* #APP */
 147               	 ;  28 "/Users/Roger/Library/Mobile Documents/com~apple~CloudDocs/Firmwares/XAVR/DOC_xavr/DOC_xavr/
 148 000e 0000      		nop
 149               	 ;  0 "" 2
  29:/Users/Roger/Library/Mobile Documents/com~apple~CloudDocs/Firmwares/XAVR/DOC_xavr/DOC_xavr/main.c **** 	tog_tp1
 151               	.LM2:
 152               	/* #NOAPP */
 153 0010 95B1      		in r25,0x5
 154 0012 82E0      		ldi r24,lo8(2)
 155 0014 8927      		eor r24,r25
 156 0016 85B9      		out 0x5,r24
 157               	/* epilogue start */
  30:/Users/Roger/Library/Mobile Documents/com~apple~CloudDocs/Firmwares/XAVR/DOC_xavr/DOC_xavr/main.c **** }
 159               	.LM3:
 160 0018 9F91      		pop r25
 161 001a 8F91      		pop r24
 162 001c 0F90      		pop r0
 163 001e 0FBE      		out __SREG__,r0
 164 0020 0F90      		pop r0
 165 0022 1F90      		pop r1
 166 0024 1895      		reti
 168               	.Lscope1:
 169               		.section	.text.startup,"ax",@progbits
 171               	.global	main
 173               	main:
  31:/Users/Roger/Library/Mobile Documents/com~apple~CloudDocs/Firmwares/XAVR/DOC_xavr/DOC_xavr/main.c **** 
  32:/Users/Roger/Library/Mobile Documents/com~apple~CloudDocs/Firmwares/XAVR/DOC_xavr/DOC_xavr/main.c **** 
  33:/Users/Roger/Library/Mobile Documents/com~apple~CloudDocs/Firmwares/XAVR/DOC_xavr/DOC_xavr/main.c **** 
  34:/Users/Roger/Library/Mobile Documents/com~apple~CloudDocs/Firmwares/XAVR/DOC_xavr/DOC_xavr/main.c **** int main(void)
  35:/Users/Roger/Library/Mobile Documents/com~apple~CloudDocs/Firmwares/XAVR/DOC_xavr/DOC_xavr/main.c **** { 
 175               	.LM4:
 176               	.LFBB2:
 177               	/* prologue: function */
 178               	/* frame size = 0 */
 179               	/* stack size = 0 */
 180               	.L__stack_usage = 0
  36:/Users/Roger/Library/Mobile Documents/com~apple~CloudDocs/Firmwares/XAVR/DOC_xavr/DOC_xavr/main.c **** 	
  37:/Users/Roger/Library/Mobile Documents/com~apple~CloudDocs/Firmwares/XAVR/DOC_xavr/DOC_xavr/main.c **** DDRD = 0xFF;	//portD drives the digits of the 7-segment display
 182               	.LM5:
 183 0000 8FEF      		ldi r24,lo8(-1)
 184 0002 8AB9      		out 0xa,r24
  38:/Users/Roger/Library/Mobile Documents/com~apple~CloudDocs/Firmwares/XAVR/DOC_xavr/DOC_xavr/main.c **** PORTD = 0;		//initially kill output
 186               	.LM6:
 187 0004 1BB8      		out 0xb,__zero_reg__
  39:/Users/Roger/Library/Mobile Documents/com~apple~CloudDocs/Firmwares/XAVR/DOC_xavr/DOC_xavr/main.c **** DDRC = 0x1F;	//PC4 = divider_control, PC0-3 = pass p-fets for digits
 189               	.LM7:
 190 0006 8FE1      		ldi r24,lo8(31)
 191 0008 87B9      		out 0x7,r24
  40:/Users/Roger/Library/Mobile Documents/com~apple~CloudDocs/Firmwares/XAVR/DOC_xavr/DOC_xavr/main.c **** PORTC = 0;
 193               	.LM8:
 194 000a 18B8      		out 0x8,__zero_reg__
  41:/Users/Roger/Library/Mobile Documents/com~apple~CloudDocs/Firmwares/XAVR/DOC_xavr/DOC_xavr/main.c **** DDRB = 0xEE;	//PB0 = button_in, PB1 = TP1
 196               	.LM9:
 197 000c 8EEE      		ldi r24,lo8(-18)
 198 000e 84B9      		out 0x4,r24
  42:/Users/Roger/Library/Mobile Documents/com~apple~CloudDocs/Firmwares/XAVR/DOC_xavr/DOC_xavr/main.c **** PORTB = 0;		//all off.	
 200               	.LM10:
 201 0010 15B8      		out 0x5,__zero_reg__
  43:/Users/Roger/Library/Mobile Documents/com~apple~CloudDocs/Firmwares/XAVR/DOC_xavr/DOC_xavr/main.c **** PCMSK0 |= 0x01;	//unmask PCINT0 which is the button.
 203               	.LM11:
 204 0012 8091 6B00 		lds r24,107
 205 0016 8160      		ori r24,lo8(1)
 206 0018 8093 6B00 		sts 107,r24
  44:/Users/Roger/Library/Mobile Documents/com~apple~CloudDocs/Firmwares/XAVR/DOC_xavr/DOC_xavr/main.c **** initialize_intensity (get_intensity());
 208               	.LM12:
 209 001c 0E94 0000 		call get_intensity
 210 0020 0E94 0000 		call initialize_intensity
  45:/Users/Roger/Library/Mobile Documents/com~apple~CloudDocs/Firmwares/XAVR/DOC_xavr/DOC_xavr/main.c **** timer0Init();
 212               	.LM13:
 213 0024 0E94 0000 		call timer0Init
  46:/Users/Roger/Library/Mobile Documents/com~apple~CloudDocs/Firmwares/XAVR/DOC_xavr/DOC_xavr/main.c **** init_ADC();
 215               	.LM14:
 216 0028 0E94 0000 		call init_ADC
  47:/Users/Roger/Library/Mobile Documents/com~apple~CloudDocs/Firmwares/XAVR/DOC_xavr/DOC_xavr/main.c **** sei();	
 218               	.LM15:
 219               	/* #APP */
 220               	 ;  47 "/Users/Roger/Library/Mobile Documents/com~apple~CloudDocs/Firmwares/XAVR/DOC_xavr/DOC_xavr/
 221 002c 7894      		sei
 222               	 ;  0 "" 2
  48:/Users/Roger/Library/Mobile Documents/com~apple~CloudDocs/Firmwares/XAVR/DOC_xavr/DOC_xavr/main.c **** set_sleep_mode(SLEEP_MODE_IDLE);
 224               	.LM16:
 225               	/* #NOAPP */
 226 002e 83B7      		in r24,0x33
 227 0030 817F      		andi r24,lo8(-15)
 228 0032 83BF      		out 0x33,r24
 229               	.L3:
  49:/Users/Roger/Library/Mobile Documents/com~apple~CloudDocs/Firmwares/XAVR/DOC_xavr/DOC_xavr/main.c **** 	
  50:/Users/Roger/Library/Mobile Documents/com~apple~CloudDocs/Firmwares/XAVR/DOC_xavr/DOC_xavr/main.c **** 
  51:/Users/Roger/Library/Mobile Documents/com~apple~CloudDocs/Firmwares/XAVR/DOC_xavr/DOC_xavr/main.c **** 	
  52:/Users/Roger/Library/Mobile Documents/com~apple~CloudDocs/Firmwares/XAVR/DOC_xavr/DOC_xavr/main.c **** 	
  53:/Users/Roger/Library/Mobile Documents/com~apple~CloudDocs/Firmwares/XAVR/DOC_xavr/DOC_xavr/main.c **** 	
  54:/Users/Roger/Library/Mobile Documents/com~apple~CloudDocs/Firmwares/XAVR/DOC_xavr/DOC_xavr/main.c **** 	
  55:/Users/Roger/Library/Mobile Documents/com~apple~CloudDocs/Firmwares/XAVR/DOC_xavr/DOC_xavr/main.c ****   
  56:/Users/Roger/Library/Mobile Documents/com~apple~CloudDocs/Firmwares/XAVR/DOC_xavr/DOC_xavr/main.c ****     while (1) 
  57:/Users/Roger/Library/Mobile Documents/com~apple~CloudDocs/Firmwares/XAVR/DOC_xavr/DOC_xavr/main.c ****     {
  58:/Users/Roger/Library/Mobile Documents/com~apple~CloudDocs/Firmwares/XAVR/DOC_xavr/DOC_xavr/main.c **** 	sleep_mode();	
 231               	.LM17:
 232 0034 83B7      		in r24,0x33
 233 0036 8160      		ori r24,lo8(1)
 234 0038 83BF      		out 0x33,r24
 235               	/* #APP */
 236               	 ;  58 "/Users/Roger/Library/Mobile Documents/com~apple~CloudDocs/Firmwares/XAVR/DOC_xavr/DOC_xavr/
 237 003a 8895      		sleep
 238               		
 239               	 ;  0 "" 2
 240               	/* #NOAPP */
 241 003c 83B7      		in r24,0x33
 242 003e 8E7F      		andi r24,lo8(-2)
 243 0040 83BF      		out 0x33,r24
  59:/Users/Roger/Library/Mobile Documents/com~apple~CloudDocs/Firmwares/XAVR/DOC_xavr/DOC_xavr/main.c **** 		if(gotosleep){	//go to sleep is a flag that gets set wehn it's time to go to sleep.  
 245               	.LM18:
 246 0042 8091 0000 		lds r24,gotosleep
 247 0046 8823      		tst r24
 248 0048 01F0      		breq .L3
  60:/Users/Roger/Library/Mobile Documents/com~apple~CloudDocs/Firmwares/XAVR/DOC_xavr/DOC_xavr/main.c **** 			shut_r_down();
 250               	.LM19:
 251 004a 0E94 0000 		call shut_r_down
 252 004e 00C0      		rjmp .L3
 254               	.Lscope2:
 255               		.text
 258               	.global	setsleepstat
 260               	setsleepstat:
  61:/Users/Roger/Library/Mobile Documents/com~apple~CloudDocs/Firmwares/XAVR/DOC_xavr/DOC_xavr/main.c **** 		}
  62:/Users/Roger/Library/Mobile Documents/com~apple~CloudDocs/Firmwares/XAVR/DOC_xavr/DOC_xavr/main.c **** 	
  63:/Users/Roger/Library/Mobile Documents/com~apple~CloudDocs/Firmwares/XAVR/DOC_xavr/DOC_xavr/main.c ****     }
  64:/Users/Roger/Library/Mobile Documents/com~apple~CloudDocs/Firmwares/XAVR/DOC_xavr/DOC_xavr/main.c **** 
  65:/Users/Roger/Library/Mobile Documents/com~apple~CloudDocs/Firmwares/XAVR/DOC_xavr/DOC_xavr/main.c **** }	//end of main
  66:/Users/Roger/Library/Mobile Documents/com~apple~CloudDocs/Firmwares/XAVR/DOC_xavr/DOC_xavr/main.c **** 
  67:/Users/Roger/Library/Mobile Documents/com~apple~CloudDocs/Firmwares/XAVR/DOC_xavr/DOC_xavr/main.c **** 
  68:/Users/Roger/Library/Mobile Documents/com~apple~CloudDocs/Firmwares/XAVR/DOC_xavr/DOC_xavr/main.c **** void setsleepstat (u8 newstat){
 262               	.LM20:
 263               	.LFBB3:
 264               	/* prologue: function */
 265               	/* frame size = 0 */
 266               	/* stack size = 0 */
 267               	.L__stack_usage = 0
  69:/Users/Roger/Library/Mobile Documents/com~apple~CloudDocs/Firmwares/XAVR/DOC_xavr/DOC_xavr/main.c **** 	gotosleep = newstat;
 269               	.LM21:
 270 0026 8093 0000 		sts gotosleep,r24
 271 002a 0895      		ret
 273               	.Lscope3:
 274               	.global	gotosleep
 275               		.section .bss
 278               	gotosleep:
 279 0000 00        		.zero	1
 281               		.text
 283               	.Letext0:
 284               		.ident	"GCC: (GNU) 4.9.3"
 285               	.global __do_clear_bss
DEFINED SYMBOLS
                            *ABS*:0000000000000000 main.c
/var/folders/5n/sn67s4dx5cj3x2ns4qywc93r0000gn/T//ccjgiX2g.s:2      *ABS*:000000000000003e __SP_H__
/var/folders/5n/sn67s4dx5cj3x2ns4qywc93r0000gn/T//ccjgiX2g.s:3      *ABS*:000000000000003d __SP_L__
/var/folders/5n/sn67s4dx5cj3x2ns4qywc93r0000gn/T//ccjgiX2g.s:4      *ABS*:000000000000003f __SREG__
/var/folders/5n/sn67s4dx5cj3x2ns4qywc93r0000gn/T//ccjgiX2g.s:5      *ABS*:0000000000000000 __tmp_reg__
/var/folders/5n/sn67s4dx5cj3x2ns4qywc93r0000gn/T//ccjgiX2g.s:6      *ABS*:0000000000000001 __zero_reg__
/var/folders/5n/sn67s4dx5cj3x2ns4qywc93r0000gn/T//ccjgiX2g.s:129    .text:0000000000000000 __vector_3
/var/folders/5n/sn67s4dx5cj3x2ns4qywc93r0000gn/T//ccjgiX2g.s:173    .text.startup:0000000000000000 main
/var/folders/5n/sn67s4dx5cj3x2ns4qywc93r0000gn/T//ccjgiX2g.s:278    .bss:0000000000000000 gotosleep
/var/folders/5n/sn67s4dx5cj3x2ns4qywc93r0000gn/T//ccjgiX2g.s:260    .text:0000000000000026 setsleepstat

UNDEFINED SYMBOLS
get_intensity
initialize_intensity
timer0Init
init_ADC
shut_r_down
__do_clear_bss
