   1               		.file	"timer.c"
   2               	__SP_H__ = 0x3e
   3               	__SP_L__ = 0x3d
   4               	__SREG__ = 0x3f
   5               	__tmp_reg__ = 0
   6               	__zero_reg__ = 1
   8               		.text
   9               	.Ltext0:
 127               	.global	timer0Init
 129               	timer0Init:
   1:/Users/Roger/Library/Mobile Documents/com~apple~CloudDocs/Firmwares/XAVR/DOC_xavr/DOC_xavr/timer.c **** //
   2:/Users/Roger/Library/Mobile Documents/com~apple~CloudDocs/Firmwares/XAVR/DOC_xavr/DOC_xavr/timer.c **** //  timer.c
   3:/Users/Roger/Library/Mobile Documents/com~apple~CloudDocs/Firmwares/XAVR/DOC_xavr/DOC_xavr/timer.c **** //  
   4:/Users/Roger/Library/Mobile Documents/com~apple~CloudDocs/Firmwares/XAVR/DOC_xavr/DOC_xavr/timer.c **** //
   5:/Users/Roger/Library/Mobile Documents/com~apple~CloudDocs/Firmwares/XAVR/DOC_xavr/DOC_xavr/timer.c **** //  Created by Roger on 2016-05-23.
   6:/Users/Roger/Library/Mobile Documents/com~apple~CloudDocs/Firmwares/XAVR/DOC_xavr/DOC_xavr/timer.c **** //
   7:/Users/Roger/Library/Mobile Documents/com~apple~CloudDocs/Firmwares/XAVR/DOC_xavr/DOC_xavr/timer.c **** //
   8:/Users/Roger/Library/Mobile Documents/com~apple~CloudDocs/Firmwares/XAVR/DOC_xavr/DOC_xavr/timer.c **** 
   9:/Users/Roger/Library/Mobile Documents/com~apple~CloudDocs/Firmwares/XAVR/DOC_xavr/DOC_xavr/timer.c **** #include <avr/io.h>
  10:/Users/Roger/Library/Mobile Documents/com~apple~CloudDocs/Firmwares/XAVR/DOC_xavr/DOC_xavr/timer.c **** #include <avr/interrupt.h>
  11:/Users/Roger/Library/Mobile Documents/com~apple~CloudDocs/Firmwares/XAVR/DOC_xavr/DOC_xavr/timer.c **** #include <avr/sleep.h>
  12:/Users/Roger/Library/Mobile Documents/com~apple~CloudDocs/Firmwares/XAVR/DOC_xavr/DOC_xavr/timer.c **** #include "DOC_head.h"
  13:/Users/Roger/Library/Mobile Documents/com~apple~CloudDocs/Firmwares/XAVR/DOC_xavr/DOC_xavr/timer.c **** #include "timer.h"
  14:/Users/Roger/Library/Mobile Documents/com~apple~CloudDocs/Firmwares/XAVR/DOC_xavr/DOC_xavr/timer.c **** #include "adc.h"
  15:/Users/Roger/Library/Mobile Documents/com~apple~CloudDocs/Firmwares/XAVR/DOC_xavr/DOC_xavr/timer.c **** #include "intensity_cntrl.h"
  16:/Users/Roger/Library/Mobile Documents/com~apple~CloudDocs/Firmwares/XAVR/DOC_xavr/DOC_xavr/timer.c **** 
  17:/Users/Roger/Library/Mobile Documents/com~apple~CloudDocs/Firmwares/XAVR/DOC_xavr/DOC_xavr/timer.c **** u8 numbers[] = {0xD7, 0x14, 0xE6, 0xB6, 0x35, 0xB3, 0xF3, 0x16, 0xF7, 0xB7, 0x00, 0xE1, 0xE1, 0xF0,
  18:/Users/Roger/Library/Mobile Documents/com~apple~CloudDocs/Firmwares/XAVR/DOC_xavr/DOC_xavr/timer.c **** static u8 digits[] = {0,0,0,0}; //these are actually the values of the 4 digits.  Will use these to
  19:/Users/Roger/Library/Mobile Documents/com~apple~CloudDocs/Firmwares/XAVR/DOC_xavr/DOC_xavr/timer.c **** static u8 butstat = 0;	//will use this as a boolean to check the stat of the button.
  20:/Users/Roger/Library/Mobile Documents/com~apple~CloudDocs/Firmwares/XAVR/DOC_xavr/DOC_xavr/timer.c **** static u8 laststat = 0;	//will use this to check current vs previous status of the button to know i
  21:/Users/Roger/Library/Mobile Documents/com~apple~CloudDocs/Firmwares/XAVR/DOC_xavr/DOC_xavr/timer.c **** static u8 fallarm = 0;	//when the button has been detected hi for a minimum time (5mS) will set thi
  22:/Users/Roger/Library/Mobile Documents/com~apple~CloudDocs/Firmwares/XAVR/DOC_xavr/DOC_xavr/timer.c **** static u8 clockstat = clockrun;	//enumerated in header file.  will tell timer overflow isr what/how
  23:/Users/Roger/Library/Mobile Documents/com~apple~CloudDocs/Firmwares/XAVR/DOC_xavr/DOC_xavr/timer.c **** static u8 turnoff_arm = 1;	//will kill this when reading the ADC and then re-arm upon wakeup.
  24:/Users/Roger/Library/Mobile Documents/com~apple~CloudDocs/Firmwares/XAVR/DOC_xavr/DOC_xavr/timer.c **** static u8 intensity;    //value from 0-9 to control of intensity of display, will be changeable on 
  25:/Users/Roger/Library/Mobile Documents/com~apple~CloudDocs/Firmwares/XAVR/DOC_xavr/DOC_xavr/timer.c **** static u16 cyclesinstat = 0;	//how many cycles have I been in this status
  26:/Users/Roger/Library/Mobile Documents/com~apple~CloudDocs/Firmwares/XAVR/DOC_xavr/DOC_xavr/timer.c **** 
  27:/Users/Roger/Library/Mobile Documents/com~apple~CloudDocs/Firmwares/XAVR/DOC_xavr/DOC_xavr/timer.c **** 
  28:/Users/Roger/Library/Mobile Documents/com~apple~CloudDocs/Firmwares/XAVR/DOC_xavr/DOC_xavr/timer.c **** //initialize timer0 with a 200uS rollover to trigger an ISR
  29:/Users/Roger/Library/Mobile Documents/com~apple~CloudDocs/Firmwares/XAVR/DOC_xavr/DOC_xavr/timer.c **** void timer0Init(void){
 131               	.LM0:
 132               	.LFBB1:
 133               	/* prologue: function */
 134               	/* frame size = 0 */
 135               	/* stack size = 0 */
 136               	.L__stack_usage = 0
  30:/Users/Roger/Library/Mobile Documents/com~apple~CloudDocs/Firmwares/XAVR/DOC_xavr/DOC_xavr/timer.c ****     OCR0A = timerroll;   //timerroll is defined in DOC_head.h depending on clock frequency
 138               	.LM1:
 139 0000 83E6      		ldi r24,lo8(99)
 140 0002 87BD      		out 0x27,r24
  31:/Users/Roger/Library/Mobile Documents/com~apple~CloudDocs/Firmwares/XAVR/DOC_xavr/DOC_xavr/timer.c ****     TCCR0A = 0x02;  //set WGM for CTC mode with OCR0A as top
 142               	.LM2:
 143 0004 82E0      		ldi r24,lo8(2)
 144 0006 84BD      		out 0x24,r24
  32:/Users/Roger/Library/Mobile Documents/com~apple~CloudDocs/Firmwares/XAVR/DOC_xavr/DOC_xavr/timer.c ****     TCCR0B = 0x02;  //set CS1 for /8 prescaler
 146               	.LM3:
 147 0008 85BD      		out 0x25,r24
  33:/Users/Roger/Library/Mobile Documents/com~apple~CloudDocs/Firmwares/XAVR/DOC_xavr/DOC_xavr/timer.c ****     TIFR0 |= 0x02;  //clear the OCF0A overflow flag
 149               	.LM4:
 150 000a A99A      		sbi 0x15,1
  34:/Users/Roger/Library/Mobile Documents/com~apple~CloudDocs/Firmwares/XAVR/DOC_xavr/DOC_xavr/timer.c ****     TIMSK0 |= 0x02; //Enable interrupts from Timer0 OverflowA
 152               	.LM5:
 153 000c EEE6      		ldi r30,lo8(110)
 154 000e F0E0      		ldi r31,0
 155 0010 8081      		ld r24,Z
 156 0012 8260      		ori r24,lo8(2)
 157 0014 8083      		st Z,r24
 158 0016 0895      		ret
 160               	.Lscope1:
 163               	.global	initialize_intensity
 165               	initialize_intensity:
  35:/Users/Roger/Library/Mobile Documents/com~apple~CloudDocs/Firmwares/XAVR/DOC_xavr/DOC_xavr/timer.c ****     
  36:/Users/Roger/Library/Mobile Documents/com~apple~CloudDocs/Firmwares/XAVR/DOC_xavr/DOC_xavr/timer.c **** }
  37:/Users/Roger/Library/Mobile Documents/com~apple~CloudDocs/Firmwares/XAVR/DOC_xavr/DOC_xavr/timer.c **** 
  38:/Users/Roger/Library/Mobile Documents/com~apple~CloudDocs/Firmwares/XAVR/DOC_xavr/DOC_xavr/timer.c **** //called from main prior to initializing timer.  'intense' will be grabbed based on what's stored i
  39:/Users/Roger/Library/Mobile Documents/com~apple~CloudDocs/Firmwares/XAVR/DOC_xavr/DOC_xavr/timer.c **** void initialize_intensity (u8 intense){
 167               	.LM6:
 168               	.LFBB2:
 169               	/* prologue: function */
 170               	/* frame size = 0 */
 171               	/* stack size = 0 */
 172               	.L__stack_usage = 0
  40:/Users/Roger/Library/Mobile Documents/com~apple~CloudDocs/Firmwares/XAVR/DOC_xavr/DOC_xavr/timer.c ****     intensity = intense;
 174               	.LM7:
 175 0018 8093 0000 		sts intensity,r24
 176 001c 0895      		ret
 178               	.Lscope2:
 180               	.global	next_digit
 182               	next_digit:
  41:/Users/Roger/Library/Mobile Documents/com~apple~CloudDocs/Firmwares/XAVR/DOC_xavr/DOC_xavr/timer.c **** }
  42:/Users/Roger/Library/Mobile Documents/com~apple~CloudDocs/Firmwares/XAVR/DOC_xavr/DOC_xavr/timer.c **** 
  43:/Users/Roger/Library/Mobile Documents/com~apple~CloudDocs/Firmwares/XAVR/DOC_xavr/DOC_xavr/timer.c **** 
  44:/Users/Roger/Library/Mobile Documents/com~apple~CloudDocs/Firmwares/XAVR/DOC_xavr/DOC_xavr/timer.c **** //Timer0 CompareA Interrupt
  45:/Users/Roger/Library/Mobile Documents/com~apple~CloudDocs/Firmwares/XAVR/DOC_xavr/DOC_xavr/timer.c **** ISR(TIMER0_COMPA_vect)	{
  46:/Users/Roger/Library/Mobile Documents/com~apple~CloudDocs/Firmwares/XAVR/DOC_xavr/DOC_xavr/timer.c ****     static u8 two_hun_mics = 0;
  47:/Users/Roger/Library/Mobile Documents/com~apple~CloudDocs/Firmwares/XAVR/DOC_xavr/DOC_xavr/timer.c ****     static u16 two_milliseconds = 0;
  48:/Users/Roger/Library/Mobile Documents/com~apple~CloudDocs/Firmwares/XAVR/DOC_xavr/DOC_xavr/timer.c **** 	
  49:/Users/Roger/Library/Mobile Documents/com~apple~CloudDocs/Firmwares/XAVR/DOC_xavr/DOC_xavr/timer.c **** 	
  50:/Users/Roger/Library/Mobile Documents/com~apple~CloudDocs/Firmwares/XAVR/DOC_xavr/DOC_xavr/timer.c **** 	
  51:/Users/Roger/Library/Mobile Documents/com~apple~CloudDocs/Firmwares/XAVR/DOC_xavr/DOC_xavr/timer.c **** 	butstat = (PINB & 0x01);
  52:/Users/Roger/Library/Mobile Documents/com~apple~CloudDocs/Firmwares/XAVR/DOC_xavr/DOC_xavr/timer.c **** 	if(butstat == laststat){
  53:/Users/Roger/Library/Mobile Documents/com~apple~CloudDocs/Firmwares/XAVR/DOC_xavr/DOC_xavr/timer.c **** 		cyclesinstat ++;
  54:/Users/Roger/Library/Mobile Documents/com~apple~CloudDocs/Firmwares/XAVR/DOC_xavr/DOC_xavr/timer.c **** 	} else{	//count how many times I've been in this status
  55:/Users/Roger/Library/Mobile Documents/com~apple~CloudDocs/Firmwares/XAVR/DOC_xavr/DOC_xavr/timer.c **** 		cyclesinstat = 0;
  56:/Users/Roger/Library/Mobile Documents/com~apple~CloudDocs/Firmwares/XAVR/DOC_xavr/DOC_xavr/timer.c **** 	} //reset counter if the status has changed.
  57:/Users/Roger/Library/Mobile Documents/com~apple~CloudDocs/Firmwares/XAVR/DOC_xavr/DOC_xavr/timer.c **** 	if ((cyclesinstat > 50) && laststat && turnoff_arm ){
  58:/Users/Roger/Library/Mobile Documents/com~apple~CloudDocs/Firmwares/XAVR/DOC_xavr/DOC_xavr/timer.c **** 		fallarm = 1;
  59:/Users/Roger/Library/Mobile Documents/com~apple~CloudDocs/Firmwares/XAVR/DOC_xavr/DOC_xavr/timer.c **** 		clockstat = clockrun;
  60:/Users/Roger/Library/Mobile Documents/com~apple~CloudDocs/Firmwares/XAVR/DOC_xavr/DOC_xavr/timer.c **** 	}	//if the button is hi and it's been hi for 50 cycles (50 x 200uS = 10mS), set it up so the next 
  61:/Users/Roger/Library/Mobile Documents/com~apple~CloudDocs/Firmwares/XAVR/DOC_xavr/DOC_xavr/timer.c **** 	if(fallarm && !butstat){		//if the button was armed and a falling edge was detected
  62:/Users/Roger/Library/Mobile Documents/com~apple~CloudDocs/Firmwares/XAVR/DOC_xavr/DOC_xavr/timer.c **** 		fallarm = 0;
  63:/Users/Roger/Library/Mobile Documents/com~apple~CloudDocs/Firmwares/XAVR/DOC_xavr/DOC_xavr/timer.c **** 		timeequals0();
  64:/Users/Roger/Library/Mobile Documents/com~apple~CloudDocs/Firmwares/XAVR/DOC_xavr/DOC_xavr/timer.c **** 		clockstat = clockoff;
  65:/Users/Roger/Library/Mobile Documents/com~apple~CloudDocs/Firmwares/XAVR/DOC_xavr/DOC_xavr/timer.c **** 		}
  66:/Users/Roger/Library/Mobile Documents/com~apple~CloudDocs/Firmwares/XAVR/DOC_xavr/DOC_xavr/timer.c **** 		if(turnoff_arm && !butstat && (cyclesinstat >= 0x2710))	//if the button has been low for 2 second
  67:/Users/Roger/Library/Mobile Documents/com~apple~CloudDocs/Firmwares/XAVR/DOC_xavr/DOC_xavr/timer.c **** 		{
  68:/Users/Roger/Library/Mobile Documents/com~apple~CloudDocs/Firmwares/XAVR/DOC_xavr/DOC_xavr/timer.c **** 			two_milliseconds = 0;	//reset the counter so next phase will be triggered 1 second later.
  69:/Users/Roger/Library/Mobile Documents/com~apple~CloudDocs/Firmwares/XAVR/DOC_xavr/DOC_xavr/timer.c **** 			display_batt();
  70:/Users/Roger/Library/Mobile Documents/com~apple~CloudDocs/Firmwares/XAVR/DOC_xavr/DOC_xavr/timer.c **** 			clockstat = batdisp;
  71:/Users/Roger/Library/Mobile Documents/com~apple~CloudDocs/Firmwares/XAVR/DOC_xavr/DOC_xavr/timer.c **** 			turnoff_arm = 0;	//don't come back until this is re-armed at wakeup
  72:/Users/Roger/Library/Mobile Documents/com~apple~CloudDocs/Firmwares/XAVR/DOC_xavr/DOC_xavr/timer.c **** 		}
  73:/Users/Roger/Library/Mobile Documents/com~apple~CloudDocs/Firmwares/XAVR/DOC_xavr/DOC_xavr/timer.c ****     if((clockstat == intenset) && butstat){
  74:/Users/Roger/Library/Mobile Documents/com~apple~CloudDocs/Firmwares/XAVR/DOC_xavr/DOC_xavr/timer.c ****         set_intensity(intensity);
  75:/Users/Roger/Library/Mobile Documents/com~apple~CloudDocs/Firmwares/XAVR/DOC_xavr/DOC_xavr/timer.c ****         timeequals0();
  76:/Users/Roger/Library/Mobile Documents/com~apple~CloudDocs/Firmwares/XAVR/DOC_xavr/DOC_xavr/timer.c ****         turnoff_arm = 1;
  77:/Users/Roger/Library/Mobile Documents/com~apple~CloudDocs/Firmwares/XAVR/DOC_xavr/DOC_xavr/timer.c ****         clockstat = clockrun;
  78:/Users/Roger/Library/Mobile Documents/com~apple~CloudDocs/Firmwares/XAVR/DOC_xavr/DOC_xavr/timer.c ****     }
  79:/Users/Roger/Library/Mobile Documents/com~apple~CloudDocs/Firmwares/XAVR/DOC_xavr/DOC_xavr/timer.c **** 	laststat = butstat;	//make sure laststat is up to speed for next round
  80:/Users/Roger/Library/Mobile Documents/com~apple~CloudDocs/Firmwares/XAVR/DOC_xavr/DOC_xavr/timer.c **** 
  81:/Users/Roger/Library/Mobile Documents/com~apple~CloudDocs/Firmwares/XAVR/DOC_xavr/DOC_xavr/timer.c **** 
  82:/Users/Roger/Library/Mobile Documents/com~apple~CloudDocs/Firmwares/XAVR/DOC_xavr/DOC_xavr/timer.c ****     two_hun_mics ++;
  83:/Users/Roger/Library/Mobile Documents/com~apple~CloudDocs/Firmwares/XAVR/DOC_xavr/DOC_xavr/timer.c ****     if (two_hun_mics >= intensity){ //once the intensity level is reached will kill the active LED
  84:/Users/Roger/Library/Mobile Documents/com~apple~CloudDocs/Firmwares/XAVR/DOC_xavr/DOC_xavr/timer.c ****         PORTC|= 0x0F;  //this will set the 4 LSB's of Port C, ensuring all anodes are off
  85:/Users/Roger/Library/Mobile Documents/com~apple~CloudDocs/Firmwares/XAVR/DOC_xavr/DOC_xavr/timer.c ****     }   //end of checking intensity
  86:/Users/Roger/Library/Mobile Documents/com~apple~CloudDocs/Firmwares/XAVR/DOC_xavr/DOC_xavr/timer.c ****     
  87:/Users/Roger/Library/Mobile Documents/com~apple~CloudDocs/Firmwares/XAVR/DOC_xavr/DOC_xavr/timer.c ****     if (two_hun_mics >= 10){
  88:/Users/Roger/Library/Mobile Documents/com~apple~CloudDocs/Firmwares/XAVR/DOC_xavr/DOC_xavr/timer.c ****         next_digit();   //function to cycle the 4 LSB's of PORTC to ensure that we're walking throu
  89:/Users/Roger/Library/Mobile Documents/com~apple~CloudDocs/Firmwares/XAVR/DOC_xavr/DOC_xavr/timer.c ****         two_hun_mics = 0;   //reset this value for next round
  90:/Users/Roger/Library/Mobile Documents/com~apple~CloudDocs/Firmwares/XAVR/DOC_xavr/DOC_xavr/timer.c ****         two_milliseconds ++;    //if I've made it through 10 cycles of 200uS, increment the 2mS cnt
  91:/Users/Roger/Library/Mobile Documents/com~apple~CloudDocs/Firmwares/XAVR/DOC_xavr/DOC_xavr/timer.c **** 		
  92:/Users/Roger/Library/Mobile Documents/com~apple~CloudDocs/Firmwares/XAVR/DOC_xavr/DOC_xavr/timer.c ****     }   //end of 2mS cycle
  93:/Users/Roger/Library/Mobile Documents/com~apple~CloudDocs/Firmwares/XAVR/DOC_xavr/DOC_xavr/timer.c ****     
  94:/Users/Roger/Library/Mobile Documents/com~apple~CloudDocs/Firmwares/XAVR/DOC_xavr/DOC_xavr/timer.c **** 	
  95:/Users/Roger/Library/Mobile Documents/com~apple~CloudDocs/Firmwares/XAVR/DOC_xavr/DOC_xavr/timer.c ****     if(two_milliseconds >=500){
  96:/Users/Roger/Library/Mobile Documents/com~apple~CloudDocs/Firmwares/XAVR/DOC_xavr/DOC_xavr/timer.c ****         
  97:/Users/Roger/Library/Mobile Documents/com~apple~CloudDocs/Firmwares/XAVR/DOC_xavr/DOC_xavr/timer.c ****       //  what to do every second will vary depending on status of 'clockstat'
  98:/Users/Roger/Library/Mobile Documents/com~apple~CloudDocs/Firmwares/XAVR/DOC_xavr/DOC_xavr/timer.c ****          switch (clockstat){
  99:/Users/Roger/Library/Mobile Documents/com~apple~CloudDocs/Firmwares/XAVR/DOC_xavr/DOC_xavr/timer.c ****          case clockrun:
 100:/Users/Roger/Library/Mobile Documents/com~apple~CloudDocs/Firmwares/XAVR/DOC_xavr/DOC_xavr/timer.c ****             inc_seconds(); //if we get to the 1 second rollover and we're in clockrun mode, increme
 101:/Users/Roger/Library/Mobile Documents/com~apple~CloudDocs/Firmwares/XAVR/DOC_xavr/DOC_xavr/timer.c ****          break;
 102:/Users/Roger/Library/Mobile Documents/com~apple~CloudDocs/Firmwares/XAVR/DOC_xavr/DOC_xavr/timer.c ****          
 103:/Users/Roger/Library/Mobile Documents/com~apple~CloudDocs/Firmwares/XAVR/DOC_xavr/DOC_xavr/timer.c ****           case batdisp:
 104:/Users/Roger/Library/Mobile Documents/com~apple~CloudDocs/Firmwares/XAVR/DOC_xavr/DOC_xavr/timer.c ****             display_volts (read_ADC()); //get the ADC value of the battery voltage and splash it up
 105:/Users/Roger/Library/Mobile Documents/com~apple~CloudDocs/Firmwares/XAVR/DOC_xavr/DOC_xavr/timer.c ****             clockstat = voltdisp;  //go to the mode where I'l wait for the button to have been rele
 106:/Users/Roger/Library/Mobile Documents/com~apple~CloudDocs/Firmwares/XAVR/DOC_xavr/DOC_xavr/timer.c ****          break;
 107:/Users/Roger/Library/Mobile Documents/com~apple~CloudDocs/Firmwares/XAVR/DOC_xavr/DOC_xavr/timer.c ****                  
 108:/Users/Roger/Library/Mobile Documents/com~apple~CloudDocs/Firmwares/XAVR/DOC_xavr/DOC_xavr/timer.c ****                  
 109:/Users/Roger/Library/Mobile Documents/com~apple~CloudDocs/Firmwares/XAVR/DOC_xavr/DOC_xavr/timer.c ****           case intenset:
 110:/Users/Roger/Library/Mobile Documents/com~apple~CloudDocs/Firmwares/XAVR/DOC_xavr/DOC_xavr/timer.c ****           
 111:/Users/Roger/Library/Mobile Documents/com~apple~CloudDocs/Firmwares/XAVR/DOC_xavr/DOC_xavr/timer.c ****                  display_intensity();
 112:/Users/Roger/Library/Mobile Documents/com~apple~CloudDocs/Firmwares/XAVR/DOC_xavr/DOC_xavr/timer.c ****                  
 113:/Users/Roger/Library/Mobile Documents/com~apple~CloudDocs/Firmwares/XAVR/DOC_xavr/DOC_xavr/timer.c ****                  break;
 114:/Users/Roger/Library/Mobile Documents/com~apple~CloudDocs/Firmwares/XAVR/DOC_xavr/DOC_xavr/timer.c ****                  
 115:/Users/Roger/Library/Mobile Documents/com~apple~CloudDocs/Firmwares/XAVR/DOC_xavr/DOC_xavr/timer.c ****          
 116:/Users/Roger/Library/Mobile Documents/com~apple~CloudDocs/Firmwares/XAVR/DOC_xavr/DOC_xavr/timer.c ****          case voltdisp:
 117:/Users/Roger/Library/Mobile Documents/com~apple~CloudDocs/Firmwares/XAVR/DOC_xavr/DOC_xavr/timer.c ****             if(butstat && (cyclesinstat >= 0x2710)){
 118:/Users/Roger/Library/Mobile Documents/com~apple~CloudDocs/Firmwares/XAVR/DOC_xavr/DOC_xavr/timer.c ****             setsleepstat(1);   //this will set a flag in a function in main.c to initiate shutting 
 119:/Users/Roger/Library/Mobile Documents/com~apple~CloudDocs/Firmwares/XAVR/DOC_xavr/DOC_xavr/timer.c ****             } else if (!butstat && (cyclesinstat >= 0x4E20)){
 120:/Users/Roger/Library/Mobile Documents/com~apple~CloudDocs/Firmwares/XAVR/DOC_xavr/DOC_xavr/timer.c ****                 clockstat = intenset; } //if the button's been down for 4 seconds and we're in this
 121:/Users/Roger/Library/Mobile Documents/com~apple~CloudDocs/Firmwares/XAVR/DOC_xavr/DOC_xavr/timer.c **** 
 122:/Users/Roger/Library/Mobile Documents/com~apple~CloudDocs/Firmwares/XAVR/DOC_xavr/DOC_xavr/timer.c ****          break; //shouldn't need to break out of here but why not
 123:/Users/Roger/Library/Mobile Documents/com~apple~CloudDocs/Firmwares/XAVR/DOC_xavr/DOC_xavr/timer.c ****          }  //end of switch/case
 124:/Users/Roger/Library/Mobile Documents/com~apple~CloudDocs/Firmwares/XAVR/DOC_xavr/DOC_xavr/timer.c ****         
 125:/Users/Roger/Library/Mobile Documents/com~apple~CloudDocs/Firmwares/XAVR/DOC_xavr/DOC_xavr/timer.c **** 		two_milliseconds = 0;
 126:/Users/Roger/Library/Mobile Documents/com~apple~CloudDocs/Firmwares/XAVR/DOC_xavr/DOC_xavr/timer.c ****     }
 127:/Users/Roger/Library/Mobile Documents/com~apple~CloudDocs/Firmwares/XAVR/DOC_xavr/DOC_xavr/timer.c **** 	
 128:/Users/Roger/Library/Mobile Documents/com~apple~CloudDocs/Firmwares/XAVR/DOC_xavr/DOC_xavr/timer.c **** }	//end of ISR
 129:/Users/Roger/Library/Mobile Documents/com~apple~CloudDocs/Firmwares/XAVR/DOC_xavr/DOC_xavr/timer.c **** 
 130:/Users/Roger/Library/Mobile Documents/com~apple~CloudDocs/Firmwares/XAVR/DOC_xavr/DOC_xavr/timer.c **** 
 131:/Users/Roger/Library/Mobile Documents/com~apple~CloudDocs/Firmwares/XAVR/DOC_xavr/DOC_xavr/timer.c **** 
 132:/Users/Roger/Library/Mobile Documents/com~apple~CloudDocs/Firmwares/XAVR/DOC_xavr/DOC_xavr/timer.c **** //this function will cycle the anodes of the diodes and turn the appropriate anode on (turning it o
 133:/Users/Roger/Library/Mobile Documents/com~apple~CloudDocs/Firmwares/XAVR/DOC_xavr/DOC_xavr/timer.c **** void next_digit(void){
 184               	.LM8:
 185               	.LFBB3:
 186 001e CF93      		push r28
 187 0020 DF93      		push r29
 188 0022 00D0      		rcall .
 189 0024 00D0      		rcall .
 190 0026 CDB7      		in r28,__SP_L__
 191 0028 DEB7      		in r29,__SP_H__
 192               	/* prologue: function */
 193               	/* frame size = 4 */
 194               	/* stack size = 6 */
 195               	.L__stack_usage = 6
 134:/Users/Roger/Library/Mobile Documents/com~apple~CloudDocs/Firmwares/XAVR/DOC_xavr/DOC_xavr/timer.c ****     static u8 placeholder = 0;  //will cycle from 0-3 and repeat.  Will determine which of the 4 P-
 135:/Users/Roger/Library/Mobile Documents/com~apple~CloudDocs/Firmwares/XAVR/DOC_xavr/DOC_xavr/timer.c **** 	u8 dig_array[] = {0x04, 0x02, 0x01, 0x08};  //array to cycle through the different anodes
 197               	.LM9:
 198 002a 84E0      		ldi r24,lo8(4)
 199 002c 8983      		std Y+1,r24
 200 002e 82E0      		ldi r24,lo8(2)
 201 0030 8A83      		std Y+2,r24
 202 0032 81E0      		ldi r24,lo8(1)
 203 0034 8B83      		std Y+3,r24
 204 0036 88E0      		ldi r24,lo8(8)
 205 0038 8C83      		std Y+4,r24
 136:/Users/Roger/Library/Mobile Documents/com~apple~CloudDocs/Firmwares/XAVR/DOC_xavr/DOC_xavr/timer.c ****     placeholder ++;
 207               	.LM10:
 208 003a 8091 0000 		lds r24,placeholder.1826
 209 003e 8F5F      		subi r24,lo8(-(1))
 137:/Users/Roger/Library/Mobile Documents/com~apple~CloudDocs/Firmwares/XAVR/DOC_xavr/DOC_xavr/timer.c ****     if(placeholder >= 4){
 211               	.LM11:
 212 0040 8430      		cpi r24,lo8(4)
 213 0042 00F4      		brsh .L4
 136:/Users/Roger/Library/Mobile Documents/com~apple~CloudDocs/Firmwares/XAVR/DOC_xavr/DOC_xavr/timer.c ****     placeholder ++;
 215               	.LM12:
 216 0044 8093 0000 		sts placeholder.1826,r24
 217 0048 00C0      		rjmp .L5
 218               	.L4:
 138:/Users/Roger/Library/Mobile Documents/com~apple~CloudDocs/Firmwares/XAVR/DOC_xavr/DOC_xavr/timer.c ****         placeholder = 0;
 220               	.LM13:
 221 004a 1092 0000 		sts placeholder.1826,__zero_reg__
 222               	.L5:
 139:/Users/Roger/Library/Mobile Documents/com~apple~CloudDocs/Firmwares/XAVR/DOC_xavr/DOC_xavr/timer.c ****     }
 140:/Users/Roger/Library/Mobile Documents/com~apple~CloudDocs/Firmwares/XAVR/DOC_xavr/DOC_xavr/timer.c ****     PORTD = numbers[digits[placeholder]];   //set up bjts on cathodes.
 224               	.LM14:
 225 004e E091 0000 		lds r30,placeholder.1826
 226 0052 F0E0      		ldi r31,0
 227 0054 E050      		subi r30,lo8(-(digits))
 228 0056 F040      		sbci r31,hi8(-(digits))
 229 0058 E081      		ld r30,Z
 230 005a F0E0      		ldi r31,0
 231 005c E050      		subi r30,lo8(-(numbers))
 232 005e F040      		sbci r31,hi8(-(numbers))
 233 0060 8081      		ld r24,Z
 234 0062 8BB9      		out 0xb,r24
 141:/Users/Roger/Library/Mobile Documents/com~apple~CloudDocs/Firmwares/XAVR/DOC_xavr/DOC_xavr/timer.c **** 	
 142:/Users/Roger/Library/Mobile Documents/com~apple~CloudDocs/Firmwares/XAVR/DOC_xavr/DOC_xavr/timer.c **** 	
 143:/Users/Roger/Library/Mobile Documents/com~apple~CloudDocs/Firmwares/XAVR/DOC_xavr/DOC_xavr/timer.c ****  switch (clockstat){	//this switch will determine the colon/decimal place
 236               	.LM15:
 237 0064 8091 0000 		lds r24,clockstat
 238 0068 8130      		cpi r24,lo8(1)
 239 006a 01F0      		breq .L7
 240 006c 8330      		cpi r24,lo8(3)
 241 006e 01F0      		breq .L8
 242 0070 00C0      		rjmp .L6
 243               	.L7:
 144:/Users/Roger/Library/Mobile Documents/com~apple~CloudDocs/Firmwares/XAVR/DOC_xavr/DOC_xavr/timer.c **** 	 case clockrun:
 145:/Users/Roger/Library/Mobile Documents/com~apple~CloudDocs/Firmwares/XAVR/DOC_xavr/DOC_xavr/timer.c **** 		if(digits[0] & 0x01){  //if we've got an odd number
 245               	.LM16:
 246 0072 8091 0000 		lds r24,digits
 247 0076 80FF      		sbrs r24,0
 248 0078 00C0      		rjmp .L6
 249 007a 00C0      		rjmp .L12
 250               	.L8:
 146:/Users/Roger/Library/Mobile Documents/com~apple~CloudDocs/Firmwares/XAVR/DOC_xavr/DOC_xavr/timer.c **** 			PORTD |= 0x08;
 147:/Users/Roger/Library/Mobile Documents/com~apple~CloudDocs/Firmwares/XAVR/DOC_xavr/DOC_xavr/timer.c **** 		}	//set the colon when we have an odd number
 148:/Users/Roger/Library/Mobile Documents/com~apple~CloudDocs/Firmwares/XAVR/DOC_xavr/DOC_xavr/timer.c **** 		
 149:/Users/Roger/Library/Mobile Documents/com~apple~CloudDocs/Firmwares/XAVR/DOC_xavr/DOC_xavr/timer.c **** 		break;
 150:/Users/Roger/Library/Mobile Documents/com~apple~CloudDocs/Firmwares/XAVR/DOC_xavr/DOC_xavr/timer.c **** 		
 151:/Users/Roger/Library/Mobile Documents/com~apple~CloudDocs/Firmwares/XAVR/DOC_xavr/DOC_xavr/timer.c **** 		case voltdisp:
 152:/Users/Roger/Library/Mobile Documents/com~apple~CloudDocs/Firmwares/XAVR/DOC_xavr/DOC_xavr/timer.c **** 		if (placeholder == 2){  //while displaying the voltage, set the lower dot of hte colon to be a ce
 252               	.LM17:
 253 007c 8091 0000 		lds r24,placeholder.1826
 254 0080 8230      		cpi r24,lo8(2)
 255 0082 01F4      		brne .L6
 256               	.L12:
 153:/Users/Roger/Library/Mobile Documents/com~apple~CloudDocs/Firmwares/XAVR/DOC_xavr/DOC_xavr/timer.c **** 			PORTD |= 0x08;
 258               	.LM18:
 259 0084 5B9A      		sbi 0xb,3
 260               	.L6:
 154:/Users/Roger/Library/Mobile Documents/com~apple~CloudDocs/Firmwares/XAVR/DOC_xavr/DOC_xavr/timer.c **** 		}
 155:/Users/Roger/Library/Mobile Documents/com~apple~CloudDocs/Firmwares/XAVR/DOC_xavr/DOC_xavr/timer.c **** 		break;
 156:/Users/Roger/Library/Mobile Documents/com~apple~CloudDocs/Firmwares/XAVR/DOC_xavr/DOC_xavr/timer.c **** 		
 157:/Users/Roger/Library/Mobile Documents/com~apple~CloudDocs/Firmwares/XAVR/DOC_xavr/DOC_xavr/timer.c **** 	}	//end of switch
 158:/Users/Roger/Library/Mobile Documents/com~apple~CloudDocs/Firmwares/XAVR/DOC_xavr/DOC_xavr/timer.c **** 
 159:/Users/Roger/Library/Mobile Documents/com~apple~CloudDocs/Firmwares/XAVR/DOC_xavr/DOC_xavr/timer.c ****     PORTC &= ~(dig_array[placeholder]);    //enable the appropriate anode by clearing the Gate of t
 262               	.LM19:
 263 0086 98B1      		in r25,0x8
 264 0088 8091 0000 		lds r24,placeholder.1826
 265 008c FE01      		movw r30,r28
 266 008e E80F      		add r30,r24
 267 0090 F11D      		adc r31,__zero_reg__
 268 0092 8181      		ldd r24,Z+1
 269 0094 8095      		com r24
 270 0096 8923      		and r24,r25
 271 0098 88B9      		out 0x8,r24
 272               	/* epilogue start */
 160:/Users/Roger/Library/Mobile Documents/com~apple~CloudDocs/Firmwares/XAVR/DOC_xavr/DOC_xavr/timer.c **** 
 161:/Users/Roger/Library/Mobile Documents/com~apple~CloudDocs/Firmwares/XAVR/DOC_xavr/DOC_xavr/timer.c **** }   //end of next_digit function
 274               	.LM20:
 275 009a 0F90      		pop __tmp_reg__
 276 009c 0F90      		pop __tmp_reg__
 277 009e 0F90      		pop __tmp_reg__
 278 00a0 0F90      		pop __tmp_reg__
 279 00a2 DF91      		pop r29
 280 00a4 CF91      		pop r28
 281 00a6 0895      		ret
 287               	.Lscope3:
 289               	.global	inc_seconds
 291               	inc_seconds:
 162:/Users/Roger/Library/Mobile Documents/com~apple~CloudDocs/Firmwares/XAVR/DOC_xavr/DOC_xavr/timer.c **** 
 163:/Users/Roger/Library/Mobile Documents/com~apple~CloudDocs/Firmwares/XAVR/DOC_xavr/DOC_xavr/timer.c **** 
 164:/Users/Roger/Library/Mobile Documents/com~apple~CloudDocs/Firmwares/XAVR/DOC_xavr/DOC_xavr/timer.c **** 
 165:/Users/Roger/Library/Mobile Documents/com~apple~CloudDocs/Firmwares/XAVR/DOC_xavr/DOC_xavr/timer.c **** //function to actually increment the time.
 166:/Users/Roger/Library/Mobile Documents/com~apple~CloudDocs/Firmwares/XAVR/DOC_xavr/DOC_xavr/timer.c **** void inc_seconds(void){
 293               	.LM21:
 294               	.LFBB4:
 295               	/* prologue: function */
 296               	/* frame size = 0 */
 297               	/* stack size = 0 */
 298               	.L__stack_usage = 0
 167:/Users/Roger/Library/Mobile Documents/com~apple~CloudDocs/Firmwares/XAVR/DOC_xavr/DOC_xavr/timer.c **** 	
 168:/Users/Roger/Library/Mobile Documents/com~apple~CloudDocs/Firmwares/XAVR/DOC_xavr/DOC_xavr/timer.c ****     digits[0] ++;
 300               	.LM22:
 301 00a8 8091 0000 		lds r24,digits
 302 00ac 8F5F      		subi r24,lo8(-(1))
 169:/Users/Roger/Library/Mobile Documents/com~apple~CloudDocs/Firmwares/XAVR/DOC_xavr/DOC_xavr/timer.c ****     if(digits[0] >= 10){
 304               	.LM23:
 305 00ae 8A30      		cpi r24,lo8(10)
 306 00b0 00F4      		brsh .L15
 168:/Users/Roger/Library/Mobile Documents/com~apple~CloudDocs/Firmwares/XAVR/DOC_xavr/DOC_xavr/timer.c ****     if(digits[0] >= 10){
 308               	.LM24:
 309 00b2 8093 0000 		sts digits,r24
 310 00b6 00C0      		rjmp .L16
 311               	.L15:
 170:/Users/Roger/Library/Mobile Documents/com~apple~CloudDocs/Firmwares/XAVR/DOC_xavr/DOC_xavr/timer.c ****         digits[0] = 0;
 313               	.LM25:
 314 00b8 1092 0000 		sts digits,__zero_reg__
 171:/Users/Roger/Library/Mobile Documents/com~apple~CloudDocs/Firmwares/XAVR/DOC_xavr/DOC_xavr/timer.c ****         digits[1]++;
 316               	.LM26:
 317 00bc 8091 0000 		lds r24,digits+1
 318 00c0 8F5F      		subi r24,lo8(-(1))
 319 00c2 8093 0000 		sts digits+1,r24
 320               	.L16:
 172:/Users/Roger/Library/Mobile Documents/com~apple~CloudDocs/Firmwares/XAVR/DOC_xavr/DOC_xavr/timer.c ****     }
 173:/Users/Roger/Library/Mobile Documents/com~apple~CloudDocs/Firmwares/XAVR/DOC_xavr/DOC_xavr/timer.c ****     if(digits[1] >= 6){
 322               	.LM27:
 323 00c6 8091 0000 		lds r24,digits+1
 324 00ca 8630      		cpi r24,lo8(6)
 325 00cc 00F0      		brlo .L17
 174:/Users/Roger/Library/Mobile Documents/com~apple~CloudDocs/Firmwares/XAVR/DOC_xavr/DOC_xavr/timer.c ****         digits[1] = 0;
 327               	.LM28:
 328 00ce 1092 0000 		sts digits+1,__zero_reg__
 175:/Users/Roger/Library/Mobile Documents/com~apple~CloudDocs/Firmwares/XAVR/DOC_xavr/DOC_xavr/timer.c ****          digits[2]++;
 330               	.LM29:
 331 00d2 8091 0000 		lds r24,digits+2
 332 00d6 8F5F      		subi r24,lo8(-(1))
 333 00d8 8093 0000 		sts digits+2,r24
 334               	.L17:
 176:/Users/Roger/Library/Mobile Documents/com~apple~CloudDocs/Firmwares/XAVR/DOC_xavr/DOC_xavr/timer.c ****     }
 177:/Users/Roger/Library/Mobile Documents/com~apple~CloudDocs/Firmwares/XAVR/DOC_xavr/DOC_xavr/timer.c ****     if(digits[2] >= 10){
 336               	.LM30:
 337 00dc 8091 0000 		lds r24,digits+2
 338 00e0 8A30      		cpi r24,lo8(10)
 339 00e2 00F0      		brlo .L18
 178:/Users/Roger/Library/Mobile Documents/com~apple~CloudDocs/Firmwares/XAVR/DOC_xavr/DOC_xavr/timer.c ****         digits[2] = 0;
 341               	.LM31:
 342 00e4 1092 0000 		sts digits+2,__zero_reg__
 179:/Users/Roger/Library/Mobile Documents/com~apple~CloudDocs/Firmwares/XAVR/DOC_xavr/DOC_xavr/timer.c ****         digits[3] ++;
 344               	.LM32:
 345 00e8 8091 0000 		lds r24,digits+3
 346 00ec 8F5F      		subi r24,lo8(-(1))
 347 00ee 8093 0000 		sts digits+3,r24
 348               	.L18:
 180:/Users/Roger/Library/Mobile Documents/com~apple~CloudDocs/Firmwares/XAVR/DOC_xavr/DOC_xavr/timer.c ****     }
 181:/Users/Roger/Library/Mobile Documents/com~apple~CloudDocs/Firmwares/XAVR/DOC_xavr/DOC_xavr/timer.c ****     if(digits[3] >= 10){
 350               	.LM33:
 351 00f2 8091 0000 		lds r24,digits+3
 352 00f6 8A30      		cpi r24,lo8(10)
 353 00f8 00F0      		brlo .L14
 354               	.LBB4:
 355               	.LBB5:
 182:/Users/Roger/Library/Mobile Documents/com~apple~CloudDocs/Firmwares/XAVR/DOC_xavr/DOC_xavr/timer.c ****         digits[3] = 0;
 357               	.LM34:
 358 00fa 1092 0000 		sts digits+3,__zero_reg__
 183:/Users/Roger/Library/Mobile Documents/com~apple~CloudDocs/Firmwares/XAVR/DOC_xavr/DOC_xavr/timer.c ****         setsleepstat(1);   //this will set a flag in a function in main.c to initiate shutting it d
 360               	.LM35:
 361 00fe 81E0      		ldi r24,lo8(1)
 362 0100 0C94 0000 		jmp setsleepstat
 363               	.L14:
 364 0104 0895      		ret
 365               	.LBE5:
 366               	.LBE4:
 368               	.Lscope4:
 370               	.global	timeequals0
 372               	timeequals0:
 184:/Users/Roger/Library/Mobile Documents/com~apple~CloudDocs/Firmwares/XAVR/DOC_xavr/DOC_xavr/timer.c ****     }
 185:/Users/Roger/Library/Mobile Documents/com~apple~CloudDocs/Firmwares/XAVR/DOC_xavr/DOC_xavr/timer.c **** }
 186:/Users/Roger/Library/Mobile Documents/com~apple~CloudDocs/Firmwares/XAVR/DOC_xavr/DOC_xavr/timer.c **** 
 187:/Users/Roger/Library/Mobile Documents/com~apple~CloudDocs/Firmwares/XAVR/DOC_xavr/DOC_xavr/timer.c **** 
 188:/Users/Roger/Library/Mobile Documents/com~apple~CloudDocs/Firmwares/XAVR/DOC_xavr/DOC_xavr/timer.c **** 
 189:/Users/Roger/Library/Mobile Documents/com~apple~CloudDocs/Firmwares/XAVR/DOC_xavr/DOC_xavr/timer.c **** 
 190:/Users/Roger/Library/Mobile Documents/com~apple~CloudDocs/Firmwares/XAVR/DOC_xavr/DOC_xavr/timer.c **** 
 191:/Users/Roger/Library/Mobile Documents/com~apple~CloudDocs/Firmwares/XAVR/DOC_xavr/DOC_xavr/timer.c **** void timeequals0 (void){
 374               	.LM36:
 375               	.LFBB5:
 376               	/* prologue: function */
 377               	/* frame size = 0 */
 378               	/* stack size = 0 */
 379               	.L__stack_usage = 0
 380               	.LBB6:
 192:/Users/Roger/Library/Mobile Documents/com~apple~CloudDocs/Firmwares/XAVR/DOC_xavr/DOC_xavr/timer.c **** 	for(int i = 0; i < 4; i++){
 193:/Users/Roger/Library/Mobile Documents/com~apple~CloudDocs/Firmwares/XAVR/DOC_xavr/DOC_xavr/timer.c **** 		digits[i] = 0;
 382               	.LM37:
 383 0106 E0E0      		ldi r30,lo8(digits)
 384 0108 F0E0      		ldi r31,hi8(digits)
 385 010a 1082      		st Z,__zero_reg__
 386 010c 1182      		std Z+1,__zero_reg__
 387 010e 1282      		std Z+2,__zero_reg__
 388 0110 1382      		std Z+3,__zero_reg__
 389 0112 0895      		ret
 390               	.LBE6:
 392               	.Lscope5:
 394               	.global	shut_r_down
 396               	shut_r_down:
 194:/Users/Roger/Library/Mobile Documents/com~apple~CloudDocs/Firmwares/XAVR/DOC_xavr/DOC_xavr/timer.c **** 	}
 195:/Users/Roger/Library/Mobile Documents/com~apple~CloudDocs/Firmwares/XAVR/DOC_xavr/DOC_xavr/timer.c **** }
 196:/Users/Roger/Library/Mobile Documents/com~apple~CloudDocs/Firmwares/XAVR/DOC_xavr/DOC_xavr/timer.c **** 
 197:/Users/Roger/Library/Mobile Documents/com~apple~CloudDocs/Firmwares/XAVR/DOC_xavr/DOC_xavr/timer.c **** 
 198:/Users/Roger/Library/Mobile Documents/com~apple~CloudDocs/Firmwares/XAVR/DOC_xavr/DOC_xavr/timer.c **** 
 199:/Users/Roger/Library/Mobile Documents/com~apple~CloudDocs/Firmwares/XAVR/DOC_xavr/DOC_xavr/timer.c **** void shut_r_down(void){
 398               	.LM38:
 399               	.LFBB6:
 400               	/* prologue: function */
 401               	/* frame size = 0 */
 402               	/* stack size = 0 */
 403               	.L__stack_usage = 0
 200:/Users/Roger/Library/Mobile Documents/com~apple~CloudDocs/Firmwares/XAVR/DOC_xavr/DOC_xavr/timer.c **** 	timeequals0();
 405               	.LM39:
 406 0114 0E94 0000 		call timeequals0
 201:/Users/Roger/Library/Mobile Documents/com~apple~CloudDocs/Firmwares/XAVR/DOC_xavr/DOC_xavr/timer.c **** 	TCCR0B = 0;		//kill timer
 408               	.LM40:
 409 0118 15BC      		out 0x25,__zero_reg__
 202:/Users/Roger/Library/Mobile Documents/com~apple~CloudDocs/Firmwares/XAVR/DOC_xavr/DOC_xavr/timer.c **** 	PORTD = 0;		//turn off NPNs
 411               	.LM41:
 412 011a 1BB8      		out 0xb,__zero_reg__
 203:/Users/Roger/Library/Mobile Documents/com~apple~CloudDocs/Firmwares/XAVR/DOC_xavr/DOC_xavr/timer.c **** 	PORTC |= 0x0F;	//turn off P-ch
 414               	.LM42:
 415 011c 88B1      		in r24,0x8
 416 011e 8F60      		ori r24,lo8(15)
 417 0120 88B9      		out 0x8,r24
 204:/Users/Roger/Library/Mobile Documents/com~apple~CloudDocs/Firmwares/XAVR/DOC_xavr/DOC_xavr/timer.c **** 	set_sleep_mode(SLEEP_MODE_PWR_DOWN);	//going to deep sleep
 419               	.LM43:
 420 0122 83B7      		in r24,0x33
 421 0124 817F      		andi r24,lo8(-15)
 422 0126 8460      		ori r24,lo8(4)
 423 0128 83BF      		out 0x33,r24
 205:/Users/Roger/Library/Mobile Documents/com~apple~CloudDocs/Firmwares/XAVR/DOC_xavr/DOC_xavr/timer.c **** 	PCIFR |= 0x01;	//clear interrupt flag
 425               	.LM44:
 426 012a D89A      		sbi 0x1b,0
 206:/Users/Roger/Library/Mobile Documents/com~apple~CloudDocs/Firmwares/XAVR/DOC_xavr/DOC_xavr/timer.c **** 	PCICR |= 0x01;	//enable Pin Change Interrupt
 428               	.LM45:
 429 012c E8E6      		ldi r30,lo8(104)
 430 012e F0E0      		ldi r31,0
 431 0130 8081      		ld r24,Z
 432 0132 8160      		ori r24,lo8(1)
 433 0134 8083      		st Z,r24
 207:/Users/Roger/Library/Mobile Documents/com~apple~CloudDocs/Firmwares/XAVR/DOC_xavr/DOC_xavr/timer.c **** 	sleep_mode();
 435               	.LM46:
 436 0136 83B7      		in r24,0x33
 437 0138 8160      		ori r24,lo8(1)
 438 013a 83BF      		out 0x33,r24
 439               	/* #APP */
 440               	 ;  207 "/Users/Roger/Library/Mobile Documents/com~apple~CloudDocs/Firmwares/XAVR/DOC_xavr/DOC_xavr
 441 013c 8895      		sleep
 442               		
 443               	 ;  0 "" 2
 444               	/* #NOAPP */
 445 013e 83B7      		in r24,0x33
 446 0140 8E7F      		andi r24,lo8(-2)
 447 0142 83BF      		out 0x33,r24
 208:/Users/Roger/Library/Mobile Documents/com~apple~CloudDocs/Firmwares/XAVR/DOC_xavr/DOC_xavr/timer.c **** 	asm ("nop");
 449               	.LM47:
 450               	/* #APP */
 451               	 ;  208 "/Users/Roger/Library/Mobile Documents/com~apple~CloudDocs/Firmwares/XAVR/DOC_xavr/DOC_xavr
 452 0144 0000      		nop
 453               	 ;  0 "" 2
 209:/Users/Roger/Library/Mobile Documents/com~apple~CloudDocs/Firmwares/XAVR/DOC_xavr/DOC_xavr/timer.c **** 	PCICR = 0;	//disable PC Interrupt
 455               	.LM48:
 456               	/* #NOAPP */
 457 0146 1082      		st Z,__zero_reg__
 210:/Users/Roger/Library/Mobile Documents/com~apple~CloudDocs/Firmwares/XAVR/DOC_xavr/DOC_xavr/timer.c **** 	set_sleep_mode(SLEEP_MODE_IDLE);	//change back to IDLE
 459               	.LM49:
 460 0148 83B7      		in r24,0x33
 461 014a 817F      		andi r24,lo8(-15)
 462 014c 83BF      		out 0x33,r24
 211:/Users/Roger/Library/Mobile Documents/com~apple~CloudDocs/Firmwares/XAVR/DOC_xavr/DOC_xavr/timer.c **** 	clockstat = clockrun;	//arming for post-reset
 464               	.LM50:
 465 014e 81E0      		ldi r24,lo8(1)
 466 0150 8093 0000 		sts clockstat,r24
 212:/Users/Roger/Library/Mobile Documents/com~apple~CloudDocs/Firmwares/XAVR/DOC_xavr/DOC_xavr/timer.c **** 	fallarm = 0;
 468               	.LM51:
 469 0154 1092 0000 		sts fallarm,__zero_reg__
 213:/Users/Roger/Library/Mobile Documents/com~apple~CloudDocs/Firmwares/XAVR/DOC_xavr/DOC_xavr/timer.c **** 	turnoff_arm = 1;
 471               	.LM52:
 472 0158 8093 0000 		sts turnoff_arm,r24
 214:/Users/Roger/Library/Mobile Documents/com~apple~CloudDocs/Firmwares/XAVR/DOC_xavr/DOC_xavr/timer.c **** 	cyclesinstat = 0;
 474               	.LM53:
 475 015c 1092 0000 		sts cyclesinstat+1,__zero_reg__
 476 0160 1092 0000 		sts cyclesinstat,__zero_reg__
 215:/Users/Roger/Library/Mobile Documents/com~apple~CloudDocs/Firmwares/XAVR/DOC_xavr/DOC_xavr/timer.c **** 	setsleepstat(0);
 478               	.LM54:
 479 0164 80E0      		ldi r24,0
 480 0166 0E94 0000 		call setsleepstat
 216:/Users/Roger/Library/Mobile Documents/com~apple~CloudDocs/Firmwares/XAVR/DOC_xavr/DOC_xavr/timer.c **** 	TCCR0B |= 0x02;	//re-enable clock
 482               	.LM55:
 483 016a 85B5      		in r24,0x25
 484 016c 8260      		ori r24,lo8(2)
 485 016e 85BD      		out 0x25,r24
 486 0170 0895      		ret
 488               	.Lscope6:
 490               	.global	display_batt
 492               	display_batt:
 217:/Users/Roger/Library/Mobile Documents/com~apple~CloudDocs/Firmwares/XAVR/DOC_xavr/DOC_xavr/timer.c **** }
 218:/Users/Roger/Library/Mobile Documents/com~apple~CloudDocs/Firmwares/XAVR/DOC_xavr/DOC_xavr/timer.c **** 
 219:/Users/Roger/Library/Mobile Documents/com~apple~CloudDocs/Firmwares/XAVR/DOC_xavr/DOC_xavr/timer.c **** //this just puts 'batt' across the display.  Will be called for 1 second prior to displaying the ac
 220:/Users/Roger/Library/Mobile Documents/com~apple~CloudDocs/Firmwares/XAVR/DOC_xavr/DOC_xavr/timer.c **** void display_batt(void){
 494               	.LM56:
 495               	.LFBB7:
 496               	/* prologue: function */
 497               	/* frame size = 0 */
 498               	/* stack size = 0 */
 499               	.L__stack_usage = 0
 500               	.LBB7:
 221:/Users/Roger/Library/Mobile Documents/com~apple~CloudDocs/Firmwares/XAVR/DOC_xavr/DOC_xavr/timer.c **** 		for (int i = 11; i < 15; i ++){
 222:/Users/Roger/Library/Mobile Documents/com~apple~CloudDocs/Firmwares/XAVR/DOC_xavr/DOC_xavr/timer.c **** 			digits[(i-11)] = i;
 502               	.LM57:
 503 0172 E0E0      		ldi r30,lo8(digits)
 504 0174 F0E0      		ldi r31,hi8(digits)
 505 0176 8BE0      		ldi r24,lo8(11)
 506 0178 8083      		st Z,r24
 507 017a 8CE0      		ldi r24,lo8(12)
 508 017c 8183      		std Z+1,r24
 509 017e 8DE0      		ldi r24,lo8(13)
 510 0180 8283      		std Z+2,r24
 511 0182 8EE0      		ldi r24,lo8(14)
 512 0184 8383      		std Z+3,r24
 513 0186 0895      		ret
 514               	.LBE7:
 516               	.Lscope7:
 519               	.global	display_volts
 521               	display_volts:
 223:/Users/Roger/Library/Mobile Documents/com~apple~CloudDocs/Firmwares/XAVR/DOC_xavr/DOC_xavr/timer.c **** 		}
 224:/Users/Roger/Library/Mobile Documents/com~apple~CloudDocs/Firmwares/XAVR/DOC_xavr/DOC_xavr/timer.c **** }
 225:/Users/Roger/Library/Mobile Documents/com~apple~CloudDocs/Firmwares/XAVR/DOC_xavr/DOC_xavr/timer.c **** 
 226:/Users/Roger/Library/Mobile Documents/com~apple~CloudDocs/Firmwares/XAVR/DOC_xavr/DOC_xavr/timer.c **** 
 227:/Users/Roger/Library/Mobile Documents/com~apple~CloudDocs/Firmwares/XAVR/DOC_xavr/DOC_xavr/timer.c **** 
 228:/Users/Roger/Library/Mobile Documents/com~apple~CloudDocs/Firmwares/XAVR/DOC_xavr/DOC_xavr/timer.c **** void display_volts (u16 adval){
 523               	.LM58:
 524               	.LFBB8:
 525               	/* prologue: function */
 526               	/* frame size = 0 */
 527               	/* stack size = 0 */
 528               	.L__stack_usage = 0
 229:/Users/Roger/Library/Mobile Documents/com~apple~CloudDocs/Firmwares/XAVR/DOC_xavr/DOC_xavr/timer.c **** 
 230:/Users/Roger/Library/Mobile Documents/com~apple~CloudDocs/Firmwares/XAVR/DOC_xavr/DOC_xavr/timer.c **** //this is will display the voltage.
 231:/Users/Roger/Library/Mobile Documents/com~apple~CloudDocs/Firmwares/XAVR/DOC_xavr/DOC_xavr/timer.c **** adval /= 10;		//drop to x.yz volts.  will allow me to use the bottom of the colon as decimal place 
 530               	.LM59:
 531 0188 2AE0      		ldi r18,lo8(10)
 532 018a 30E0      		ldi r19,0
 533 018c B901      		movw r22,r18
 534 018e 0E94 0000 		call __udivmodhi4
 535 0192 CB01      		movw r24,r22
 232:/Users/Roger/Library/Mobile Documents/com~apple~CloudDocs/Firmwares/XAVR/DOC_xavr/DOC_xavr/timer.c **** 	digits[0] = adval % 10;
 537               	.LM60:
 538 0194 E0E0      		ldi r30,lo8(digits)
 539 0196 F0E0      		ldi r31,hi8(digits)
 540 0198 B901      		movw r22,r18
 541 019a 0E94 0000 		call __udivmodhi4
 542 019e 8083      		st Z,r24
 233:/Users/Roger/Library/Mobile Documents/com~apple~CloudDocs/Firmwares/XAVR/DOC_xavr/DOC_xavr/timer.c **** 	adval /= 10;
 234:/Users/Roger/Library/Mobile Documents/com~apple~CloudDocs/Firmwares/XAVR/DOC_xavr/DOC_xavr/timer.c **** 	digits [1] = adval %10;
 544               	.LM61:
 545 01a0 CB01      		movw r24,r22
 546 01a2 B901      		movw r22,r18
 547 01a4 0E94 0000 		call __udivmodhi4
 548 01a8 8183      		std Z+1,r24
 235:/Users/Roger/Library/Mobile Documents/com~apple~CloudDocs/Firmwares/XAVR/DOC_xavr/DOC_xavr/timer.c **** 	adval /= 10;
 236:/Users/Roger/Library/Mobile Documents/com~apple~CloudDocs/Firmwares/XAVR/DOC_xavr/DOC_xavr/timer.c **** 	digits [2] = adval %10;
 550               	.LM62:
 551 01aa CB01      		movw r24,r22
 552 01ac B901      		movw r22,r18
 553 01ae 0E94 0000 		call __udivmodhi4
 554 01b2 8283      		std Z+2,r24
 237:/Users/Roger/Library/Mobile Documents/com~apple~CloudDocs/Firmwares/XAVR/DOC_xavr/DOC_xavr/timer.c **** 	digits [3] = 10;	//10 is all off
 556               	.LM63:
 557 01b4 8AE0      		ldi r24,lo8(10)
 558 01b6 8383      		std Z+3,r24
 559 01b8 0895      		ret
 561               	.Lscope8:
 563               	.global	display_intensity
 565               	display_intensity:
 238:/Users/Roger/Library/Mobile Documents/com~apple~CloudDocs/Firmwares/XAVR/DOC_xavr/DOC_xavr/timer.c **** }
 239:/Users/Roger/Library/Mobile Documents/com~apple~CloudDocs/Firmwares/XAVR/DOC_xavr/DOC_xavr/timer.c **** 
 240:/Users/Roger/Library/Mobile Documents/com~apple~CloudDocs/Firmwares/XAVR/DOC_xavr/DOC_xavr/timer.c **** //while clockstat == intenset, this will be called once a second.  Will increment teh intensity fro
 241:/Users/Roger/Library/Mobile Documents/com~apple~CloudDocs/Firmwares/XAVR/DOC_xavr/DOC_xavr/timer.c **** void display_intensity (void) {
 567               	.LM64:
 568               	.LFBB9:
 569               	/* prologue: function */
 570               	/* frame size = 0 */
 571               	/* stack size = 0 */
 572               	.L__stack_usage = 0
 242:/Users/Roger/Library/Mobile Documents/com~apple~CloudDocs/Firmwares/XAVR/DOC_xavr/DOC_xavr/timer.c ****     intensity ++;
 574               	.LM65:
 575 01ba 8091 0000 		lds r24,intensity
 576 01be 8F5F      		subi r24,lo8(-(1))
 243:/Users/Roger/Library/Mobile Documents/com~apple~CloudDocs/Firmwares/XAVR/DOC_xavr/DOC_xavr/timer.c ****     if(intensity == 10){intensity = 1;}
 578               	.LM66:
 579 01c0 8A30      		cpi r24,lo8(10)
 580 01c2 01F4      		brne .L27
 582               	.LM67:
 583 01c4 81E0      		ldi r24,lo8(1)
 584               	.L27:
 585 01c6 8093 0000 		sts intensity,r24
 586               	.LBB8:
 244:/Users/Roger/Library/Mobile Documents/com~apple~CloudDocs/Firmwares/XAVR/DOC_xavr/DOC_xavr/timer.c ****     for (int i = 0; i < 4; i ++){
 245:/Users/Roger/Library/Mobile Documents/com~apple~CloudDocs/Firmwares/XAVR/DOC_xavr/DOC_xavr/timer.c ****         digits[i] = intensity;
 588               	.LM68:
 589 01ca 8091 0000 		lds r24,intensity
 590 01ce 8093 0000 		sts digits,r24
 591 01d2 8093 0000 		sts digits+1,r24
 592 01d6 8093 0000 		sts digits+2,r24
 593 01da 8093 0000 		sts digits+3,r24
 594 01de 0895      		ret
 595               	.LBE8:
 597               	.Lscope9:
 599               	.global	__vector_14
 601               	__vector_14:
  45:/Users/Roger/Library/Mobile Documents/com~apple~CloudDocs/Firmwares/XAVR/DOC_xavr/DOC_xavr/timer.c ****     static u8 two_hun_mics = 0;
 603               	.LM69:
 604               	.LFBB10:
 605 01e0 1F92      		push r1
 606 01e2 0F92      		push r0
 607 01e4 0FB6      		in r0,__SREG__
 608 01e6 0F92      		push r0
 609 01e8 1124      		clr __zero_reg__
 610 01ea 0F93      		push r16
 611 01ec 1F93      		push r17
 612 01ee 2F93      		push r18
 613 01f0 3F93      		push r19
 614 01f2 4F93      		push r20
 615 01f4 5F93      		push r21
 616 01f6 6F93      		push r22
 617 01f8 7F93      		push r23
 618 01fa 8F93      		push r24
 619 01fc 9F93      		push r25
 620 01fe AF93      		push r26
 621 0200 BF93      		push r27
 622 0202 CF93      		push r28
 623 0204 EF93      		push r30
 624 0206 FF93      		push r31
 625               	/* prologue: Signal */
 626               	/* frame size = 0 */
 627               	/* stack size = 18 */
 628               	.L__stack_usage = 18
  51:/Users/Roger/Library/Mobile Documents/com~apple~CloudDocs/Firmwares/XAVR/DOC_xavr/DOC_xavr/timer.c **** 	if(butstat == laststat){
 630               	.LM70:
 631 0208 C3B1      		in r28,0x3
 632 020a C170      		andi r28,lo8(1)
 633 020c C093 0000 		sts butstat,r28
  52:/Users/Roger/Library/Mobile Documents/com~apple~CloudDocs/Firmwares/XAVR/DOC_xavr/DOC_xavr/timer.c **** 		cyclesinstat ++;
 635               	.LM71:
 636 0210 2091 0000 		lds r18,laststat
 637 0214 C213      		cpse r28,r18
 638 0216 00C0      		rjmp .L29
  53:/Users/Roger/Library/Mobile Documents/com~apple~CloudDocs/Firmwares/XAVR/DOC_xavr/DOC_xavr/timer.c **** 	} else{	//count how many times I've been in this status
 640               	.LM72:
 641 0218 8091 0000 		lds r24,cyclesinstat
 642 021c 9091 0000 		lds r25,cyclesinstat+1
 643 0220 0196      		adiw r24,1
 644 0222 9093 0000 		sts cyclesinstat+1,r25
 645 0226 8093 0000 		sts cyclesinstat,r24
 646 022a 00C0      		rjmp .L30
 647               	.L29:
  55:/Users/Roger/Library/Mobile Documents/com~apple~CloudDocs/Firmwares/XAVR/DOC_xavr/DOC_xavr/timer.c **** 	} //reset counter if the status has changed.
 649               	.LM73:
 650 022c 1092 0000 		sts cyclesinstat+1,__zero_reg__
 651 0230 1092 0000 		sts cyclesinstat,__zero_reg__
 652               	.L30:
  57:/Users/Roger/Library/Mobile Documents/com~apple~CloudDocs/Firmwares/XAVR/DOC_xavr/DOC_xavr/timer.c **** 		fallarm = 1;
 654               	.LM74:
 655 0234 0091 0000 		lds r16,cyclesinstat
 656 0238 1091 0000 		lds r17,cyclesinstat+1
 657 023c 0333      		cpi r16,51
 658 023e 1105      		cpc r17,__zero_reg__
 659 0240 00F0      		brlo .L31
  57:/Users/Roger/Library/Mobile Documents/com~apple~CloudDocs/Firmwares/XAVR/DOC_xavr/DOC_xavr/timer.c **** 		fallarm = 1;
 661               	.LM75:
 662 0242 2223      		tst r18
 663 0244 01F0      		breq .L31
  57:/Users/Roger/Library/Mobile Documents/com~apple~CloudDocs/Firmwares/XAVR/DOC_xavr/DOC_xavr/timer.c **** 		fallarm = 1;
 665               	.LM76:
 666 0246 8091 0000 		lds r24,turnoff_arm
 667 024a 8823      		tst r24
 668 024c 01F0      		breq .L31
  58:/Users/Roger/Library/Mobile Documents/com~apple~CloudDocs/Firmwares/XAVR/DOC_xavr/DOC_xavr/timer.c **** 		clockstat = clockrun;
 670               	.LM77:
 671 024e 81E0      		ldi r24,lo8(1)
 672 0250 8093 0000 		sts fallarm,r24
  59:/Users/Roger/Library/Mobile Documents/com~apple~CloudDocs/Firmwares/XAVR/DOC_xavr/DOC_xavr/timer.c **** 	}	//if the button is hi and it's been hi for 50 cycles (50 x 200uS = 10mS), set it up so the next 
 674               	.LM78:
 675 0254 8093 0000 		sts clockstat,r24
 676               	.L31:
  61:/Users/Roger/Library/Mobile Documents/com~apple~CloudDocs/Firmwares/XAVR/DOC_xavr/DOC_xavr/timer.c **** 		fallarm = 0;
 678               	.LM79:
 679 0258 8091 0000 		lds r24,fallarm
 680 025c 8823      		tst r24
 681 025e 01F0      		breq .L32
  61:/Users/Roger/Library/Mobile Documents/com~apple~CloudDocs/Firmwares/XAVR/DOC_xavr/DOC_xavr/timer.c **** 		fallarm = 0;
 683               	.LM80:
 684 0260 C111      		cpse r28,__zero_reg__
 685 0262 00C0      		rjmp .L32
  62:/Users/Roger/Library/Mobile Documents/com~apple~CloudDocs/Firmwares/XAVR/DOC_xavr/DOC_xavr/timer.c **** 		timeequals0();
 687               	.LM81:
 688 0264 1092 0000 		sts fallarm,__zero_reg__
  63:/Users/Roger/Library/Mobile Documents/com~apple~CloudDocs/Firmwares/XAVR/DOC_xavr/DOC_xavr/timer.c **** 		clockstat = clockoff;
 690               	.LM82:
 691 0268 0E94 0000 		call timeequals0
  64:/Users/Roger/Library/Mobile Documents/com~apple~CloudDocs/Firmwares/XAVR/DOC_xavr/DOC_xavr/timer.c **** 		}
 693               	.LM83:
 694 026c 1092 0000 		sts clockstat,__zero_reg__
 695               	.L32:
  66:/Users/Roger/Library/Mobile Documents/com~apple~CloudDocs/Firmwares/XAVR/DOC_xavr/DOC_xavr/timer.c **** 		{
 697               	.LM84:
 698 0270 8091 0000 		lds r24,turnoff_arm
 699 0274 8823      		tst r24
 700 0276 01F0      		breq .L33
  66:/Users/Roger/Library/Mobile Documents/com~apple~CloudDocs/Firmwares/XAVR/DOC_xavr/DOC_xavr/timer.c **** 		{
 702               	.LM85:
 703 0278 C111      		cpse r28,__zero_reg__
 704 027a 00C0      		rjmp .L33
  66:/Users/Roger/Library/Mobile Documents/com~apple~CloudDocs/Firmwares/XAVR/DOC_xavr/DOC_xavr/timer.c **** 		{
 706               	.LM86:
 707 027c 0031      		cpi r16,16
 708 027e 1742      		sbci r17,39
 709 0280 00F0      		brlo .L33
  68:/Users/Roger/Library/Mobile Documents/com~apple~CloudDocs/Firmwares/XAVR/DOC_xavr/DOC_xavr/timer.c **** 			display_batt();
 711               	.LM87:
 712 0282 1092 0000 		sts two_milliseconds.1817+1,__zero_reg__
 713 0286 1092 0000 		sts two_milliseconds.1817,__zero_reg__
  69:/Users/Roger/Library/Mobile Documents/com~apple~CloudDocs/Firmwares/XAVR/DOC_xavr/DOC_xavr/timer.c **** 			clockstat = batdisp;
 715               	.LM88:
 716 028a 0E94 0000 		call display_batt
  70:/Users/Roger/Library/Mobile Documents/com~apple~CloudDocs/Firmwares/XAVR/DOC_xavr/DOC_xavr/timer.c **** 			turnoff_arm = 0;	//don't come back until this is re-armed at wakeup
 718               	.LM89:
 719 028e 82E0      		ldi r24,lo8(2)
 720 0290 8093 0000 		sts clockstat,r24
  71:/Users/Roger/Library/Mobile Documents/com~apple~CloudDocs/Firmwares/XAVR/DOC_xavr/DOC_xavr/timer.c **** 		}
 722               	.LM90:
 723 0294 1092 0000 		sts turnoff_arm,__zero_reg__
 724               	.L33:
  73:/Users/Roger/Library/Mobile Documents/com~apple~CloudDocs/Firmwares/XAVR/DOC_xavr/DOC_xavr/timer.c ****         set_intensity(intensity);
 726               	.LM91:
 727 0298 8091 0000 		lds r24,clockstat
 728 029c 8430      		cpi r24,lo8(4)
 729 029e 01F4      		brne .L34
  73:/Users/Roger/Library/Mobile Documents/com~apple~CloudDocs/Firmwares/XAVR/DOC_xavr/DOC_xavr/timer.c ****         set_intensity(intensity);
 731               	.LM92:
 732 02a0 CC23      		tst r28
 733 02a2 01F0      		breq .L34
  74:/Users/Roger/Library/Mobile Documents/com~apple~CloudDocs/Firmwares/XAVR/DOC_xavr/DOC_xavr/timer.c ****         timeequals0();
 735               	.LM93:
 736 02a4 8091 0000 		lds r24,intensity
 737 02a8 0E94 0000 		call set_intensity
  75:/Users/Roger/Library/Mobile Documents/com~apple~CloudDocs/Firmwares/XAVR/DOC_xavr/DOC_xavr/timer.c ****         turnoff_arm = 1;
 739               	.LM94:
 740 02ac 0E94 0000 		call timeequals0
  76:/Users/Roger/Library/Mobile Documents/com~apple~CloudDocs/Firmwares/XAVR/DOC_xavr/DOC_xavr/timer.c ****         clockstat = clockrun;
 742               	.LM95:
 743 02b0 81E0      		ldi r24,lo8(1)
 744 02b2 8093 0000 		sts turnoff_arm,r24
  77:/Users/Roger/Library/Mobile Documents/com~apple~CloudDocs/Firmwares/XAVR/DOC_xavr/DOC_xavr/timer.c ****     }
 746               	.LM96:
 747 02b6 8093 0000 		sts clockstat,r24
 748               	.L34:
  79:/Users/Roger/Library/Mobile Documents/com~apple~CloudDocs/Firmwares/XAVR/DOC_xavr/DOC_xavr/timer.c **** 
 750               	.LM97:
 751 02ba 8091 0000 		lds r24,butstat
 752 02be 8093 0000 		sts laststat,r24
  82:/Users/Roger/Library/Mobile Documents/com~apple~CloudDocs/Firmwares/XAVR/DOC_xavr/DOC_xavr/timer.c ****     if (two_hun_mics >= intensity){ //once the intensity level is reached will kill the active LED
 754               	.LM98:
 755 02c2 8091 0000 		lds r24,two_hun_mics.1816
 756 02c6 8F5F      		subi r24,lo8(-(1))
 757 02c8 8093 0000 		sts two_hun_mics.1816,r24
  83:/Users/Roger/Library/Mobile Documents/com~apple~CloudDocs/Firmwares/XAVR/DOC_xavr/DOC_xavr/timer.c ****         PORTC|= 0x0F;  //this will set the 4 LSB's of Port C, ensuring all anodes are off
 759               	.LM99:
 760 02cc 9091 0000 		lds r25,intensity
 761 02d0 8917      		cp r24,r25
 762 02d2 00F0      		brlo .L35
  84:/Users/Roger/Library/Mobile Documents/com~apple~CloudDocs/Firmwares/XAVR/DOC_xavr/DOC_xavr/timer.c ****     }   //end of checking intensity
 764               	.LM100:
 765 02d4 88B1      		in r24,0x8
 766 02d6 8F60      		ori r24,lo8(15)
 767 02d8 88B9      		out 0x8,r24
 768               	.L35:
  87:/Users/Roger/Library/Mobile Documents/com~apple~CloudDocs/Firmwares/XAVR/DOC_xavr/DOC_xavr/timer.c ****         next_digit();   //function to cycle the 4 LSB's of PORTC to ensure that we're walking throu
 770               	.LM101:
 771 02da 8091 0000 		lds r24,two_hun_mics.1816
 772 02de 8A30      		cpi r24,lo8(10)
 773 02e0 00F0      		brlo .L36
  88:/Users/Roger/Library/Mobile Documents/com~apple~CloudDocs/Firmwares/XAVR/DOC_xavr/DOC_xavr/timer.c ****         two_hun_mics = 0;   //reset this value for next round
 775               	.LM102:
 776 02e2 0E94 0000 		call next_digit
  89:/Users/Roger/Library/Mobile Documents/com~apple~CloudDocs/Firmwares/XAVR/DOC_xavr/DOC_xavr/timer.c ****         two_milliseconds ++;    //if I've made it through 10 cycles of 200uS, increment the 2mS cnt
 778               	.LM103:
 779 02e6 1092 0000 		sts two_hun_mics.1816,__zero_reg__
  90:/Users/Roger/Library/Mobile Documents/com~apple~CloudDocs/Firmwares/XAVR/DOC_xavr/DOC_xavr/timer.c **** 		
 781               	.LM104:
 782 02ea 8091 0000 		lds r24,two_milliseconds.1817
 783 02ee 9091 0000 		lds r25,two_milliseconds.1817+1
 784 02f2 0196      		adiw r24,1
 785 02f4 9093 0000 		sts two_milliseconds.1817+1,r25
 786 02f8 8093 0000 		sts two_milliseconds.1817,r24
 787               	.L36:
  95:/Users/Roger/Library/Mobile Documents/com~apple~CloudDocs/Firmwares/XAVR/DOC_xavr/DOC_xavr/timer.c ****         
 789               	.LM105:
 790 02fc 8091 0000 		lds r24,two_milliseconds.1817
 791 0300 9091 0000 		lds r25,two_milliseconds.1817+1
 792 0304 843F      		cpi r24,-12
 793 0306 9140      		sbci r25,1
 794 0308 00F0      		brlo .L28
  98:/Users/Roger/Library/Mobile Documents/com~apple~CloudDocs/Firmwares/XAVR/DOC_xavr/DOC_xavr/timer.c ****          case clockrun:
 796               	.LM106:
 797 030a 8091 0000 		lds r24,clockstat
 798 030e 8230      		cpi r24,lo8(2)
 799 0310 01F0      		breq .L39
 800 0312 00F4      		brsh .L40
 801 0314 8130      		cpi r24,lo8(1)
 802 0316 01F4      		brne .L38
 100:/Users/Roger/Library/Mobile Documents/com~apple~CloudDocs/Firmwares/XAVR/DOC_xavr/DOC_xavr/timer.c ****          break;
 804               	.LM107:
 805 0318 0E94 0000 		call inc_seconds
 101:/Users/Roger/Library/Mobile Documents/com~apple~CloudDocs/Firmwares/XAVR/DOC_xavr/DOC_xavr/timer.c ****          
 807               	.LM108:
 808 031c 00C0      		rjmp .L38
 809               	.L40:
  98:/Users/Roger/Library/Mobile Documents/com~apple~CloudDocs/Firmwares/XAVR/DOC_xavr/DOC_xavr/timer.c ****          case clockrun:
 811               	.LM109:
 812 031e 8330      		cpi r24,lo8(3)
 813 0320 01F0      		breq .L42
 814 0322 8430      		cpi r24,lo8(4)
 815 0324 01F4      		brne .L38
 111:/Users/Roger/Library/Mobile Documents/com~apple~CloudDocs/Firmwares/XAVR/DOC_xavr/DOC_xavr/timer.c ****                  
 817               	.LM110:
 818 0326 0E94 0000 		call display_intensity
 113:/Users/Roger/Library/Mobile Documents/com~apple~CloudDocs/Firmwares/XAVR/DOC_xavr/DOC_xavr/timer.c ****                  
 820               	.LM111:
 821 032a 00C0      		rjmp .L38
 822               	.L39:
 104:/Users/Roger/Library/Mobile Documents/com~apple~CloudDocs/Firmwares/XAVR/DOC_xavr/DOC_xavr/timer.c ****             clockstat = voltdisp;  //go to the mode where I'l wait for the button to have been rele
 824               	.LM112:
 825 032c 0E94 0000 		call read_ADC
 826 0330 0E94 0000 		call display_volts
 105:/Users/Roger/Library/Mobile Documents/com~apple~CloudDocs/Firmwares/XAVR/DOC_xavr/DOC_xavr/timer.c ****          break;
 828               	.LM113:
 829 0334 83E0      		ldi r24,lo8(3)
 830 0336 00C0      		rjmp .L60
 831               	.L42:
 117:/Users/Roger/Library/Mobile Documents/com~apple~CloudDocs/Firmwares/XAVR/DOC_xavr/DOC_xavr/timer.c ****             setsleepstat(1);   //this will set a flag in a function in main.c to initiate shutting 
 833               	.LM114:
 834 0338 2091 0000 		lds r18,butstat
 835 033c 8091 0000 		lds r24,cyclesinstat
 836 0340 9091 0000 		lds r25,cyclesinstat+1
 837 0344 2223      		tst r18
 838 0346 01F0      		breq .L44
 117:/Users/Roger/Library/Mobile Documents/com~apple~CloudDocs/Firmwares/XAVR/DOC_xavr/DOC_xavr/timer.c ****             setsleepstat(1);   //this will set a flag in a function in main.c to initiate shutting 
 840               	.LM115:
 841 0348 8031      		cpi r24,16
 842 034a 9742      		sbci r25,39
 843 034c 00F0      		brlo .L38
 118:/Users/Roger/Library/Mobile Documents/com~apple~CloudDocs/Firmwares/XAVR/DOC_xavr/DOC_xavr/timer.c ****             } else if (!butstat && (cyclesinstat >= 0x4E20)){
 845               	.LM116:
 846 034e 81E0      		ldi r24,lo8(1)
 847 0350 0E94 0000 		call setsleepstat
 848 0354 00C0      		rjmp .L38
 849               	.L44:
 119:/Users/Roger/Library/Mobile Documents/com~apple~CloudDocs/Firmwares/XAVR/DOC_xavr/DOC_xavr/timer.c ****                 clockstat = intenset; } //if the button's been down for 4 seconds and we're in this
 851               	.LM117:
 852 0356 8032      		cpi r24,32
 853 0358 9E44      		sbci r25,78
 854 035a 00F0      		brlo .L38
 120:/Users/Roger/Library/Mobile Documents/com~apple~CloudDocs/Firmwares/XAVR/DOC_xavr/DOC_xavr/timer.c **** 
 856               	.LM118:
 857 035c 84E0      		ldi r24,lo8(4)
 858               	.L60:
 859 035e 8093 0000 		sts clockstat,r24
 860               	.L38:
 125:/Users/Roger/Library/Mobile Documents/com~apple~CloudDocs/Firmwares/XAVR/DOC_xavr/DOC_xavr/timer.c ****     }
 862               	.LM119:
 863 0362 1092 0000 		sts two_milliseconds.1817+1,__zero_reg__
 864 0366 1092 0000 		sts two_milliseconds.1817,__zero_reg__
 865               	.L28:
 866               	/* epilogue start */
 128:/Users/Roger/Library/Mobile Documents/com~apple~CloudDocs/Firmwares/XAVR/DOC_xavr/DOC_xavr/timer.c **** 
 868               	.LM120:
 869 036a FF91      		pop r31
 870 036c EF91      		pop r30
 871 036e CF91      		pop r28
 872 0370 BF91      		pop r27
 873 0372 AF91      		pop r26
 874 0374 9F91      		pop r25
 875 0376 8F91      		pop r24
 876 0378 7F91      		pop r23
 877 037a 6F91      		pop r22
 878 037c 5F91      		pop r21
 879 037e 4F91      		pop r20
 880 0380 3F91      		pop r19
 881 0382 2F91      		pop r18
 882 0384 1F91      		pop r17
 883 0386 0F91      		pop r16
 884 0388 0F90      		pop r0
 885 038a 0FBE      		out __SREG__,r0
 886 038c 0F90      		pop r0
 887 038e 1F90      		pop r1
 888 0390 1895      		reti
 894               	.Lscope10:
 895               		.local	placeholder.1826
 896               		.comm	placeholder.1826,1,1
 897               		.local	two_hun_mics.1816
 898               		.comm	two_hun_mics.1816,1,1
 899               		.local	two_milliseconds.1817
 900               		.comm	two_milliseconds.1817,2,1
 901               		.local	cyclesinstat
 902               		.comm	cyclesinstat,2,1
 903               		.local	intensity
 904               		.comm	intensity,1,1
 905               		.data
 908               	turnoff_arm:
 909 0000 01        		.byte	1
 912               	clockstat:
 913 0001 01        		.byte	1
 914               		.local	fallarm
 915               		.comm	fallarm,1,1
 916               		.local	laststat
 917               		.comm	laststat,1,1
 918               		.local	butstat
 919               		.comm	butstat,1,1
 920               		.local	digits
 921               		.comm	digits,4,1
 922               	.global	numbers
 925               	numbers:
 926 0002 D7        		.byte	-41
 927 0003 14        		.byte	20
 928 0004 E6        		.byte	-26
 929 0005 B6        		.byte	-74
 930 0006 35        		.byte	53
 931 0007 B3        		.byte	-77
 932 0008 F3        		.byte	-13
 933 0009 16        		.byte	22
 934 000a F7        		.byte	-9
 935 000b B7        		.byte	-73
 936 000c 00        		.byte	0
 937 000d E1        		.byte	-31
 938 000e E1        		.byte	-31
 939 000f F0        		.byte	-16
 940 0010 F1        		.byte	-15
 950               		.text
 952               	.Letext0:
 953               		.ident	"GCC: (GNU) 4.9.3"
 954               	.global __do_copy_data
 955               	.global __do_clear_bss
DEFINED SYMBOLS
                            *ABS*:0000000000000000 timer.c
/var/folders/5n/sn67s4dx5cj3x2ns4qywc93r0000gn/T//ccPWQsb8.s:2      *ABS*:000000000000003e __SP_H__
/var/folders/5n/sn67s4dx5cj3x2ns4qywc93r0000gn/T//ccPWQsb8.s:3      *ABS*:000000000000003d __SP_L__
/var/folders/5n/sn67s4dx5cj3x2ns4qywc93r0000gn/T//ccPWQsb8.s:4      *ABS*:000000000000003f __SREG__
/var/folders/5n/sn67s4dx5cj3x2ns4qywc93r0000gn/T//ccPWQsb8.s:5      *ABS*:0000000000000000 __tmp_reg__
/var/folders/5n/sn67s4dx5cj3x2ns4qywc93r0000gn/T//ccPWQsb8.s:6      *ABS*:0000000000000001 __zero_reg__
/var/folders/5n/sn67s4dx5cj3x2ns4qywc93r0000gn/T//ccPWQsb8.s:129    .text:0000000000000000 timer0Init
/var/folders/5n/sn67s4dx5cj3x2ns4qywc93r0000gn/T//ccPWQsb8.s:165    .text:0000000000000018 initialize_intensity
/var/folders/5n/sn67s4dx5cj3x2ns4qywc93r0000gn/T//ccPWQsb8.s:902    .bss:0000000000000006 intensity
/var/folders/5n/sn67s4dx5cj3x2ns4qywc93r0000gn/T//ccPWQsb8.s:182    .text:000000000000001e next_digit
                             .bss:0000000000000000 placeholder.1826
/var/folders/5n/sn67s4dx5cj3x2ns4qywc93r0000gn/T//ccPWQsb8.s:919    .bss:000000000000000a digits
/var/folders/5n/sn67s4dx5cj3x2ns4qywc93r0000gn/T//ccPWQsb8.s:925    .data:0000000000000002 numbers
/var/folders/5n/sn67s4dx5cj3x2ns4qywc93r0000gn/T//ccPWQsb8.s:912    .data:0000000000000001 clockstat
/var/folders/5n/sn67s4dx5cj3x2ns4qywc93r0000gn/T//ccPWQsb8.s:291    .text:00000000000000a8 inc_seconds
/var/folders/5n/sn67s4dx5cj3x2ns4qywc93r0000gn/T//ccPWQsb8.s:372    .text:0000000000000106 timeequals0
/var/folders/5n/sn67s4dx5cj3x2ns4qywc93r0000gn/T//ccPWQsb8.s:396    .text:0000000000000114 shut_r_down
/var/folders/5n/sn67s4dx5cj3x2ns4qywc93r0000gn/T//ccPWQsb8.s:904    .bss:0000000000000007 fallarm
/var/folders/5n/sn67s4dx5cj3x2ns4qywc93r0000gn/T//ccPWQsb8.s:908    .data:0000000000000000 turnoff_arm
/var/folders/5n/sn67s4dx5cj3x2ns4qywc93r0000gn/T//ccPWQsb8.s:900    .bss:0000000000000004 cyclesinstat
/var/folders/5n/sn67s4dx5cj3x2ns4qywc93r0000gn/T//ccPWQsb8.s:492    .text:0000000000000172 display_batt
/var/folders/5n/sn67s4dx5cj3x2ns4qywc93r0000gn/T//ccPWQsb8.s:521    .text:0000000000000188 display_volts
/var/folders/5n/sn67s4dx5cj3x2ns4qywc93r0000gn/T//ccPWQsb8.s:565    .text:00000000000001ba display_intensity
/var/folders/5n/sn67s4dx5cj3x2ns4qywc93r0000gn/T//ccPWQsb8.s:601    .text:00000000000001e0 __vector_14
/var/folders/5n/sn67s4dx5cj3x2ns4qywc93r0000gn/T//ccPWQsb8.s:917    .bss:0000000000000009 butstat
/var/folders/5n/sn67s4dx5cj3x2ns4qywc93r0000gn/T//ccPWQsb8.s:915    .bss:0000000000000008 laststat
/var/folders/5n/sn67s4dx5cj3x2ns4qywc93r0000gn/T//ccPWQsb8.s:898    .bss:0000000000000002 two_milliseconds.1817
/var/folders/5n/sn67s4dx5cj3x2ns4qywc93r0000gn/T//ccPWQsb8.s:896    .bss:0000000000000001 two_hun_mics.1816

UNDEFINED SYMBOLS
setsleepstat
__udivmodhi4
set_intensity
read_ADC
__do_copy_data
__do_clear_bss
