   1               		.file	"timer.c"
   2               	__SP_H__ = 0x3e
   3               	__SP_L__ = 0x3d
   4               	__SREG__ = 0x3f
   5               	__tmp_reg__ = 0
   6               	__zero_reg__ = 1
   8               		.text
   9               	.Ltext0:
 127               	.global	timer0Init
 129               	timer0Init:
   1:/Users/Roger/Library/Mobile Documents/com~apple~CloudDocs/Firmwares/XAVR/DOC_xavr/DOC_xavr/timer.c **** //
   2:/Users/Roger/Library/Mobile Documents/com~apple~CloudDocs/Firmwares/XAVR/DOC_xavr/DOC_xavr/timer.c **** //  timer.c
   3:/Users/Roger/Library/Mobile Documents/com~apple~CloudDocs/Firmwares/XAVR/DOC_xavr/DOC_xavr/timer.c **** //  
   4:/Users/Roger/Library/Mobile Documents/com~apple~CloudDocs/Firmwares/XAVR/DOC_xavr/DOC_xavr/timer.c **** //
   5:/Users/Roger/Library/Mobile Documents/com~apple~CloudDocs/Firmwares/XAVR/DOC_xavr/DOC_xavr/timer.c **** //  Created by Roger on 2016-05-23.
   6:/Users/Roger/Library/Mobile Documents/com~apple~CloudDocs/Firmwares/XAVR/DOC_xavr/DOC_xavr/timer.c **** //
   7:/Users/Roger/Library/Mobile Documents/com~apple~CloudDocs/Firmwares/XAVR/DOC_xavr/DOC_xavr/timer.c **** //
   8:/Users/Roger/Library/Mobile Documents/com~apple~CloudDocs/Firmwares/XAVR/DOC_xavr/DOC_xavr/timer.c **** 
   9:/Users/Roger/Library/Mobile Documents/com~apple~CloudDocs/Firmwares/XAVR/DOC_xavr/DOC_xavr/timer.c **** #include <avr/io.h>
  10:/Users/Roger/Library/Mobile Documents/com~apple~CloudDocs/Firmwares/XAVR/DOC_xavr/DOC_xavr/timer.c **** #include <avr/interrupt.h>
  11:/Users/Roger/Library/Mobile Documents/com~apple~CloudDocs/Firmwares/XAVR/DOC_xavr/DOC_xavr/timer.c **** #include <avr/sleep.h>
  12:/Users/Roger/Library/Mobile Documents/com~apple~CloudDocs/Firmwares/XAVR/DOC_xavr/DOC_xavr/timer.c **** #include "DOC_head.h"
  13:/Users/Roger/Library/Mobile Documents/com~apple~CloudDocs/Firmwares/XAVR/DOC_xavr/DOC_xavr/timer.c **** #include "timer.h"
  14:/Users/Roger/Library/Mobile Documents/com~apple~CloudDocs/Firmwares/XAVR/DOC_xavr/DOC_xavr/timer.c **** #include "adc.h"
  15:/Users/Roger/Library/Mobile Documents/com~apple~CloudDocs/Firmwares/XAVR/DOC_xavr/DOC_xavr/timer.c **** #include "intensity_cntrl.h"
  16:/Users/Roger/Library/Mobile Documents/com~apple~CloudDocs/Firmwares/XAVR/DOC_xavr/DOC_xavr/timer.c **** 
  17:/Users/Roger/Library/Mobile Documents/com~apple~CloudDocs/Firmwares/XAVR/DOC_xavr/DOC_xavr/timer.c **** u8 numbers[] = {0xD7, 0x14, 0xE6, 0xB6, 0x35, 0xB3, 0xF3, 0x16, 0xF7, 0xB7, 0x00, 0xE1, 0xE1, 0xF0,
  18:/Users/Roger/Library/Mobile Documents/com~apple~CloudDocs/Firmwares/XAVR/DOC_xavr/DOC_xavr/timer.c **** static u8 digits[] = {0,0,0,0}; //these are actually the values of the 4 digits.  Will use these to
  19:/Users/Roger/Library/Mobile Documents/com~apple~CloudDocs/Firmwares/XAVR/DOC_xavr/DOC_xavr/timer.c **** static u8 placeholder = 0;  //will cycle from 0-3 and repeat.  Will determine which of the 4 P-ch F
  20:/Users/Roger/Library/Mobile Documents/com~apple~CloudDocs/Firmwares/XAVR/DOC_xavr/DOC_xavr/timer.c **** static u8 butstat = 0;	//will use this as a boolean to check the stat of the button.
  21:/Users/Roger/Library/Mobile Documents/com~apple~CloudDocs/Firmwares/XAVR/DOC_xavr/DOC_xavr/timer.c **** static u8 laststat = 0;	//will use this to check current vs previous status of the button to know i
  22:/Users/Roger/Library/Mobile Documents/com~apple~CloudDocs/Firmwares/XAVR/DOC_xavr/DOC_xavr/timer.c **** static u8 fallarm = 0;	//when the button has been detected hi for a minimum time (5mS) will set thi
  23:/Users/Roger/Library/Mobile Documents/com~apple~CloudDocs/Firmwares/XAVR/DOC_xavr/DOC_xavr/timer.c **** static u8 clockstat = clockrun;	//enumerated in header file.  will tell timer overflow isr what/how
  24:/Users/Roger/Library/Mobile Documents/com~apple~CloudDocs/Firmwares/XAVR/DOC_xavr/DOC_xavr/timer.c **** static u8 turnoff_arm = 1;	//will kill this when reading the ADC and then re-arm upon wakeup.
  25:/Users/Roger/Library/Mobile Documents/com~apple~CloudDocs/Firmwares/XAVR/DOC_xavr/DOC_xavr/timer.c **** static u8 intensity;    //value from 0-9 to control of intensity of display, will be changeable on 
  26:/Users/Roger/Library/Mobile Documents/com~apple~CloudDocs/Firmwares/XAVR/DOC_xavr/DOC_xavr/timer.c **** static u16 cyclesinstat = 0;	//how many cycles have I been in this status
  27:/Users/Roger/Library/Mobile Documents/com~apple~CloudDocs/Firmwares/XAVR/DOC_xavr/DOC_xavr/timer.c **** 
  28:/Users/Roger/Library/Mobile Documents/com~apple~CloudDocs/Firmwares/XAVR/DOC_xavr/DOC_xavr/timer.c **** 
  29:/Users/Roger/Library/Mobile Documents/com~apple~CloudDocs/Firmwares/XAVR/DOC_xavr/DOC_xavr/timer.c **** //initialize timer0 with a 200uS rollover to trigger an ISR
  30:/Users/Roger/Library/Mobile Documents/com~apple~CloudDocs/Firmwares/XAVR/DOC_xavr/DOC_xavr/timer.c **** void timer0Init(void){
 131               	.LM0:
 132               	.LFBB1:
 133               	/* prologue: function */
 134               	/* frame size = 0 */
 135               	/* stack size = 0 */
 136               	.L__stack_usage = 0
  31:/Users/Roger/Library/Mobile Documents/com~apple~CloudDocs/Firmwares/XAVR/DOC_xavr/DOC_xavr/timer.c ****     OCR0A = timerroll;   //timerroll is defined in DOC_head.h depending on clock frequency
 138               	.LM1:
 139 0000 83E6      		ldi r24,lo8(99)
 140 0002 87BD      		out 0x27,r24
  32:/Users/Roger/Library/Mobile Documents/com~apple~CloudDocs/Firmwares/XAVR/DOC_xavr/DOC_xavr/timer.c ****     TCCR0A = 0x02;  //set WGM for CTC mode with OCR0A as top
 142               	.LM2:
 143 0004 82E0      		ldi r24,lo8(2)
 144 0006 84BD      		out 0x24,r24
  33:/Users/Roger/Library/Mobile Documents/com~apple~CloudDocs/Firmwares/XAVR/DOC_xavr/DOC_xavr/timer.c ****     TCCR0B = 0x02;  //set CS1 for /8 prescaler
 146               	.LM3:
 147 0008 85BD      		out 0x25,r24
  34:/Users/Roger/Library/Mobile Documents/com~apple~CloudDocs/Firmwares/XAVR/DOC_xavr/DOC_xavr/timer.c ****     TIFR0 |= 0x02;  //clear the OCF0A overflow flag
 149               	.LM4:
 150 000a A99A      		sbi 0x15,1
  35:/Users/Roger/Library/Mobile Documents/com~apple~CloudDocs/Firmwares/XAVR/DOC_xavr/DOC_xavr/timer.c ****     TIMSK0 |= 0x02; //Enable interrupts from Timer0 OverflowA
 152               	.LM5:
 153 000c EEE6      		ldi r30,lo8(110)
 154 000e F0E0      		ldi r31,0
 155 0010 8081      		ld r24,Z
 156 0012 8260      		ori r24,lo8(2)
 157 0014 8083      		st Z,r24
 158 0016 0895      		ret
 160               	.Lscope1:
 163               	.global	initialize_intensity
 165               	initialize_intensity:
  36:/Users/Roger/Library/Mobile Documents/com~apple~CloudDocs/Firmwares/XAVR/DOC_xavr/DOC_xavr/timer.c ****     
  37:/Users/Roger/Library/Mobile Documents/com~apple~CloudDocs/Firmwares/XAVR/DOC_xavr/DOC_xavr/timer.c **** }
  38:/Users/Roger/Library/Mobile Documents/com~apple~CloudDocs/Firmwares/XAVR/DOC_xavr/DOC_xavr/timer.c **** 
  39:/Users/Roger/Library/Mobile Documents/com~apple~CloudDocs/Firmwares/XAVR/DOC_xavr/DOC_xavr/timer.c **** void initialize_intensity (u8 intense){
 167               	.LM6:
 168               	.LFBB2:
 169               	/* prologue: function */
 170               	/* frame size = 0 */
 171               	/* stack size = 0 */
 172               	.L__stack_usage = 0
  40:/Users/Roger/Library/Mobile Documents/com~apple~CloudDocs/Firmwares/XAVR/DOC_xavr/DOC_xavr/timer.c ****     intensity = intense;
 174               	.LM7:
 175 0018 8093 0000 		sts intensity,r24
 176 001c 0895      		ret
 178               	.Lscope2:
 180               	.global	next_digit
 182               	next_digit:
  41:/Users/Roger/Library/Mobile Documents/com~apple~CloudDocs/Firmwares/XAVR/DOC_xavr/DOC_xavr/timer.c **** }
  42:/Users/Roger/Library/Mobile Documents/com~apple~CloudDocs/Firmwares/XAVR/DOC_xavr/DOC_xavr/timer.c **** 
  43:/Users/Roger/Library/Mobile Documents/com~apple~CloudDocs/Firmwares/XAVR/DOC_xavr/DOC_xavr/timer.c **** 
  44:/Users/Roger/Library/Mobile Documents/com~apple~CloudDocs/Firmwares/XAVR/DOC_xavr/DOC_xavr/timer.c **** //Timer0 CompareA Interrupt
  45:/Users/Roger/Library/Mobile Documents/com~apple~CloudDocs/Firmwares/XAVR/DOC_xavr/DOC_xavr/timer.c **** ISR(TIMER0_COMPA_vect)	{
  46:/Users/Roger/Library/Mobile Documents/com~apple~CloudDocs/Firmwares/XAVR/DOC_xavr/DOC_xavr/timer.c ****     static u8 two_hun_mics = 0;
  47:/Users/Roger/Library/Mobile Documents/com~apple~CloudDocs/Firmwares/XAVR/DOC_xavr/DOC_xavr/timer.c ****     static u16 two_milliseconds = 0;
  48:/Users/Roger/Library/Mobile Documents/com~apple~CloudDocs/Firmwares/XAVR/DOC_xavr/DOC_xavr/timer.c **** 	
  49:/Users/Roger/Library/Mobile Documents/com~apple~CloudDocs/Firmwares/XAVR/DOC_xavr/DOC_xavr/timer.c **** 	
  50:/Users/Roger/Library/Mobile Documents/com~apple~CloudDocs/Firmwares/XAVR/DOC_xavr/DOC_xavr/timer.c **** 	
  51:/Users/Roger/Library/Mobile Documents/com~apple~CloudDocs/Firmwares/XAVR/DOC_xavr/DOC_xavr/timer.c **** 	butstat = (PINB & 0x01);
  52:/Users/Roger/Library/Mobile Documents/com~apple~CloudDocs/Firmwares/XAVR/DOC_xavr/DOC_xavr/timer.c **** 	if(butstat == laststat){
  53:/Users/Roger/Library/Mobile Documents/com~apple~CloudDocs/Firmwares/XAVR/DOC_xavr/DOC_xavr/timer.c **** 		cyclesinstat ++;
  54:/Users/Roger/Library/Mobile Documents/com~apple~CloudDocs/Firmwares/XAVR/DOC_xavr/DOC_xavr/timer.c **** 	} else{	//count how many times I've been in this status
  55:/Users/Roger/Library/Mobile Documents/com~apple~CloudDocs/Firmwares/XAVR/DOC_xavr/DOC_xavr/timer.c **** 		cyclesinstat = 0;
  56:/Users/Roger/Library/Mobile Documents/com~apple~CloudDocs/Firmwares/XAVR/DOC_xavr/DOC_xavr/timer.c **** 	} //reset counter if the status has changed.
  57:/Users/Roger/Library/Mobile Documents/com~apple~CloudDocs/Firmwares/XAVR/DOC_xavr/DOC_xavr/timer.c **** 	if ((cyclesinstat > 50) && laststat && turnoff_arm ){
  58:/Users/Roger/Library/Mobile Documents/com~apple~CloudDocs/Firmwares/XAVR/DOC_xavr/DOC_xavr/timer.c **** 		fallarm = 1;
  59:/Users/Roger/Library/Mobile Documents/com~apple~CloudDocs/Firmwares/XAVR/DOC_xavr/DOC_xavr/timer.c **** 		clockstat = clockrun;
  60:/Users/Roger/Library/Mobile Documents/com~apple~CloudDocs/Firmwares/XAVR/DOC_xavr/DOC_xavr/timer.c **** 	}	//if the button is hi and it's been hi for 50 cycles (50 x 200uS = 10mS), set it up so the next 
  61:/Users/Roger/Library/Mobile Documents/com~apple~CloudDocs/Firmwares/XAVR/DOC_xavr/DOC_xavr/timer.c **** 	if(fallarm && !butstat){		//if the button was armed and a falling edge was detected
  62:/Users/Roger/Library/Mobile Documents/com~apple~CloudDocs/Firmwares/XAVR/DOC_xavr/DOC_xavr/timer.c **** 		fallarm = 0;
  63:/Users/Roger/Library/Mobile Documents/com~apple~CloudDocs/Firmwares/XAVR/DOC_xavr/DOC_xavr/timer.c **** 		timeequals0();
  64:/Users/Roger/Library/Mobile Documents/com~apple~CloudDocs/Firmwares/XAVR/DOC_xavr/DOC_xavr/timer.c **** 		clockstat = clockoff;
  65:/Users/Roger/Library/Mobile Documents/com~apple~CloudDocs/Firmwares/XAVR/DOC_xavr/DOC_xavr/timer.c **** 		}
  66:/Users/Roger/Library/Mobile Documents/com~apple~CloudDocs/Firmwares/XAVR/DOC_xavr/DOC_xavr/timer.c **** 		if(turnoff_arm && !butstat && (cyclesinstat >= 0x2710))	//if the button has been low for 2 second
  67:/Users/Roger/Library/Mobile Documents/com~apple~CloudDocs/Firmwares/XAVR/DOC_xavr/DOC_xavr/timer.c **** 		{
  68:/Users/Roger/Library/Mobile Documents/com~apple~CloudDocs/Firmwares/XAVR/DOC_xavr/DOC_xavr/timer.c **** 			two_milliseconds = 0;	//reset the counter so next phase will be triggered 1 second later.
  69:/Users/Roger/Library/Mobile Documents/com~apple~CloudDocs/Firmwares/XAVR/DOC_xavr/DOC_xavr/timer.c **** 			display_batt();
  70:/Users/Roger/Library/Mobile Documents/com~apple~CloudDocs/Firmwares/XAVR/DOC_xavr/DOC_xavr/timer.c **** 			clockstat = batdisp;
  71:/Users/Roger/Library/Mobile Documents/com~apple~CloudDocs/Firmwares/XAVR/DOC_xavr/DOC_xavr/timer.c **** 			turnoff_arm = 0;	//don't come back until this is re-armed at wakeup
  72:/Users/Roger/Library/Mobile Documents/com~apple~CloudDocs/Firmwares/XAVR/DOC_xavr/DOC_xavr/timer.c **** 		}
  73:/Users/Roger/Library/Mobile Documents/com~apple~CloudDocs/Firmwares/XAVR/DOC_xavr/DOC_xavr/timer.c ****     if((clockstat == intenset) && butstat){
  74:/Users/Roger/Library/Mobile Documents/com~apple~CloudDocs/Firmwares/XAVR/DOC_xavr/DOC_xavr/timer.c ****         set_intensity(intensity);
  75:/Users/Roger/Library/Mobile Documents/com~apple~CloudDocs/Firmwares/XAVR/DOC_xavr/DOC_xavr/timer.c ****         timeequals0();
  76:/Users/Roger/Library/Mobile Documents/com~apple~CloudDocs/Firmwares/XAVR/DOC_xavr/DOC_xavr/timer.c ****         turnoff_arm = 1;
  77:/Users/Roger/Library/Mobile Documents/com~apple~CloudDocs/Firmwares/XAVR/DOC_xavr/DOC_xavr/timer.c ****         clockstat = clockrun;
  78:/Users/Roger/Library/Mobile Documents/com~apple~CloudDocs/Firmwares/XAVR/DOC_xavr/DOC_xavr/timer.c ****     }
  79:/Users/Roger/Library/Mobile Documents/com~apple~CloudDocs/Firmwares/XAVR/DOC_xavr/DOC_xavr/timer.c **** 	laststat = butstat;	//make sure laststat is up to speed for next round
  80:/Users/Roger/Library/Mobile Documents/com~apple~CloudDocs/Firmwares/XAVR/DOC_xavr/DOC_xavr/timer.c **** 
  81:/Users/Roger/Library/Mobile Documents/com~apple~CloudDocs/Firmwares/XAVR/DOC_xavr/DOC_xavr/timer.c **** 
  82:/Users/Roger/Library/Mobile Documents/com~apple~CloudDocs/Firmwares/XAVR/DOC_xavr/DOC_xavr/timer.c ****     two_hun_mics ++;
  83:/Users/Roger/Library/Mobile Documents/com~apple~CloudDocs/Firmwares/XAVR/DOC_xavr/DOC_xavr/timer.c ****     if (two_hun_mics >= intensity){ //once the intensity level is reached will kill the active LED
  84:/Users/Roger/Library/Mobile Documents/com~apple~CloudDocs/Firmwares/XAVR/DOC_xavr/DOC_xavr/timer.c ****         PORTC|= 0x0F;  //this will set the 4 LSB's of Port C, ensuring all anodes are off
  85:/Users/Roger/Library/Mobile Documents/com~apple~CloudDocs/Firmwares/XAVR/DOC_xavr/DOC_xavr/timer.c ****     }   //end of checking intensity
  86:/Users/Roger/Library/Mobile Documents/com~apple~CloudDocs/Firmwares/XAVR/DOC_xavr/DOC_xavr/timer.c ****     
  87:/Users/Roger/Library/Mobile Documents/com~apple~CloudDocs/Firmwares/XAVR/DOC_xavr/DOC_xavr/timer.c ****     if (two_hun_mics >= 10){
  88:/Users/Roger/Library/Mobile Documents/com~apple~CloudDocs/Firmwares/XAVR/DOC_xavr/DOC_xavr/timer.c ****         next_digit();   //function to cycle the 4 LSB's of PORTC to ensure that we're walking throu
  89:/Users/Roger/Library/Mobile Documents/com~apple~CloudDocs/Firmwares/XAVR/DOC_xavr/DOC_xavr/timer.c ****         two_hun_mics = 0;   //reset this value for next round
  90:/Users/Roger/Library/Mobile Documents/com~apple~CloudDocs/Firmwares/XAVR/DOC_xavr/DOC_xavr/timer.c ****         two_milliseconds ++;    //if I've made it through 20 cycles of 100uS, increment the 2mS cnt
  91:/Users/Roger/Library/Mobile Documents/com~apple~CloudDocs/Firmwares/XAVR/DOC_xavr/DOC_xavr/timer.c **** 		
  92:/Users/Roger/Library/Mobile Documents/com~apple~CloudDocs/Firmwares/XAVR/DOC_xavr/DOC_xavr/timer.c ****     }   //end of 2mS cycle
  93:/Users/Roger/Library/Mobile Documents/com~apple~CloudDocs/Firmwares/XAVR/DOC_xavr/DOC_xavr/timer.c ****     
  94:/Users/Roger/Library/Mobile Documents/com~apple~CloudDocs/Firmwares/XAVR/DOC_xavr/DOC_xavr/timer.c **** 	
  95:/Users/Roger/Library/Mobile Documents/com~apple~CloudDocs/Firmwares/XAVR/DOC_xavr/DOC_xavr/timer.c ****     if(two_milliseconds >=500){
  96:/Users/Roger/Library/Mobile Documents/com~apple~CloudDocs/Firmwares/XAVR/DOC_xavr/DOC_xavr/timer.c ****         
  97:/Users/Roger/Library/Mobile Documents/com~apple~CloudDocs/Firmwares/XAVR/DOC_xavr/DOC_xavr/timer.c ****       //  what to do every second will vary depending on status of 'clockstat'
  98:/Users/Roger/Library/Mobile Documents/com~apple~CloudDocs/Firmwares/XAVR/DOC_xavr/DOC_xavr/timer.c ****          switch (clockstat){
  99:/Users/Roger/Library/Mobile Documents/com~apple~CloudDocs/Firmwares/XAVR/DOC_xavr/DOC_xavr/timer.c ****          case clockrun:
 100:/Users/Roger/Library/Mobile Documents/com~apple~CloudDocs/Firmwares/XAVR/DOC_xavr/DOC_xavr/timer.c ****             inc_seconds(); //if we get to the 1 second rollover and we're in clockrun mode, increme
 101:/Users/Roger/Library/Mobile Documents/com~apple~CloudDocs/Firmwares/XAVR/DOC_xavr/DOC_xavr/timer.c ****          break;
 102:/Users/Roger/Library/Mobile Documents/com~apple~CloudDocs/Firmwares/XAVR/DOC_xavr/DOC_xavr/timer.c ****          
 103:/Users/Roger/Library/Mobile Documents/com~apple~CloudDocs/Firmwares/XAVR/DOC_xavr/DOC_xavr/timer.c ****           case batdisp:
 104:/Users/Roger/Library/Mobile Documents/com~apple~CloudDocs/Firmwares/XAVR/DOC_xavr/DOC_xavr/timer.c ****             display_volts (read_ADC()); //get the ADC value of the battery voltage and splash it up
 105:/Users/Roger/Library/Mobile Documents/com~apple~CloudDocs/Firmwares/XAVR/DOC_xavr/DOC_xavr/timer.c ****             clockstat = voltdisp;  //go to the mode where I'l wait for the button to have been rele
 106:/Users/Roger/Library/Mobile Documents/com~apple~CloudDocs/Firmwares/XAVR/DOC_xavr/DOC_xavr/timer.c ****          break;
 107:/Users/Roger/Library/Mobile Documents/com~apple~CloudDocs/Firmwares/XAVR/DOC_xavr/DOC_xavr/timer.c ****                  
 108:/Users/Roger/Library/Mobile Documents/com~apple~CloudDocs/Firmwares/XAVR/DOC_xavr/DOC_xavr/timer.c ****                  
 109:/Users/Roger/Library/Mobile Documents/com~apple~CloudDocs/Firmwares/XAVR/DOC_xavr/DOC_xavr/timer.c ****           case intenset:
 110:/Users/Roger/Library/Mobile Documents/com~apple~CloudDocs/Firmwares/XAVR/DOC_xavr/DOC_xavr/timer.c ****           
 111:/Users/Roger/Library/Mobile Documents/com~apple~CloudDocs/Firmwares/XAVR/DOC_xavr/DOC_xavr/timer.c ****                  display_intensity();
 112:/Users/Roger/Library/Mobile Documents/com~apple~CloudDocs/Firmwares/XAVR/DOC_xavr/DOC_xavr/timer.c ****                  
 113:/Users/Roger/Library/Mobile Documents/com~apple~CloudDocs/Firmwares/XAVR/DOC_xavr/DOC_xavr/timer.c ****                  break;
 114:/Users/Roger/Library/Mobile Documents/com~apple~CloudDocs/Firmwares/XAVR/DOC_xavr/DOC_xavr/timer.c ****                  
 115:/Users/Roger/Library/Mobile Documents/com~apple~CloudDocs/Firmwares/XAVR/DOC_xavr/DOC_xavr/timer.c ****          
 116:/Users/Roger/Library/Mobile Documents/com~apple~CloudDocs/Firmwares/XAVR/DOC_xavr/DOC_xavr/timer.c ****          case voltdisp:
 117:/Users/Roger/Library/Mobile Documents/com~apple~CloudDocs/Firmwares/XAVR/DOC_xavr/DOC_xavr/timer.c ****             if(butstat && (cyclesinstat >= 0x2710)){
 118:/Users/Roger/Library/Mobile Documents/com~apple~CloudDocs/Firmwares/XAVR/DOC_xavr/DOC_xavr/timer.c ****             setsleepstat(1);   //this will set a flag in a function in main.c to initiate shutting 
 119:/Users/Roger/Library/Mobile Documents/com~apple~CloudDocs/Firmwares/XAVR/DOC_xavr/DOC_xavr/timer.c ****             } else if (!butstat && (cyclesinstat >= 0x4E20)){
 120:/Users/Roger/Library/Mobile Documents/com~apple~CloudDocs/Firmwares/XAVR/DOC_xavr/DOC_xavr/timer.c ****                 clockstat = intenset; } //if the button's been down for 4 seconds and we're in this
 121:/Users/Roger/Library/Mobile Documents/com~apple~CloudDocs/Firmwares/XAVR/DOC_xavr/DOC_xavr/timer.c **** 
 122:/Users/Roger/Library/Mobile Documents/com~apple~CloudDocs/Firmwares/XAVR/DOC_xavr/DOC_xavr/timer.c ****          break; //shouldn't need to break out of here but why not
 123:/Users/Roger/Library/Mobile Documents/com~apple~CloudDocs/Firmwares/XAVR/DOC_xavr/DOC_xavr/timer.c ****          }  //end of switch/case
 124:/Users/Roger/Library/Mobile Documents/com~apple~CloudDocs/Firmwares/XAVR/DOC_xavr/DOC_xavr/timer.c ****         
 125:/Users/Roger/Library/Mobile Documents/com~apple~CloudDocs/Firmwares/XAVR/DOC_xavr/DOC_xavr/timer.c **** 		two_milliseconds = 0;
 126:/Users/Roger/Library/Mobile Documents/com~apple~CloudDocs/Firmwares/XAVR/DOC_xavr/DOC_xavr/timer.c ****     }
 127:/Users/Roger/Library/Mobile Documents/com~apple~CloudDocs/Firmwares/XAVR/DOC_xavr/DOC_xavr/timer.c **** 	
 128:/Users/Roger/Library/Mobile Documents/com~apple~CloudDocs/Firmwares/XAVR/DOC_xavr/DOC_xavr/timer.c **** }	//end of ISR
 129:/Users/Roger/Library/Mobile Documents/com~apple~CloudDocs/Firmwares/XAVR/DOC_xavr/DOC_xavr/timer.c **** 
 130:/Users/Roger/Library/Mobile Documents/com~apple~CloudDocs/Firmwares/XAVR/DOC_xavr/DOC_xavr/timer.c **** 
 131:/Users/Roger/Library/Mobile Documents/com~apple~CloudDocs/Firmwares/XAVR/DOC_xavr/DOC_xavr/timer.c **** 
 132:/Users/Roger/Library/Mobile Documents/com~apple~CloudDocs/Firmwares/XAVR/DOC_xavr/DOC_xavr/timer.c **** //this function will cycle the anodes of the diodes and turn the appropriate anode on (turning it o
 133:/Users/Roger/Library/Mobile Documents/com~apple~CloudDocs/Firmwares/XAVR/DOC_xavr/DOC_xavr/timer.c **** void next_digit(void){
 184               	.LM8:
 185               	.LFBB3:
 186 001e CF93      		push r28
 187 0020 DF93      		push r29
 188 0022 00D0      		rcall .
 189 0024 00D0      		rcall .
 190 0026 CDB7      		in r28,__SP_L__
 191 0028 DEB7      		in r29,__SP_H__
 192               	/* prologue: function */
 193               	/* frame size = 4 */
 194               	/* stack size = 6 */
 195               	.L__stack_usage = 6
 134:/Users/Roger/Library/Mobile Documents/com~apple~CloudDocs/Firmwares/XAVR/DOC_xavr/DOC_xavr/timer.c **** 
 135:/Users/Roger/Library/Mobile Documents/com~apple~CloudDocs/Firmwares/XAVR/DOC_xavr/DOC_xavr/timer.c **** 	u8 dig_array[] = {0x04, 0x02, 0x01, 0x08};  //array to cycle through the different anodes
 197               	.LM9:
 198 002a 84E0      		ldi r24,lo8(4)
 199 002c 8983      		std Y+1,r24
 200 002e 82E0      		ldi r24,lo8(2)
 201 0030 8A83      		std Y+2,r24
 202 0032 81E0      		ldi r24,lo8(1)
 203 0034 8B83      		std Y+3,r24
 204 0036 88E0      		ldi r24,lo8(8)
 205 0038 8C83      		std Y+4,r24
 136:/Users/Roger/Library/Mobile Documents/com~apple~CloudDocs/Firmwares/XAVR/DOC_xavr/DOC_xavr/timer.c ****     placeholder ++;
 207               	.LM10:
 208 003a 8091 0000 		lds r24,placeholder
 209 003e 8F5F      		subi r24,lo8(-(1))
 137:/Users/Roger/Library/Mobile Documents/com~apple~CloudDocs/Firmwares/XAVR/DOC_xavr/DOC_xavr/timer.c ****     if(placeholder >= 4){
 211               	.LM11:
 212 0040 8430      		cpi r24,lo8(4)
 213 0042 00F4      		brsh .L4
 136:/Users/Roger/Library/Mobile Documents/com~apple~CloudDocs/Firmwares/XAVR/DOC_xavr/DOC_xavr/timer.c ****     placeholder ++;
 215               	.LM12:
 216 0044 8093 0000 		sts placeholder,r24
 217 0048 00C0      		rjmp .L5
 218               	.L4:
 138:/Users/Roger/Library/Mobile Documents/com~apple~CloudDocs/Firmwares/XAVR/DOC_xavr/DOC_xavr/timer.c ****         placeholder = 0;
 220               	.LM13:
 221 004a 1092 0000 		sts placeholder,__zero_reg__
 222               	.L5:
 139:/Users/Roger/Library/Mobile Documents/com~apple~CloudDocs/Firmwares/XAVR/DOC_xavr/DOC_xavr/timer.c ****     }
 140:/Users/Roger/Library/Mobile Documents/com~apple~CloudDocs/Firmwares/XAVR/DOC_xavr/DOC_xavr/timer.c ****     PORTD = numbers[digits[placeholder]];   //set up bjts on cathodes.
 224               	.LM14:
 225 004e E091 0000 		lds r30,placeholder
 226 0052 F0E0      		ldi r31,0
 227 0054 E050      		subi r30,lo8(-(digits))
 228 0056 F040      		sbci r31,hi8(-(digits))
 229 0058 E081      		ld r30,Z
 230 005a F0E0      		ldi r31,0
 231 005c E050      		subi r30,lo8(-(numbers))
 232 005e F040      		sbci r31,hi8(-(numbers))
 233 0060 8081      		ld r24,Z
 234 0062 8BB9      		out 0xb,r24
 141:/Users/Roger/Library/Mobile Documents/com~apple~CloudDocs/Firmwares/XAVR/DOC_xavr/DOC_xavr/timer.c **** 	
 142:/Users/Roger/Library/Mobile Documents/com~apple~CloudDocs/Firmwares/XAVR/DOC_xavr/DOC_xavr/timer.c **** 	
 143:/Users/Roger/Library/Mobile Documents/com~apple~CloudDocs/Firmwares/XAVR/DOC_xavr/DOC_xavr/timer.c ****  switch (clockstat){	//this switch will determine the colon/decimal place
 236               	.LM15:
 237 0064 8091 0000 		lds r24,clockstat
 238 0068 8130      		cpi r24,lo8(1)
 239 006a 01F0      		breq .L7
 240 006c 8330      		cpi r24,lo8(3)
 241 006e 01F0      		breq .L8
 242 0070 00C0      		rjmp .L6
 243               	.L7:
 144:/Users/Roger/Library/Mobile Documents/com~apple~CloudDocs/Firmwares/XAVR/DOC_xavr/DOC_xavr/timer.c **** 	 case clockrun:
 145:/Users/Roger/Library/Mobile Documents/com~apple~CloudDocs/Firmwares/XAVR/DOC_xavr/DOC_xavr/timer.c **** 		if(digits[0] & 0x01){  //if we've got an odd number
 245               	.LM16:
 246 0072 8091 0000 		lds r24,digits
 247 0076 80FF      		sbrs r24,0
 248 0078 00C0      		rjmp .L6
 249 007a 00C0      		rjmp .L12
 250               	.L8:
 146:/Users/Roger/Library/Mobile Documents/com~apple~CloudDocs/Firmwares/XAVR/DOC_xavr/DOC_xavr/timer.c **** 			PORTD |= 0x08;
 147:/Users/Roger/Library/Mobile Documents/com~apple~CloudDocs/Firmwares/XAVR/DOC_xavr/DOC_xavr/timer.c **** 		}	//set the colon when we have an odd number
 148:/Users/Roger/Library/Mobile Documents/com~apple~CloudDocs/Firmwares/XAVR/DOC_xavr/DOC_xavr/timer.c **** 		
 149:/Users/Roger/Library/Mobile Documents/com~apple~CloudDocs/Firmwares/XAVR/DOC_xavr/DOC_xavr/timer.c **** 		break;
 150:/Users/Roger/Library/Mobile Documents/com~apple~CloudDocs/Firmwares/XAVR/DOC_xavr/DOC_xavr/timer.c **** 		
 151:/Users/Roger/Library/Mobile Documents/com~apple~CloudDocs/Firmwares/XAVR/DOC_xavr/DOC_xavr/timer.c **** 		case voltdisp:
 152:/Users/Roger/Library/Mobile Documents/com~apple~CloudDocs/Firmwares/XAVR/DOC_xavr/DOC_xavr/timer.c **** 		if (placeholder == 2){  //while displaying the voltage, set the lower dot of hte colon to be a ce
 252               	.LM17:
 253 007c 8091 0000 		lds r24,placeholder
 254 0080 8230      		cpi r24,lo8(2)
 255 0082 01F4      		brne .L6
 256               	.L12:
 153:/Users/Roger/Library/Mobile Documents/com~apple~CloudDocs/Firmwares/XAVR/DOC_xavr/DOC_xavr/timer.c **** 			PORTD |= 0x08;
 258               	.LM18:
 259 0084 5B9A      		sbi 0xb,3
 260               	.L6:
 154:/Users/Roger/Library/Mobile Documents/com~apple~CloudDocs/Firmwares/XAVR/DOC_xavr/DOC_xavr/timer.c **** 		}
 155:/Users/Roger/Library/Mobile Documents/com~apple~CloudDocs/Firmwares/XAVR/DOC_xavr/DOC_xavr/timer.c **** 		break;
 156:/Users/Roger/Library/Mobile Documents/com~apple~CloudDocs/Firmwares/XAVR/DOC_xavr/DOC_xavr/timer.c **** 		
 157:/Users/Roger/Library/Mobile Documents/com~apple~CloudDocs/Firmwares/XAVR/DOC_xavr/DOC_xavr/timer.c **** 	}	//end of switch
 158:/Users/Roger/Library/Mobile Documents/com~apple~CloudDocs/Firmwares/XAVR/DOC_xavr/DOC_xavr/timer.c **** 
 159:/Users/Roger/Library/Mobile Documents/com~apple~CloudDocs/Firmwares/XAVR/DOC_xavr/DOC_xavr/timer.c ****     PORTC &= ~(dig_array[placeholder]);    //enable the appropriate anode by clearing the Gate of t
 262               	.LM19:
 263 0086 98B1      		in r25,0x8
 264 0088 8091 0000 		lds r24,placeholder
 265 008c FE01      		movw r30,r28
 266 008e E80F      		add r30,r24
 267 0090 F11D      		adc r31,__zero_reg__
 268 0092 8181      		ldd r24,Z+1
 269 0094 8095      		com r24
 270 0096 8923      		and r24,r25
 271 0098 88B9      		out 0x8,r24
 272               	/* epilogue start */
 160:/Users/Roger/Library/Mobile Documents/com~apple~CloudDocs/Firmwares/XAVR/DOC_xavr/DOC_xavr/timer.c **** 
 161:/Users/Roger/Library/Mobile Documents/com~apple~CloudDocs/Firmwares/XAVR/DOC_xavr/DOC_xavr/timer.c **** }   //end of next_digit function
 274               	.LM20:
 275 009a 0F90      		pop __tmp_reg__
 276 009c 0F90      		pop __tmp_reg__
 277 009e 0F90      		pop __tmp_reg__
 278 00a0 0F90      		pop __tmp_reg__
 279 00a2 DF91      		pop r29
 280 00a4 CF91      		pop r28
 281 00a6 0895      		ret
 286               	.Lscope3:
 288               	.global	timeequals0
 290               	timeequals0:
 162:/Users/Roger/Library/Mobile Documents/com~apple~CloudDocs/Firmwares/XAVR/DOC_xavr/DOC_xavr/timer.c **** 
 163:/Users/Roger/Library/Mobile Documents/com~apple~CloudDocs/Firmwares/XAVR/DOC_xavr/DOC_xavr/timer.c **** 
 164:/Users/Roger/Library/Mobile Documents/com~apple~CloudDocs/Firmwares/XAVR/DOC_xavr/DOC_xavr/timer.c **** 
 165:/Users/Roger/Library/Mobile Documents/com~apple~CloudDocs/Firmwares/XAVR/DOC_xavr/DOC_xavr/timer.c **** //function to actually increment the time.
 166:/Users/Roger/Library/Mobile Documents/com~apple~CloudDocs/Firmwares/XAVR/DOC_xavr/DOC_xavr/timer.c **** void inc_seconds(void){
 167:/Users/Roger/Library/Mobile Documents/com~apple~CloudDocs/Firmwares/XAVR/DOC_xavr/DOC_xavr/timer.c **** 	
 168:/Users/Roger/Library/Mobile Documents/com~apple~CloudDocs/Firmwares/XAVR/DOC_xavr/DOC_xavr/timer.c ****     digits[0] ++;
 169:/Users/Roger/Library/Mobile Documents/com~apple~CloudDocs/Firmwares/XAVR/DOC_xavr/DOC_xavr/timer.c ****     if(digits[0] >= 10){
 170:/Users/Roger/Library/Mobile Documents/com~apple~CloudDocs/Firmwares/XAVR/DOC_xavr/DOC_xavr/timer.c ****         digits[0] = 0;
 171:/Users/Roger/Library/Mobile Documents/com~apple~CloudDocs/Firmwares/XAVR/DOC_xavr/DOC_xavr/timer.c ****         digits[1]++;
 172:/Users/Roger/Library/Mobile Documents/com~apple~CloudDocs/Firmwares/XAVR/DOC_xavr/DOC_xavr/timer.c ****     }
 173:/Users/Roger/Library/Mobile Documents/com~apple~CloudDocs/Firmwares/XAVR/DOC_xavr/DOC_xavr/timer.c ****     if(digits[1] >= 6){
 174:/Users/Roger/Library/Mobile Documents/com~apple~CloudDocs/Firmwares/XAVR/DOC_xavr/DOC_xavr/timer.c ****         digits[1] = 0;
 175:/Users/Roger/Library/Mobile Documents/com~apple~CloudDocs/Firmwares/XAVR/DOC_xavr/DOC_xavr/timer.c ****          digits[2]++;
 176:/Users/Roger/Library/Mobile Documents/com~apple~CloudDocs/Firmwares/XAVR/DOC_xavr/DOC_xavr/timer.c ****     }
 177:/Users/Roger/Library/Mobile Documents/com~apple~CloudDocs/Firmwares/XAVR/DOC_xavr/DOC_xavr/timer.c ****     if(digits[2] >= 10){
 178:/Users/Roger/Library/Mobile Documents/com~apple~CloudDocs/Firmwares/XAVR/DOC_xavr/DOC_xavr/timer.c ****         digits[2] = 0;
 179:/Users/Roger/Library/Mobile Documents/com~apple~CloudDocs/Firmwares/XAVR/DOC_xavr/DOC_xavr/timer.c ****         digits[3] ++;
 180:/Users/Roger/Library/Mobile Documents/com~apple~CloudDocs/Firmwares/XAVR/DOC_xavr/DOC_xavr/timer.c ****     }
 181:/Users/Roger/Library/Mobile Documents/com~apple~CloudDocs/Firmwares/XAVR/DOC_xavr/DOC_xavr/timer.c ****     if(digits[3] >= 10){
 182:/Users/Roger/Library/Mobile Documents/com~apple~CloudDocs/Firmwares/XAVR/DOC_xavr/DOC_xavr/timer.c ****         digits[3] = 0;
 183:/Users/Roger/Library/Mobile Documents/com~apple~CloudDocs/Firmwares/XAVR/DOC_xavr/DOC_xavr/timer.c ****         shut_r_down();    //if we roll all the way over, shut r down
 184:/Users/Roger/Library/Mobile Documents/com~apple~CloudDocs/Firmwares/XAVR/DOC_xavr/DOC_xavr/timer.c ****     }
 185:/Users/Roger/Library/Mobile Documents/com~apple~CloudDocs/Firmwares/XAVR/DOC_xavr/DOC_xavr/timer.c **** }
 186:/Users/Roger/Library/Mobile Documents/com~apple~CloudDocs/Firmwares/XAVR/DOC_xavr/DOC_xavr/timer.c **** 
 187:/Users/Roger/Library/Mobile Documents/com~apple~CloudDocs/Firmwares/XAVR/DOC_xavr/DOC_xavr/timer.c **** 
 188:/Users/Roger/Library/Mobile Documents/com~apple~CloudDocs/Firmwares/XAVR/DOC_xavr/DOC_xavr/timer.c **** 
 189:/Users/Roger/Library/Mobile Documents/com~apple~CloudDocs/Firmwares/XAVR/DOC_xavr/DOC_xavr/timer.c **** 
 190:/Users/Roger/Library/Mobile Documents/com~apple~CloudDocs/Firmwares/XAVR/DOC_xavr/DOC_xavr/timer.c **** 
 191:/Users/Roger/Library/Mobile Documents/com~apple~CloudDocs/Firmwares/XAVR/DOC_xavr/DOC_xavr/timer.c **** void timeequals0 (void){
 292               	.LM21:
 293               	.LFBB4:
 294               	/* prologue: function */
 295               	/* frame size = 0 */
 296               	/* stack size = 0 */
 297               	.L__stack_usage = 0
 298               	.LBB2:
 192:/Users/Roger/Library/Mobile Documents/com~apple~CloudDocs/Firmwares/XAVR/DOC_xavr/DOC_xavr/timer.c **** 	for(int i = 0; i < 4; i++){
 193:/Users/Roger/Library/Mobile Documents/com~apple~CloudDocs/Firmwares/XAVR/DOC_xavr/DOC_xavr/timer.c **** 		digits[i] = 0;
 300               	.LM22:
 301 00a8 E0E0      		ldi r30,lo8(digits)
 302 00aa F0E0      		ldi r31,hi8(digits)
 303 00ac 1082      		st Z,__zero_reg__
 304 00ae 1182      		std Z+1,__zero_reg__
 305 00b0 1282      		std Z+2,__zero_reg__
 306 00b2 1382      		std Z+3,__zero_reg__
 307 00b4 0895      		ret
 308               	.LBE2:
 310               	.Lscope4:
 312               	.global	shut_r_down
 314               	shut_r_down:
 194:/Users/Roger/Library/Mobile Documents/com~apple~CloudDocs/Firmwares/XAVR/DOC_xavr/DOC_xavr/timer.c **** 	}
 195:/Users/Roger/Library/Mobile Documents/com~apple~CloudDocs/Firmwares/XAVR/DOC_xavr/DOC_xavr/timer.c **** }
 196:/Users/Roger/Library/Mobile Documents/com~apple~CloudDocs/Firmwares/XAVR/DOC_xavr/DOC_xavr/timer.c **** 
 197:/Users/Roger/Library/Mobile Documents/com~apple~CloudDocs/Firmwares/XAVR/DOC_xavr/DOC_xavr/timer.c **** 
 198:/Users/Roger/Library/Mobile Documents/com~apple~CloudDocs/Firmwares/XAVR/DOC_xavr/DOC_xavr/timer.c **** 
 199:/Users/Roger/Library/Mobile Documents/com~apple~CloudDocs/Firmwares/XAVR/DOC_xavr/DOC_xavr/timer.c **** void shut_r_down(void){
 316               	.LM23:
 317               	.LFBB5:
 318               	/* prologue: function */
 319               	/* frame size = 0 */
 320               	/* stack size = 0 */
 321               	.L__stack_usage = 0
 200:/Users/Roger/Library/Mobile Documents/com~apple~CloudDocs/Firmwares/XAVR/DOC_xavr/DOC_xavr/timer.c **** 	timeequals0();
 323               	.LM24:
 324 00b6 0E94 0000 		call timeequals0
 201:/Users/Roger/Library/Mobile Documents/com~apple~CloudDocs/Firmwares/XAVR/DOC_xavr/DOC_xavr/timer.c **** 	TCCR0B = 0;		//kill timer
 326               	.LM25:
 327 00ba 15BC      		out 0x25,__zero_reg__
 202:/Users/Roger/Library/Mobile Documents/com~apple~CloudDocs/Firmwares/XAVR/DOC_xavr/DOC_xavr/timer.c **** 	PORTD = 0;		//turn off NPNs
 329               	.LM26:
 330 00bc 1BB8      		out 0xb,__zero_reg__
 203:/Users/Roger/Library/Mobile Documents/com~apple~CloudDocs/Firmwares/XAVR/DOC_xavr/DOC_xavr/timer.c **** 	PORTC |= 0x0F;	//turn off P-ch
 332               	.LM27:
 333 00be 88B1      		in r24,0x8
 334 00c0 8F60      		ori r24,lo8(15)
 335 00c2 88B9      		out 0x8,r24
 204:/Users/Roger/Library/Mobile Documents/com~apple~CloudDocs/Firmwares/XAVR/DOC_xavr/DOC_xavr/timer.c **** 	set_sleep_mode(SLEEP_MODE_PWR_DOWN);	//going to deep sleep
 337               	.LM28:
 338 00c4 83B7      		in r24,0x33
 339 00c6 817F      		andi r24,lo8(-15)
 340 00c8 8460      		ori r24,lo8(4)
 341 00ca 83BF      		out 0x33,r24
 205:/Users/Roger/Library/Mobile Documents/com~apple~CloudDocs/Firmwares/XAVR/DOC_xavr/DOC_xavr/timer.c **** 	PCIFR |= 0x01;	//clear interrupt flag
 343               	.LM29:
 344 00cc D89A      		sbi 0x1b,0
 206:/Users/Roger/Library/Mobile Documents/com~apple~CloudDocs/Firmwares/XAVR/DOC_xavr/DOC_xavr/timer.c **** 	PCICR |= 0x01;	//enable Pin Change Interrupt
 346               	.LM30:
 347 00ce E8E6      		ldi r30,lo8(104)
 348 00d0 F0E0      		ldi r31,0
 349 00d2 8081      		ld r24,Z
 350 00d4 8160      		ori r24,lo8(1)
 351 00d6 8083      		st Z,r24
 207:/Users/Roger/Library/Mobile Documents/com~apple~CloudDocs/Firmwares/XAVR/DOC_xavr/DOC_xavr/timer.c **** 	sleep_mode();
 353               	.LM31:
 354 00d8 83B7      		in r24,0x33
 355 00da 8160      		ori r24,lo8(1)
 356 00dc 83BF      		out 0x33,r24
 357               	/* #APP */
 358               	 ;  207 "/Users/Roger/Library/Mobile Documents/com~apple~CloudDocs/Firmwares/XAVR/DOC_xavr/DOC_xavr
 359 00de 8895      		sleep
 360               		
 361               	 ;  0 "" 2
 362               	/* #NOAPP */
 363 00e0 83B7      		in r24,0x33
 364 00e2 8E7F      		andi r24,lo8(-2)
 365 00e4 83BF      		out 0x33,r24
 208:/Users/Roger/Library/Mobile Documents/com~apple~CloudDocs/Firmwares/XAVR/DOC_xavr/DOC_xavr/timer.c **** 	asm ("nop");
 367               	.LM32:
 368               	/* #APP */
 369               	 ;  208 "/Users/Roger/Library/Mobile Documents/com~apple~CloudDocs/Firmwares/XAVR/DOC_xavr/DOC_xavr
 370 00e6 0000      		nop
 371               	 ;  0 "" 2
 209:/Users/Roger/Library/Mobile Documents/com~apple~CloudDocs/Firmwares/XAVR/DOC_xavr/DOC_xavr/timer.c **** 	PCICR = 0;	//disable PC Interrupt
 373               	.LM33:
 374               	/* #NOAPP */
 375 00e8 1082      		st Z,__zero_reg__
 210:/Users/Roger/Library/Mobile Documents/com~apple~CloudDocs/Firmwares/XAVR/DOC_xavr/DOC_xavr/timer.c **** 	set_sleep_mode(SLEEP_MODE_IDLE);	//change back to IDLE
 377               	.LM34:
 378 00ea 83B7      		in r24,0x33
 379 00ec 817F      		andi r24,lo8(-15)
 380 00ee 83BF      		out 0x33,r24
 211:/Users/Roger/Library/Mobile Documents/com~apple~CloudDocs/Firmwares/XAVR/DOC_xavr/DOC_xavr/timer.c **** 	clockstat = clockrun;	//arming for post-reset
 382               	.LM35:
 383 00f0 81E0      		ldi r24,lo8(1)
 384 00f2 8093 0000 		sts clockstat,r24
 212:/Users/Roger/Library/Mobile Documents/com~apple~CloudDocs/Firmwares/XAVR/DOC_xavr/DOC_xavr/timer.c **** 	fallarm = 0;
 386               	.LM36:
 387 00f6 1092 0000 		sts fallarm,__zero_reg__
 213:/Users/Roger/Library/Mobile Documents/com~apple~CloudDocs/Firmwares/XAVR/DOC_xavr/DOC_xavr/timer.c **** 	turnoff_arm = 1;
 389               	.LM37:
 390 00fa 8093 0000 		sts turnoff_arm,r24
 214:/Users/Roger/Library/Mobile Documents/com~apple~CloudDocs/Firmwares/XAVR/DOC_xavr/DOC_xavr/timer.c **** 	cyclesinstat = 0;
 392               	.LM38:
 393 00fe 1092 0000 		sts cyclesinstat+1,__zero_reg__
 394 0102 1092 0000 		sts cyclesinstat,__zero_reg__
 215:/Users/Roger/Library/Mobile Documents/com~apple~CloudDocs/Firmwares/XAVR/DOC_xavr/DOC_xavr/timer.c **** 	setsleepstat(0);
 396               	.LM39:
 397 0106 80E0      		ldi r24,0
 398 0108 0E94 0000 		call setsleepstat
 216:/Users/Roger/Library/Mobile Documents/com~apple~CloudDocs/Firmwares/XAVR/DOC_xavr/DOC_xavr/timer.c **** 	TCCR0B |= 0x02;	//re-enable clock
 400               	.LM40:
 401 010c 85B5      		in r24,0x25
 402 010e 8260      		ori r24,lo8(2)
 403 0110 85BD      		out 0x25,r24
 404 0112 0895      		ret
 406               	.Lscope5:
 408               	.global	inc_seconds
 410               	inc_seconds:
 166:/Users/Roger/Library/Mobile Documents/com~apple~CloudDocs/Firmwares/XAVR/DOC_xavr/DOC_xavr/timer.c **** 	
 412               	.LM41:
 413               	.LFBB6:
 414               	/* prologue: function */
 415               	/* frame size = 0 */
 416               	/* stack size = 0 */
 417               	.L__stack_usage = 0
 168:/Users/Roger/Library/Mobile Documents/com~apple~CloudDocs/Firmwares/XAVR/DOC_xavr/DOC_xavr/timer.c ****     if(digits[0] >= 10){
 419               	.LM42:
 420 0114 8091 0000 		lds r24,digits
 421 0118 8F5F      		subi r24,lo8(-(1))
 169:/Users/Roger/Library/Mobile Documents/com~apple~CloudDocs/Firmwares/XAVR/DOC_xavr/DOC_xavr/timer.c ****         digits[0] = 0;
 423               	.LM43:
 424 011a 8A30      		cpi r24,lo8(10)
 425 011c 00F4      		brsh .L17
 168:/Users/Roger/Library/Mobile Documents/com~apple~CloudDocs/Firmwares/XAVR/DOC_xavr/DOC_xavr/timer.c ****     if(digits[0] >= 10){
 427               	.LM44:
 428 011e 8093 0000 		sts digits,r24
 429 0122 00C0      		rjmp .L18
 430               	.L17:
 170:/Users/Roger/Library/Mobile Documents/com~apple~CloudDocs/Firmwares/XAVR/DOC_xavr/DOC_xavr/timer.c ****         digits[1]++;
 432               	.LM45:
 433 0124 1092 0000 		sts digits,__zero_reg__
 171:/Users/Roger/Library/Mobile Documents/com~apple~CloudDocs/Firmwares/XAVR/DOC_xavr/DOC_xavr/timer.c ****     }
 435               	.LM46:
 436 0128 8091 0000 		lds r24,digits+1
 437 012c 8F5F      		subi r24,lo8(-(1))
 438 012e 8093 0000 		sts digits+1,r24
 439               	.L18:
 173:/Users/Roger/Library/Mobile Documents/com~apple~CloudDocs/Firmwares/XAVR/DOC_xavr/DOC_xavr/timer.c ****         digits[1] = 0;
 441               	.LM47:
 442 0132 8091 0000 		lds r24,digits+1
 443 0136 8630      		cpi r24,lo8(6)
 444 0138 00F0      		brlo .L19
 174:/Users/Roger/Library/Mobile Documents/com~apple~CloudDocs/Firmwares/XAVR/DOC_xavr/DOC_xavr/timer.c ****          digits[2]++;
 446               	.LM48:
 447 013a 1092 0000 		sts digits+1,__zero_reg__
 175:/Users/Roger/Library/Mobile Documents/com~apple~CloudDocs/Firmwares/XAVR/DOC_xavr/DOC_xavr/timer.c ****     }
 449               	.LM49:
 450 013e 8091 0000 		lds r24,digits+2
 451 0142 8F5F      		subi r24,lo8(-(1))
 452 0144 8093 0000 		sts digits+2,r24
 453               	.L19:
 177:/Users/Roger/Library/Mobile Documents/com~apple~CloudDocs/Firmwares/XAVR/DOC_xavr/DOC_xavr/timer.c ****         digits[2] = 0;
 455               	.LM50:
 456 0148 8091 0000 		lds r24,digits+2
 457 014c 8A30      		cpi r24,lo8(10)
 458 014e 00F0      		brlo .L20
 178:/Users/Roger/Library/Mobile Documents/com~apple~CloudDocs/Firmwares/XAVR/DOC_xavr/DOC_xavr/timer.c ****         digits[3] ++;
 460               	.LM51:
 461 0150 1092 0000 		sts digits+2,__zero_reg__
 179:/Users/Roger/Library/Mobile Documents/com~apple~CloudDocs/Firmwares/XAVR/DOC_xavr/DOC_xavr/timer.c ****     }
 463               	.LM52:
 464 0154 8091 0000 		lds r24,digits+3
 465 0158 8F5F      		subi r24,lo8(-(1))
 466 015a 8093 0000 		sts digits+3,r24
 467               	.L20:
 181:/Users/Roger/Library/Mobile Documents/com~apple~CloudDocs/Firmwares/XAVR/DOC_xavr/DOC_xavr/timer.c ****         digits[3] = 0;
 469               	.LM53:
 470 015e 8091 0000 		lds r24,digits+3
 471 0162 8A30      		cpi r24,lo8(10)
 472 0164 00F0      		brlo .L16
 182:/Users/Roger/Library/Mobile Documents/com~apple~CloudDocs/Firmwares/XAVR/DOC_xavr/DOC_xavr/timer.c ****         shut_r_down();    //if we roll all the way over, shut r down
 474               	.LM54:
 475 0166 1092 0000 		sts digits+3,__zero_reg__
 183:/Users/Roger/Library/Mobile Documents/com~apple~CloudDocs/Firmwares/XAVR/DOC_xavr/DOC_xavr/timer.c ****     }
 477               	.LM55:
 478 016a 0C94 0000 		jmp shut_r_down
 479               	.L16:
 480 016e 0895      		ret
 482               	.Lscope6:
 484               	.global	display_batt
 486               	display_batt:
 217:/Users/Roger/Library/Mobile Documents/com~apple~CloudDocs/Firmwares/XAVR/DOC_xavr/DOC_xavr/timer.c **** }
 218:/Users/Roger/Library/Mobile Documents/com~apple~CloudDocs/Firmwares/XAVR/DOC_xavr/DOC_xavr/timer.c **** 
 219:/Users/Roger/Library/Mobile Documents/com~apple~CloudDocs/Firmwares/XAVR/DOC_xavr/DOC_xavr/timer.c **** //this just puts 'batt' across the display.  Will be called for 1 second prior to displaying the ac
 220:/Users/Roger/Library/Mobile Documents/com~apple~CloudDocs/Firmwares/XAVR/DOC_xavr/DOC_xavr/timer.c **** void display_batt(void){
 488               	.LM56:
 489               	.LFBB7:
 490               	/* prologue: function */
 491               	/* frame size = 0 */
 492               	/* stack size = 0 */
 493               	.L__stack_usage = 0
 494               	.LBB3:
 221:/Users/Roger/Library/Mobile Documents/com~apple~CloudDocs/Firmwares/XAVR/DOC_xavr/DOC_xavr/timer.c **** 		for (int i = 11; i < 15; i ++){
 222:/Users/Roger/Library/Mobile Documents/com~apple~CloudDocs/Firmwares/XAVR/DOC_xavr/DOC_xavr/timer.c **** 			digits[(i-11)] = i;
 496               	.LM57:
 497 0170 E0E0      		ldi r30,lo8(digits)
 498 0172 F0E0      		ldi r31,hi8(digits)
 499 0174 8BE0      		ldi r24,lo8(11)
 500 0176 8083      		st Z,r24
 501 0178 8CE0      		ldi r24,lo8(12)
 502 017a 8183      		std Z+1,r24
 503 017c 8DE0      		ldi r24,lo8(13)
 504 017e 8283      		std Z+2,r24
 505 0180 8EE0      		ldi r24,lo8(14)
 506 0182 8383      		std Z+3,r24
 507 0184 0895      		ret
 508               	.LBE3:
 510               	.Lscope7:
 513               	.global	display_volts
 515               	display_volts:
 223:/Users/Roger/Library/Mobile Documents/com~apple~CloudDocs/Firmwares/XAVR/DOC_xavr/DOC_xavr/timer.c **** 		}
 224:/Users/Roger/Library/Mobile Documents/com~apple~CloudDocs/Firmwares/XAVR/DOC_xavr/DOC_xavr/timer.c **** }
 225:/Users/Roger/Library/Mobile Documents/com~apple~CloudDocs/Firmwares/XAVR/DOC_xavr/DOC_xavr/timer.c **** 
 226:/Users/Roger/Library/Mobile Documents/com~apple~CloudDocs/Firmwares/XAVR/DOC_xavr/DOC_xavr/timer.c **** 
 227:/Users/Roger/Library/Mobile Documents/com~apple~CloudDocs/Firmwares/XAVR/DOC_xavr/DOC_xavr/timer.c **** 
 228:/Users/Roger/Library/Mobile Documents/com~apple~CloudDocs/Firmwares/XAVR/DOC_xavr/DOC_xavr/timer.c **** void display_volts (u16 adval){
 517               	.LM58:
 518               	.LFBB8:
 519               	/* prologue: function */
 520               	/* frame size = 0 */
 521               	/* stack size = 0 */
 522               	.L__stack_usage = 0
 229:/Users/Roger/Library/Mobile Documents/com~apple~CloudDocs/Firmwares/XAVR/DOC_xavr/DOC_xavr/timer.c **** 
 230:/Users/Roger/Library/Mobile Documents/com~apple~CloudDocs/Firmwares/XAVR/DOC_xavr/DOC_xavr/timer.c **** //this is will display the voltage.
 231:/Users/Roger/Library/Mobile Documents/com~apple~CloudDocs/Firmwares/XAVR/DOC_xavr/DOC_xavr/timer.c **** adval /= 10;		//drop to x.yz volts.  will allow me to use the bottom of the colon as decimal place 
 524               	.LM59:
 525 0186 2AE0      		ldi r18,lo8(10)
 526 0188 30E0      		ldi r19,0
 527 018a B901      		movw r22,r18
 528 018c 0E94 0000 		call __udivmodhi4
 529 0190 CB01      		movw r24,r22
 232:/Users/Roger/Library/Mobile Documents/com~apple~CloudDocs/Firmwares/XAVR/DOC_xavr/DOC_xavr/timer.c **** 	digits[0] = adval % 10;
 531               	.LM60:
 532 0192 E0E0      		ldi r30,lo8(digits)
 533 0194 F0E0      		ldi r31,hi8(digits)
 534 0196 B901      		movw r22,r18
 535 0198 0E94 0000 		call __udivmodhi4
 536 019c 8083      		st Z,r24
 233:/Users/Roger/Library/Mobile Documents/com~apple~CloudDocs/Firmwares/XAVR/DOC_xavr/DOC_xavr/timer.c **** 	adval /= 10;
 234:/Users/Roger/Library/Mobile Documents/com~apple~CloudDocs/Firmwares/XAVR/DOC_xavr/DOC_xavr/timer.c **** 	digits [1] = adval %10;
 538               	.LM61:
 539 019e CB01      		movw r24,r22
 540 01a0 B901      		movw r22,r18
 541 01a2 0E94 0000 		call __udivmodhi4
 542 01a6 8183      		std Z+1,r24
 235:/Users/Roger/Library/Mobile Documents/com~apple~CloudDocs/Firmwares/XAVR/DOC_xavr/DOC_xavr/timer.c **** 	adval /= 10;
 236:/Users/Roger/Library/Mobile Documents/com~apple~CloudDocs/Firmwares/XAVR/DOC_xavr/DOC_xavr/timer.c **** 	digits [2] = adval %10;
 544               	.LM62:
 545 01a8 CB01      		movw r24,r22
 546 01aa B901      		movw r22,r18
 547 01ac 0E94 0000 		call __udivmodhi4
 548 01b0 8283      		std Z+2,r24
 237:/Users/Roger/Library/Mobile Documents/com~apple~CloudDocs/Firmwares/XAVR/DOC_xavr/DOC_xavr/timer.c **** 	digits [3] = 10;	//10 is all off
 550               	.LM63:
 551 01b2 8AE0      		ldi r24,lo8(10)
 552 01b4 8383      		std Z+3,r24
 553 01b6 0895      		ret
 555               	.Lscope8:
 557               	.global	display_intensity
 559               	display_intensity:
 238:/Users/Roger/Library/Mobile Documents/com~apple~CloudDocs/Firmwares/XAVR/DOC_xavr/DOC_xavr/timer.c **** }
 239:/Users/Roger/Library/Mobile Documents/com~apple~CloudDocs/Firmwares/XAVR/DOC_xavr/DOC_xavr/timer.c **** 
 240:/Users/Roger/Library/Mobile Documents/com~apple~CloudDocs/Firmwares/XAVR/DOC_xavr/DOC_xavr/timer.c **** 
 241:/Users/Roger/Library/Mobile Documents/com~apple~CloudDocs/Firmwares/XAVR/DOC_xavr/DOC_xavr/timer.c **** void display_intensity (void) {
 561               	.LM64:
 562               	.LFBB9:
 563               	/* prologue: function */
 564               	/* frame size = 0 */
 565               	/* stack size = 0 */
 566               	.L__stack_usage = 0
 242:/Users/Roger/Library/Mobile Documents/com~apple~CloudDocs/Firmwares/XAVR/DOC_xavr/DOC_xavr/timer.c ****     intensity ++;
 568               	.LM65:
 569 01b8 8091 0000 		lds r24,intensity
 570 01bc 8F5F      		subi r24,lo8(-(1))
 243:/Users/Roger/Library/Mobile Documents/com~apple~CloudDocs/Firmwares/XAVR/DOC_xavr/DOC_xavr/timer.c ****     if(intensity == 10){intensity = 1;}
 572               	.LM66:
 573 01be 8A30      		cpi r24,lo8(10)
 574 01c0 01F4      		brne .L27
 576               	.LM67:
 577 01c2 81E0      		ldi r24,lo8(1)
 578               	.L27:
 579 01c4 8093 0000 		sts intensity,r24
 580               	.LBB4:
 244:/Users/Roger/Library/Mobile Documents/com~apple~CloudDocs/Firmwares/XAVR/DOC_xavr/DOC_xavr/timer.c ****     for (int i = 0; i < 4; i ++){
 245:/Users/Roger/Library/Mobile Documents/com~apple~CloudDocs/Firmwares/XAVR/DOC_xavr/DOC_xavr/timer.c ****         digits[i] = intensity;
 582               	.LM68:
 583 01c8 8091 0000 		lds r24,intensity
 584 01cc 8093 0000 		sts digits,r24
 585 01d0 8093 0000 		sts digits+1,r24
 586 01d4 8093 0000 		sts digits+2,r24
 587 01d8 8093 0000 		sts digits+3,r24
 588 01dc 0895      		ret
 589               	.LBE4:
 591               	.Lscope9:
 593               	.global	__vector_14
 595               	__vector_14:
  45:/Users/Roger/Library/Mobile Documents/com~apple~CloudDocs/Firmwares/XAVR/DOC_xavr/DOC_xavr/timer.c ****     static u8 two_hun_mics = 0;
 597               	.LM69:
 598               	.LFBB10:
 599 01de 1F92      		push r1
 600 01e0 0F92      		push r0
 601 01e2 0FB6      		in r0,__SREG__
 602 01e4 0F92      		push r0
 603 01e6 1124      		clr __zero_reg__
 604 01e8 0F93      		push r16
 605 01ea 1F93      		push r17
 606 01ec 2F93      		push r18
 607 01ee 3F93      		push r19
 608 01f0 4F93      		push r20
 609 01f2 5F93      		push r21
 610 01f4 6F93      		push r22
 611 01f6 7F93      		push r23
 612 01f8 8F93      		push r24
 613 01fa 9F93      		push r25
 614 01fc AF93      		push r26
 615 01fe BF93      		push r27
 616 0200 CF93      		push r28
 617 0202 EF93      		push r30
 618 0204 FF93      		push r31
 619               	/* prologue: Signal */
 620               	/* frame size = 0 */
 621               	/* stack size = 18 */
 622               	.L__stack_usage = 18
  51:/Users/Roger/Library/Mobile Documents/com~apple~CloudDocs/Firmwares/XAVR/DOC_xavr/DOC_xavr/timer.c **** 	if(butstat == laststat){
 624               	.LM70:
 625 0206 C3B1      		in r28,0x3
 626 0208 C170      		andi r28,lo8(1)
 627 020a C093 0000 		sts butstat,r28
  52:/Users/Roger/Library/Mobile Documents/com~apple~CloudDocs/Firmwares/XAVR/DOC_xavr/DOC_xavr/timer.c **** 		cyclesinstat ++;
 629               	.LM71:
 630 020e 2091 0000 		lds r18,laststat
 631 0212 C213      		cpse r28,r18
 632 0214 00C0      		rjmp .L29
  53:/Users/Roger/Library/Mobile Documents/com~apple~CloudDocs/Firmwares/XAVR/DOC_xavr/DOC_xavr/timer.c **** 	} else{	//count how many times I've been in this status
 634               	.LM72:
 635 0216 8091 0000 		lds r24,cyclesinstat
 636 021a 9091 0000 		lds r25,cyclesinstat+1
 637 021e 0196      		adiw r24,1
 638 0220 9093 0000 		sts cyclesinstat+1,r25
 639 0224 8093 0000 		sts cyclesinstat,r24
 640 0228 00C0      		rjmp .L30
 641               	.L29:
  55:/Users/Roger/Library/Mobile Documents/com~apple~CloudDocs/Firmwares/XAVR/DOC_xavr/DOC_xavr/timer.c **** 	} //reset counter if the status has changed.
 643               	.LM73:
 644 022a 1092 0000 		sts cyclesinstat+1,__zero_reg__
 645 022e 1092 0000 		sts cyclesinstat,__zero_reg__
 646               	.L30:
  57:/Users/Roger/Library/Mobile Documents/com~apple~CloudDocs/Firmwares/XAVR/DOC_xavr/DOC_xavr/timer.c **** 		fallarm = 1;
 648               	.LM74:
 649 0232 0091 0000 		lds r16,cyclesinstat
 650 0236 1091 0000 		lds r17,cyclesinstat+1
 651 023a 0333      		cpi r16,51
 652 023c 1105      		cpc r17,__zero_reg__
 653 023e 00F0      		brlo .L31
  57:/Users/Roger/Library/Mobile Documents/com~apple~CloudDocs/Firmwares/XAVR/DOC_xavr/DOC_xavr/timer.c **** 		fallarm = 1;
 655               	.LM75:
 656 0240 2223      		tst r18
 657 0242 01F0      		breq .L31
  57:/Users/Roger/Library/Mobile Documents/com~apple~CloudDocs/Firmwares/XAVR/DOC_xavr/DOC_xavr/timer.c **** 		fallarm = 1;
 659               	.LM76:
 660 0244 8091 0000 		lds r24,turnoff_arm
 661 0248 8823      		tst r24
 662 024a 01F0      		breq .L31
  58:/Users/Roger/Library/Mobile Documents/com~apple~CloudDocs/Firmwares/XAVR/DOC_xavr/DOC_xavr/timer.c **** 		clockstat = clockrun;
 664               	.LM77:
 665 024c 81E0      		ldi r24,lo8(1)
 666 024e 8093 0000 		sts fallarm,r24
  59:/Users/Roger/Library/Mobile Documents/com~apple~CloudDocs/Firmwares/XAVR/DOC_xavr/DOC_xavr/timer.c **** 	}	//if the button is hi and it's been hi for 50 cycles (50 x 200uS = 10mS), set it up so the next 
 668               	.LM78:
 669 0252 8093 0000 		sts clockstat,r24
 670               	.L31:
  61:/Users/Roger/Library/Mobile Documents/com~apple~CloudDocs/Firmwares/XAVR/DOC_xavr/DOC_xavr/timer.c **** 		fallarm = 0;
 672               	.LM79:
 673 0256 8091 0000 		lds r24,fallarm
 674 025a 8823      		tst r24
 675 025c 01F0      		breq .L32
  61:/Users/Roger/Library/Mobile Documents/com~apple~CloudDocs/Firmwares/XAVR/DOC_xavr/DOC_xavr/timer.c **** 		fallarm = 0;
 677               	.LM80:
 678 025e C111      		cpse r28,__zero_reg__
 679 0260 00C0      		rjmp .L32
  62:/Users/Roger/Library/Mobile Documents/com~apple~CloudDocs/Firmwares/XAVR/DOC_xavr/DOC_xavr/timer.c **** 		timeequals0();
 681               	.LM81:
 682 0262 1092 0000 		sts fallarm,__zero_reg__
  63:/Users/Roger/Library/Mobile Documents/com~apple~CloudDocs/Firmwares/XAVR/DOC_xavr/DOC_xavr/timer.c **** 		clockstat = clockoff;
 684               	.LM82:
 685 0266 0E94 0000 		call timeequals0
  64:/Users/Roger/Library/Mobile Documents/com~apple~CloudDocs/Firmwares/XAVR/DOC_xavr/DOC_xavr/timer.c **** 		}
 687               	.LM83:
 688 026a 1092 0000 		sts clockstat,__zero_reg__
 689               	.L32:
  66:/Users/Roger/Library/Mobile Documents/com~apple~CloudDocs/Firmwares/XAVR/DOC_xavr/DOC_xavr/timer.c **** 		{
 691               	.LM84:
 692 026e 8091 0000 		lds r24,turnoff_arm
 693 0272 8823      		tst r24
 694 0274 01F0      		breq .L33
  66:/Users/Roger/Library/Mobile Documents/com~apple~CloudDocs/Firmwares/XAVR/DOC_xavr/DOC_xavr/timer.c **** 		{
 696               	.LM85:
 697 0276 C111      		cpse r28,__zero_reg__
 698 0278 00C0      		rjmp .L33
  66:/Users/Roger/Library/Mobile Documents/com~apple~CloudDocs/Firmwares/XAVR/DOC_xavr/DOC_xavr/timer.c **** 		{
 700               	.LM86:
 701 027a 0031      		cpi r16,16
 702 027c 1742      		sbci r17,39
 703 027e 00F0      		brlo .L33
  68:/Users/Roger/Library/Mobile Documents/com~apple~CloudDocs/Firmwares/XAVR/DOC_xavr/DOC_xavr/timer.c **** 			display_batt();
 705               	.LM87:
 706 0280 1092 0000 		sts two_milliseconds.1818+1,__zero_reg__
 707 0284 1092 0000 		sts two_milliseconds.1818,__zero_reg__
  69:/Users/Roger/Library/Mobile Documents/com~apple~CloudDocs/Firmwares/XAVR/DOC_xavr/DOC_xavr/timer.c **** 			clockstat = batdisp;
 709               	.LM88:
 710 0288 0E94 0000 		call display_batt
  70:/Users/Roger/Library/Mobile Documents/com~apple~CloudDocs/Firmwares/XAVR/DOC_xavr/DOC_xavr/timer.c **** 			turnoff_arm = 0;	//don't come back until this is re-armed at wakeup
 712               	.LM89:
 713 028c 82E0      		ldi r24,lo8(2)
 714 028e 8093 0000 		sts clockstat,r24
  71:/Users/Roger/Library/Mobile Documents/com~apple~CloudDocs/Firmwares/XAVR/DOC_xavr/DOC_xavr/timer.c **** 		}
 716               	.LM90:
 717 0292 1092 0000 		sts turnoff_arm,__zero_reg__
 718               	.L33:
  73:/Users/Roger/Library/Mobile Documents/com~apple~CloudDocs/Firmwares/XAVR/DOC_xavr/DOC_xavr/timer.c ****         set_intensity(intensity);
 720               	.LM91:
 721 0296 8091 0000 		lds r24,clockstat
 722 029a 8430      		cpi r24,lo8(4)
 723 029c 01F4      		brne .L34
  73:/Users/Roger/Library/Mobile Documents/com~apple~CloudDocs/Firmwares/XAVR/DOC_xavr/DOC_xavr/timer.c ****         set_intensity(intensity);
 725               	.LM92:
 726 029e CC23      		tst r28
 727 02a0 01F0      		breq .L34
  74:/Users/Roger/Library/Mobile Documents/com~apple~CloudDocs/Firmwares/XAVR/DOC_xavr/DOC_xavr/timer.c ****         timeequals0();
 729               	.LM93:
 730 02a2 8091 0000 		lds r24,intensity
 731 02a6 0E94 0000 		call set_intensity
  75:/Users/Roger/Library/Mobile Documents/com~apple~CloudDocs/Firmwares/XAVR/DOC_xavr/DOC_xavr/timer.c ****         turnoff_arm = 1;
 733               	.LM94:
 734 02aa 0E94 0000 		call timeequals0
  76:/Users/Roger/Library/Mobile Documents/com~apple~CloudDocs/Firmwares/XAVR/DOC_xavr/DOC_xavr/timer.c ****         clockstat = clockrun;
 736               	.LM95:
 737 02ae 81E0      		ldi r24,lo8(1)
 738 02b0 8093 0000 		sts turnoff_arm,r24
  77:/Users/Roger/Library/Mobile Documents/com~apple~CloudDocs/Firmwares/XAVR/DOC_xavr/DOC_xavr/timer.c ****     }
 740               	.LM96:
 741 02b4 8093 0000 		sts clockstat,r24
 742               	.L34:
  79:/Users/Roger/Library/Mobile Documents/com~apple~CloudDocs/Firmwares/XAVR/DOC_xavr/DOC_xavr/timer.c **** 
 744               	.LM97:
 745 02b8 8091 0000 		lds r24,butstat
 746 02bc 8093 0000 		sts laststat,r24
  82:/Users/Roger/Library/Mobile Documents/com~apple~CloudDocs/Firmwares/XAVR/DOC_xavr/DOC_xavr/timer.c ****     if (two_hun_mics >= intensity){ //once the intensity level is reached will kill the active LED
 748               	.LM98:
 749 02c0 8091 0000 		lds r24,two_hun_mics.1817
 750 02c4 8F5F      		subi r24,lo8(-(1))
 751 02c6 8093 0000 		sts two_hun_mics.1817,r24
  83:/Users/Roger/Library/Mobile Documents/com~apple~CloudDocs/Firmwares/XAVR/DOC_xavr/DOC_xavr/timer.c ****         PORTC|= 0x0F;  //this will set the 4 LSB's of Port C, ensuring all anodes are off
 753               	.LM99:
 754 02ca 9091 0000 		lds r25,intensity
 755 02ce 8917      		cp r24,r25
 756 02d0 00F0      		brlo .L35
  84:/Users/Roger/Library/Mobile Documents/com~apple~CloudDocs/Firmwares/XAVR/DOC_xavr/DOC_xavr/timer.c ****     }   //end of checking intensity
 758               	.LM100:
 759 02d2 88B1      		in r24,0x8
 760 02d4 8F60      		ori r24,lo8(15)
 761 02d6 88B9      		out 0x8,r24
 762               	.L35:
  87:/Users/Roger/Library/Mobile Documents/com~apple~CloudDocs/Firmwares/XAVR/DOC_xavr/DOC_xavr/timer.c ****         next_digit();   //function to cycle the 4 LSB's of PORTC to ensure that we're walking throu
 764               	.LM101:
 765 02d8 8091 0000 		lds r24,two_hun_mics.1817
 766 02dc 8A30      		cpi r24,lo8(10)
 767 02de 00F0      		brlo .L36
  88:/Users/Roger/Library/Mobile Documents/com~apple~CloudDocs/Firmwares/XAVR/DOC_xavr/DOC_xavr/timer.c ****         two_hun_mics = 0;   //reset this value for next round
 769               	.LM102:
 770 02e0 0E94 0000 		call next_digit
  89:/Users/Roger/Library/Mobile Documents/com~apple~CloudDocs/Firmwares/XAVR/DOC_xavr/DOC_xavr/timer.c ****         two_milliseconds ++;    //if I've made it through 20 cycles of 100uS, increment the 2mS cnt
 772               	.LM103:
 773 02e4 1092 0000 		sts two_hun_mics.1817,__zero_reg__
  90:/Users/Roger/Library/Mobile Documents/com~apple~CloudDocs/Firmwares/XAVR/DOC_xavr/DOC_xavr/timer.c **** 		
 775               	.LM104:
 776 02e8 8091 0000 		lds r24,two_milliseconds.1818
 777 02ec 9091 0000 		lds r25,two_milliseconds.1818+1
 778 02f0 0196      		adiw r24,1
 779 02f2 9093 0000 		sts two_milliseconds.1818+1,r25
 780 02f6 8093 0000 		sts two_milliseconds.1818,r24
 781               	.L36:
  95:/Users/Roger/Library/Mobile Documents/com~apple~CloudDocs/Firmwares/XAVR/DOC_xavr/DOC_xavr/timer.c ****         
 783               	.LM105:
 784 02fa 8091 0000 		lds r24,two_milliseconds.1818
 785 02fe 9091 0000 		lds r25,two_milliseconds.1818+1
 786 0302 843F      		cpi r24,-12
 787 0304 9140      		sbci r25,1
 788 0306 00F0      		brlo .L28
  98:/Users/Roger/Library/Mobile Documents/com~apple~CloudDocs/Firmwares/XAVR/DOC_xavr/DOC_xavr/timer.c ****          case clockrun:
 790               	.LM106:
 791 0308 8091 0000 		lds r24,clockstat
 792 030c 8230      		cpi r24,lo8(2)
 793 030e 01F0      		breq .L39
 794 0310 00F4      		brsh .L40
 795 0312 8130      		cpi r24,lo8(1)
 796 0314 01F4      		brne .L38
 100:/Users/Roger/Library/Mobile Documents/com~apple~CloudDocs/Firmwares/XAVR/DOC_xavr/DOC_xavr/timer.c ****          break;
 798               	.LM107:
 799 0316 0E94 0000 		call inc_seconds
 101:/Users/Roger/Library/Mobile Documents/com~apple~CloudDocs/Firmwares/XAVR/DOC_xavr/DOC_xavr/timer.c ****          
 801               	.LM108:
 802 031a 00C0      		rjmp .L38
 803               	.L40:
  98:/Users/Roger/Library/Mobile Documents/com~apple~CloudDocs/Firmwares/XAVR/DOC_xavr/DOC_xavr/timer.c ****          case clockrun:
 805               	.LM109:
 806 031c 8330      		cpi r24,lo8(3)
 807 031e 01F0      		breq .L42
 808 0320 8430      		cpi r24,lo8(4)
 809 0322 01F4      		brne .L38
 111:/Users/Roger/Library/Mobile Documents/com~apple~CloudDocs/Firmwares/XAVR/DOC_xavr/DOC_xavr/timer.c ****                  
 811               	.LM110:
 812 0324 0E94 0000 		call display_intensity
 113:/Users/Roger/Library/Mobile Documents/com~apple~CloudDocs/Firmwares/XAVR/DOC_xavr/DOC_xavr/timer.c ****                  
 814               	.LM111:
 815 0328 00C0      		rjmp .L38
 816               	.L39:
 104:/Users/Roger/Library/Mobile Documents/com~apple~CloudDocs/Firmwares/XAVR/DOC_xavr/DOC_xavr/timer.c ****             clockstat = voltdisp;  //go to the mode where I'l wait for the button to have been rele
 818               	.LM112:
 819 032a 0E94 0000 		call read_ADC
 820 032e 0E94 0000 		call display_volts
 105:/Users/Roger/Library/Mobile Documents/com~apple~CloudDocs/Firmwares/XAVR/DOC_xavr/DOC_xavr/timer.c ****          break;
 822               	.LM113:
 823 0332 83E0      		ldi r24,lo8(3)
 824 0334 00C0      		rjmp .L60
 825               	.L42:
 117:/Users/Roger/Library/Mobile Documents/com~apple~CloudDocs/Firmwares/XAVR/DOC_xavr/DOC_xavr/timer.c ****             setsleepstat(1);   //this will set a flag in a function in main.c to initiate shutting 
 827               	.LM114:
 828 0336 2091 0000 		lds r18,butstat
 829 033a 8091 0000 		lds r24,cyclesinstat
 830 033e 9091 0000 		lds r25,cyclesinstat+1
 831 0342 2223      		tst r18
 832 0344 01F0      		breq .L44
 117:/Users/Roger/Library/Mobile Documents/com~apple~CloudDocs/Firmwares/XAVR/DOC_xavr/DOC_xavr/timer.c ****             setsleepstat(1);   //this will set a flag in a function in main.c to initiate shutting 
 834               	.LM115:
 835 0346 8031      		cpi r24,16
 836 0348 9742      		sbci r25,39
 837 034a 00F0      		brlo .L38
 118:/Users/Roger/Library/Mobile Documents/com~apple~CloudDocs/Firmwares/XAVR/DOC_xavr/DOC_xavr/timer.c ****             } else if (!butstat && (cyclesinstat >= 0x4E20)){
 839               	.LM116:
 840 034c 81E0      		ldi r24,lo8(1)
 841 034e 0E94 0000 		call setsleepstat
 842 0352 00C0      		rjmp .L38
 843               	.L44:
 119:/Users/Roger/Library/Mobile Documents/com~apple~CloudDocs/Firmwares/XAVR/DOC_xavr/DOC_xavr/timer.c ****                 clockstat = intenset; } //if the button's been down for 4 seconds and we're in this
 845               	.LM117:
 846 0354 8032      		cpi r24,32
 847 0356 9E44      		sbci r25,78
 848 0358 00F0      		brlo .L38
 120:/Users/Roger/Library/Mobile Documents/com~apple~CloudDocs/Firmwares/XAVR/DOC_xavr/DOC_xavr/timer.c **** 
 850               	.LM118:
 851 035a 84E0      		ldi r24,lo8(4)
 852               	.L60:
 853 035c 8093 0000 		sts clockstat,r24
 854               	.L38:
 125:/Users/Roger/Library/Mobile Documents/com~apple~CloudDocs/Firmwares/XAVR/DOC_xavr/DOC_xavr/timer.c ****     }
 856               	.LM119:
 857 0360 1092 0000 		sts two_milliseconds.1818+1,__zero_reg__
 858 0364 1092 0000 		sts two_milliseconds.1818,__zero_reg__
 859               	.L28:
 860               	/* epilogue start */
 128:/Users/Roger/Library/Mobile Documents/com~apple~CloudDocs/Firmwares/XAVR/DOC_xavr/DOC_xavr/timer.c **** 
 862               	.LM120:
 863 0368 FF91      		pop r31
 864 036a EF91      		pop r30
 865 036c CF91      		pop r28
 866 036e BF91      		pop r27
 867 0370 AF91      		pop r26
 868 0372 9F91      		pop r25
 869 0374 8F91      		pop r24
 870 0376 7F91      		pop r23
 871 0378 6F91      		pop r22
 872 037a 5F91      		pop r21
 873 037c 4F91      		pop r20
 874 037e 3F91      		pop r19
 875 0380 2F91      		pop r18
 876 0382 1F91      		pop r17
 877 0384 0F91      		pop r16
 878 0386 0F90      		pop r0
 879 0388 0FBE      		out __SREG__,r0
 880 038a 0F90      		pop r0
 881 038c 1F90      		pop r1
 882 038e 1895      		reti
 888               	.Lscope10:
 889               		.local	two_hun_mics.1817
 890               		.comm	two_hun_mics.1817,1,1
 891               		.local	two_milliseconds.1818
 892               		.comm	two_milliseconds.1818,2,1
 893               		.local	cyclesinstat
 894               		.comm	cyclesinstat,2,1
 895               		.local	intensity
 896               		.comm	intensity,1,1
 897               		.data
 900               	turnoff_arm:
 901 0000 01        		.byte	1
 904               	clockstat:
 905 0001 01        		.byte	1
 906               		.local	fallarm
 907               		.comm	fallarm,1,1
 908               		.local	laststat
 909               		.comm	laststat,1,1
 910               		.local	butstat
 911               		.comm	butstat,1,1
 912               		.local	placeholder
 913               		.comm	placeholder,1,1
 914               		.local	digits
 915               		.comm	digits,4,1
 916               	.global	numbers
 919               	numbers:
 920 0002 D7        		.byte	-41
 921 0003 14        		.byte	20
 922 0004 E6        		.byte	-26
 923 0005 B6        		.byte	-74
 924 0006 35        		.byte	53
 925 0007 B3        		.byte	-77
 926 0008 F3        		.byte	-13
 927 0009 16        		.byte	22
 928 000a F7        		.byte	-9
 929 000b B7        		.byte	-73
 930 000c 00        		.byte	0
 931 000d E1        		.byte	-31
 932 000e E1        		.byte	-31
 933 000f F0        		.byte	-16
 934 0010 F1        		.byte	-15
 945               		.text
 947               	.Letext0:
 948               		.ident	"GCC: (GNU) 4.9.3"
 949               	.global __do_copy_data
 950               	.global __do_clear_bss
DEFINED SYMBOLS
                            *ABS*:0000000000000000 timer.c
/var/folders/5n/sn67s4dx5cj3x2ns4qywc93r0000gn/T//cctguh06.s:2      *ABS*:000000000000003e __SP_H__
/var/folders/5n/sn67s4dx5cj3x2ns4qywc93r0000gn/T//cctguh06.s:3      *ABS*:000000000000003d __SP_L__
/var/folders/5n/sn67s4dx5cj3x2ns4qywc93r0000gn/T//cctguh06.s:4      *ABS*:000000000000003f __SREG__
/var/folders/5n/sn67s4dx5cj3x2ns4qywc93r0000gn/T//cctguh06.s:5      *ABS*:0000000000000000 __tmp_reg__
/var/folders/5n/sn67s4dx5cj3x2ns4qywc93r0000gn/T//cctguh06.s:6      *ABS*:0000000000000001 __zero_reg__
/var/folders/5n/sn67s4dx5cj3x2ns4qywc93r0000gn/T//cctguh06.s:129    .text:0000000000000000 timer0Init
/var/folders/5n/sn67s4dx5cj3x2ns4qywc93r0000gn/T//cctguh06.s:165    .text:0000000000000018 initialize_intensity
/var/folders/5n/sn67s4dx5cj3x2ns4qywc93r0000gn/T//cctguh06.s:894    .bss:0000000000000005 intensity
/var/folders/5n/sn67s4dx5cj3x2ns4qywc93r0000gn/T//cctguh06.s:182    .text:000000000000001e next_digit
/var/folders/5n/sn67s4dx5cj3x2ns4qywc93r0000gn/T//cctguh06.s:911    .bss:0000000000000009 placeholder
/var/folders/5n/sn67s4dx5cj3x2ns4qywc93r0000gn/T//cctguh06.s:913    .bss:000000000000000a digits
/var/folders/5n/sn67s4dx5cj3x2ns4qywc93r0000gn/T//cctguh06.s:919    .data:0000000000000002 numbers
/var/folders/5n/sn67s4dx5cj3x2ns4qywc93r0000gn/T//cctguh06.s:904    .data:0000000000000001 clockstat
/var/folders/5n/sn67s4dx5cj3x2ns4qywc93r0000gn/T//cctguh06.s:290    .text:00000000000000a8 timeequals0
/var/folders/5n/sn67s4dx5cj3x2ns4qywc93r0000gn/T//cctguh06.s:314    .text:00000000000000b6 shut_r_down
/var/folders/5n/sn67s4dx5cj3x2ns4qywc93r0000gn/T//cctguh06.s:896    .bss:0000000000000006 fallarm
/var/folders/5n/sn67s4dx5cj3x2ns4qywc93r0000gn/T//cctguh06.s:900    .data:0000000000000000 turnoff_arm
/var/folders/5n/sn67s4dx5cj3x2ns4qywc93r0000gn/T//cctguh06.s:892    .bss:0000000000000003 cyclesinstat
/var/folders/5n/sn67s4dx5cj3x2ns4qywc93r0000gn/T//cctguh06.s:410    .text:0000000000000114 inc_seconds
/var/folders/5n/sn67s4dx5cj3x2ns4qywc93r0000gn/T//cctguh06.s:486    .text:0000000000000170 display_batt
/var/folders/5n/sn67s4dx5cj3x2ns4qywc93r0000gn/T//cctguh06.s:515    .text:0000000000000186 display_volts
/var/folders/5n/sn67s4dx5cj3x2ns4qywc93r0000gn/T//cctguh06.s:559    .text:00000000000001b8 display_intensity
/var/folders/5n/sn67s4dx5cj3x2ns4qywc93r0000gn/T//cctguh06.s:595    .text:00000000000001de __vector_14
/var/folders/5n/sn67s4dx5cj3x2ns4qywc93r0000gn/T//cctguh06.s:909    .bss:0000000000000008 butstat
/var/folders/5n/sn67s4dx5cj3x2ns4qywc93r0000gn/T//cctguh06.s:907    .bss:0000000000000007 laststat
/var/folders/5n/sn67s4dx5cj3x2ns4qywc93r0000gn/T//cctguh06.s:890    .bss:0000000000000001 two_milliseconds.1818
                             .bss:0000000000000000 two_hun_mics.1817

UNDEFINED SYMBOLS
setsleepstat
__udivmodhi4
set_intensity
read_ADC
__do_copy_data
__do_clear_bss
